Archive member included to satisfy reference by file (symbol)

/home/tom/intelFPGA_lite/20.1/nios2eds/bin/gnu/H-x86_64-pc-linux-gnu/bin/../lib/gcc/nios2-elf/9.2.1/../../../../../H-x86_64-pc-linux-gnu/nios2-elf/lib/libc.a(lib_a-ctype_.o)
                              obj/default/network_utilities.o (_ctype_)
/home/tom/intelFPGA_lite/20.1/nios2eds/bin/gnu/H-x86_64-pc-linux-gnu/bin/../lib/gcc/nios2-elf/9.2.1/../../../../../H-x86_64-pc-linux-gnu/nios2-elf/lib/libc.a(lib_a-fprintf.o)
                              obj/default/alt_error_handler.o (fprintf)
/home/tom/intelFPGA_lite/20.1/nios2eds/bin/gnu/H-x86_64-pc-linux-gnu/bin/../lib/gcc/nios2-elf/9.2.1/../../../../../H-x86_64-pc-linux-gnu/nios2-elf/lib/libc.a(lib_a-fwrite.o)
                              obj/default/alt_error_handler.o (fwrite)
/home/tom/intelFPGA_lite/20.1/nios2eds/bin/gnu/H-x86_64-pc-linux-gnu/bin/../lib/gcc/nios2-elf/9.2.1/../../../../../H-x86_64-pc-linux-gnu/nios2-elf/lib/libc.a(lib_a-getchar.o)
                              obj/default/network_utilities.o (getchar)
/home/tom/intelFPGA_lite/20.1/nios2eds/bin/gnu/H-x86_64-pc-linux-gnu/bin/../lib/gcc/nios2-elf/9.2.1/../../../../../H-x86_64-pc-linux-gnu/nios2-elf/lib/libc.a(lib_a-impure.o)
                              obj/default/alt_error_handler.o (_impure_ptr)
/home/tom/intelFPGA_lite/20.1/nios2eds/bin/gnu/H-x86_64-pc-linux-gnu/bin/../lib/gcc/nios2-elf/9.2.1/../../../../../H-x86_64-pc-linux-gnu/nios2-elf/lib/libc.a(lib_a-memcmp.o)
                              obj/default/DELHProtocol.o (memcmp)
/home/tom/intelFPGA_lite/20.1/nios2eds/bin/gnu/H-x86_64-pc-linux-gnu/bin/../lib/gcc/nios2-elf/9.2.1/../../../../../H-x86_64-pc-linux-gnu/nios2-elf/lib/libc.a(lib_a-memcpy.o)
                              obj/default/DELHProtocol.o (memcpy)
/home/tom/intelFPGA_lite/20.1/nios2eds/bin/gnu/H-x86_64-pc-linux-gnu/bin/../lib/gcc/nios2-elf/9.2.1/../../../../../H-x86_64-pc-linux-gnu/nios2-elf/lib/libc.a(lib_a-memset.o)
                              obj/default/DELHProtocol.o (memset)
/home/tom/intelFPGA_lite/20.1/nios2eds/bin/gnu/H-x86_64-pc-linux-gnu/bin/../lib/gcc/nios2-elf/9.2.1/../../../../../H-x86_64-pc-linux-gnu/nios2-elf/lib/libc.a(lib_a-perror.o)
                              obj/default/DELHProtocol.o (perror)
/home/tom/intelFPGA_lite/20.1/nios2eds/bin/gnu/H-x86_64-pc-linux-gnu/bin/../lib/gcc/nios2-elf/9.2.1/../../../../../H-x86_64-pc-linux-gnu/nios2-elf/lib/libc.a(lib_a-printf.o)
                              obj/default/DELHProtocol.o (printf)
/home/tom/intelFPGA_lite/20.1/nios2eds/bin/gnu/H-x86_64-pc-linux-gnu/bin/../lib/gcc/nios2-elf/9.2.1/../../../../../H-x86_64-pc-linux-gnu/nios2-elf/lib/libc.a(lib_a-putchar.o)
                              obj/default/InitializePeriph.o (putchar)
/home/tom/intelFPGA_lite/20.1/nios2eds/bin/gnu/H-x86_64-pc-linux-gnu/bin/../lib/gcc/nios2-elf/9.2.1/../../../../../H-x86_64-pc-linux-gnu/nios2-elf/lib/libc.a(lib_a-puts.o)
                              obj/default/DELHProtocol.o (puts)
/home/tom/intelFPGA_lite/20.1/nios2eds/bin/gnu/H-x86_64-pc-linux-gnu/bin/../lib/gcc/nios2-elf/9.2.1/../../../../../H-x86_64-pc-linux-gnu/nios2-elf/lib/libc.a(lib_a-sprintf.o)
                              obj/default/DELHProtocol.o (sprintf)
/home/tom/intelFPGA_lite/20.1/nios2eds/bin/gnu/H-x86_64-pc-linux-gnu/bin/../lib/gcc/nios2-elf/9.2.1/../../../../../H-x86_64-pc-linux-gnu/nios2-elf/lib/libc.a(lib_a-strcpy.o)
                              obj/default/DELHProtocol.o (strcpy)
/home/tom/intelFPGA_lite/20.1/nios2eds/bin/gnu/H-x86_64-pc-linux-gnu/bin/../lib/gcc/nios2-elf/9.2.1/../../../../../H-x86_64-pc-linux-gnu/nios2-elf/lib/libc.a(lib_a-strerror.o)
                              /home/tom/intelFPGA_lite/20.1/nios2eds/bin/gnu/H-x86_64-pc-linux-gnu/bin/../lib/gcc/nios2-elf/9.2.1/../../../../../H-x86_64-pc-linux-gnu/nios2-elf/lib/libc.a(lib_a-perror.o) (_strerror_r)
/home/tom/intelFPGA_lite/20.1/nios2eds/bin/gnu/H-x86_64-pc-linux-gnu/bin/../lib/gcc/nios2-elf/9.2.1/../../../../../H-x86_64-pc-linux-gnu/nios2-elf/lib/libc.a(lib_a-strlen.o)
                              obj/default/DELHProtocol.o (strlen)
/home/tom/intelFPGA_lite/20.1/nios2eds/bin/gnu/H-x86_64-pc-linux-gnu/bin/../lib/gcc/nios2-elf/9.2.1/../../../../../H-x86_64-pc-linux-gnu/nios2-elf/lib/libc.a(lib_a-strtok.o)
                              obj/default/DELHProtocol.o (strtok)
/home/tom/intelFPGA_lite/20.1/nios2eds/bin/gnu/H-x86_64-pc-linux-gnu/bin/../lib/gcc/nios2-elf/9.2.1/../../../../../H-x86_64-pc-linux-gnu/nios2-elf/lib/libc.a(lib_a-strtok_r.o)
                              /home/tom/intelFPGA_lite/20.1/nios2eds/bin/gnu/H-x86_64-pc-linux-gnu/bin/../lib/gcc/nios2-elf/9.2.1/../../../../../H-x86_64-pc-linux-gnu/nios2-elf/lib/libc.a(lib_a-strtok.o) (__strtok_r)
/home/tom/intelFPGA_lite/20.1/nios2eds/bin/gnu/H-x86_64-pc-linux-gnu/bin/../lib/gcc/nios2-elf/9.2.1/../../../../../H-x86_64-pc-linux-gnu/nios2-elf/lib/libc.a(lib_a-strtoul.o)
                              obj/default/DELHProtocol.o (strtoul)
[...]
Memory Configuration

Name             Origin             Length             Attributes
mem_if_ddr3_emif_0_BEFORE_EXCEPTION 0x0000000008000000 0x0000000000000120
mem_if_ddr3_emif_0 0x0000000008000120 0x0000000007fffee0
ext_flash_avl_mem_BEFORE_RESET 0x0000000014000000 0x0000000000430000
reset            0x0000000014430000 0x0000000000000020
ext_flash_avl_mem 0x0000000014430020 0x0000000003bcffe0
descriptor_memory 0x0000000018000000 0x0000000000002000
*default*        0x0000000000000000 0xffffffffffffffff

Linker script and memory map

LOAD ../MOD_socket_server_bsp//obj/HAL/src/crt0.o
LOAD obj/default/ClockModInit.o
LOAD obj/default/DELHProtocol.o
LOAD obj/default/InitializePeriph.o
LOAD obj/default/alt_error_handler.o
LOAD obj/default/iniche_init.o
LOAD obj/default/led.o
LOAD obj/default/network_utilities.o
LOAD obj/default/simple_socket_server.o
LOAD obj/default/tse_my_system.o
LOAD /home/tom/intelFPGA_lite/20.1/nios2eds/bin/gnu/H-x86_64-pc-linux-gnu/bin/../lib/gcc/nios2-elf/9.2.1/../../../../../H-x86_64-pc-linux-gnu/nios2-elf/lib/libstdc++.a
LOAD /home/tom/intelFPGA_lite/20.1/nios2eds/bin/gnu/H-x86_64-pc-linux-gnu/bin/../lib/gcc/nios2-elf/9.2.1/../../../../../H-x86_64-pc-linux-gnu/nios2-elf/lib/libm.a
LOAD /home/tom/intelFPGA_lite/20.1/nios2eds/bin/gnu/H-x86_64-pc-linux-gnu/bin/../lib/gcc/nios2-elf/9.2.1/libgcc.a
START GROUP
LOAD /home/tom/intelFPGA_lite/20.1/nios2eds/bin/gnu/H-x86_64-pc-linux-gnu/bin/../lib/gcc/nios2-elf/9.2.1/../../../../../H-x86_64-pc-linux-gnu/nios2-elf/lib/libc.a
LOAD /home/tom/intelFPGA_lite/20.1/nios2eds/bin/gnu/H-x86_64-pc-linux-gnu/bin/../lib/gcc/nios2-elf/9.2.1/libgcc.a
LOAD ../MOD_socket_server_bsp//libucosii_bsp.a
LOAD /home/tom/intelFPGA_lite/20.1/nios2eds/bin/gnu/H-x86_64-pc-linux-gnu/bin/../lib/gcc/nios2-elf/9.2.1/../../../../../H-x86_64-pc-linux-gnu/nios2-elf/lib/libm.a
END GROUP
LOAD /home/tom/intelFPGA_lite/20.1/nios2eds/bin/gnu/H-x86_64-pc-linux-gnu/bin/../lib/gcc/nios2-elf/9.2.1/libgcc.a
                0x0000000008000000                __alt_mem_mem_if_ddr3_emif_0 = 0x8000000
                0x0000000014000000                __alt_mem_ext_flash_avl_mem = 0x14000000
                0x0000000018000000                __alt_mem_descriptor_memory = 0x18000000

.entry          0x0000000014430000        0x0
 *(.entry)
 .entry         0x0000000014430000        0x0 ../MOD_socket_server_bsp//obj/HAL/src/crt0.o
                0x0000000014430000                __reset

.exceptions     0x0000000008000120      0x218
                [!provide]                        PROVIDE (__ram_exceptions_start = ABSOLUTE (.))
                0x0000000008000120                . = ALIGN (0x20)
 *(.irq)
 *(.exceptions.entry.label)
 .exceptions.entry.label
                0x0000000008000120        0x0 ../MOD_socket_server_bsp//libucosii_bsp.a(alt_irq_entry.o)
                0x0000000008000120                alt_irq_entry
 .exceptions.entry.label
                0x0000000008000120        0x0 ../MOD_socket_server_bsp//libucosii_bsp.a(alt_exception_entry.o)
                0x0000000008000120                alt_exception
 *(.exceptions.entry.user)
 *(.exceptions.entry.ecc_fatal)
 *(.exceptions.entry)
 .exceptions.entry
                0x0000000008000120       0x54 ../MOD_socket_server_bsp//libucosii_bsp.a(alt_exception_entry.o)
 *(.exceptions.irqtest.user)
 *(.exceptions.irqtest)
 .exceptions.irqtest
                0x0000000008000174       0x10 ../MOD_socket_server_bsp//libucosii_bsp.a(alt_irq_entry.o)
 *(.exceptions.irqhandler.user)
 *(.exceptions.irqhandler)
 .exceptions.irqhandler
                0x0000000008000184        0x4 ../MOD_socket_server_bsp//libucosii_bsp.a(alt_irq_entry.o)
 *(.exceptions.irqreturn.user)
 *(.exceptions.irqreturn)
 .exceptions.irqreturn
                0x0000000008000188        0x4 ../MOD_socket_server_bsp//libucosii_bsp.a(alt_irq_entry.o)
 *(.exceptions.notirq.label)
 .exceptions.notirq.label
                0x000000000800018c        0x0 ../MOD_socket_server_bsp//libucosii_bsp.a(alt_irq_entry.o)
 *(.exceptions.notirq.user)
 *(.exceptions.notirq)
 .exceptions.notirq
                0x000000000800018c        0x8 ../MOD_socket_server_bsp//libucosii_bsp.a(alt_exception_entry.o)
 *(.exceptions.soft.user)
 *(.exceptions.soft)
 *(.exceptions.unknown.user)
 *(.exceptions.unknown)
 .exceptions.unknown
                0x0000000008000194       0x14 ../MOD_socket_server_bsp//libucosii_bsp.a(alt_exception_entry.o)
 *(.exceptions.exit.label)
 .exceptions.exit.label
                0x00000000080001a8        0x0 ../MOD_socket_server_bsp//libucosii_bsp.a(alt_irq_entry.o)
 .exceptions.exit.label
                0x00000000080001a8        0x0 ../MOD_socket_server_bsp//libucosii_bsp.a(alt_exception_entry.o)
 *(.exceptions.exit.user)
 *(.exceptions.exit)
 .exceptions.exit
                0x00000000080001a8       0x54 ../MOD_socket_server_bsp//libucosii_bsp.a(alt_exception_entry.o)
 *(.exceptions)
 .exceptions    0x00000000080001fc       0xc8 ../MOD_socket_server_bsp//libucosii_bsp.a(alt_irq_handler.o)
                0x00000000080001fc                alt_irq_handler
 .exceptions    0x00000000080002c4       0x74 ../MOD_socket_server_bsp//libucosii_bsp.a(alt_instruction_exception_entry.o)
                0x00000000080002c4                alt_instruction_exception_entry
                [!provide]                        PROVIDE (__ram_exceptions_end = ABSOLUTE (.))
                [!provide]                        PROVIDE (__flash_exceptions_start = LOADADDR (.exceptions))

.text           0x0000000008000338    0x4f0c4
                [!provide]                        PROVIDE (stext = ABSOLUTE (.))
 *(.interp)
 *(.hash)
 *(.dynsym)
 *(.dynstr)
 *(.gnu.version)
 *(.gnu.version_d)
 *(.gnu.version_r)
 *(.rel.init)
 *(.rela.init)
 *(.rel.text .rel.text.* .rel.gnu.linkonce.t.*)
 *(.rela.text .rela.text.* .rela.gnu.linkonce.t.*)
 *(.rel.fini)
 *(.rela.fini)
 *(.rel.rodata .rel.rodata.* .rel.gnu.linkonce.r.*)
 *(.rela.rodata .rela.rodata.* .rela.gnu.linkonce.r.*)
 *(.rel.data .rel.data.* .rel.gnu.linkonce.d.*)
 *(.rela.data .rela.data.* .rela.gnu.linkonce.d.*)
 *(.rel.tdata .rel.tdata.* .rel.gnu.linkonce.td.*)
 *(.rela.tdata .rela.tdata.* .rela.gnu.linkonce.td.*)
 *(.rel.tbss .rel.tbss.* .rel.gnu.linkonce.tb.*)
 *(.rela.tbss .rela.tbss.* .rela.gnu.linkonce.tb.*)
 *(.rel.ctors)
 *(.rela.ctors)
 *(.rel.dtors)
 *(.rela.dtors)
 *(.rel.got)
 *(.rela.got)
 *(.rel.sdata .rel.sdata.* .rel.gnu.linkonce.s.*)
 *(.rela.sdata .rela.sdata.* .rela.gnu.linkonce.s.*)
 *(.rel.sbss .rel.sbss.* .rel.gnu.linkonce.sb.*)
 *(.rela.sbss .rela.sbss.* .rela.gnu.linkonce.sb.*)
 *(.rel.sdata2 .rel.sdata2.* .rel.gnu.linkonce.s2.*)
 *(.rela.sdata2 .rela.sdata2.* .rela.gnu.linkonce.s2.*)
 *(.rel.sbss2 .rel.sbss2.* .rel.gnu.linkonce.sb2.*)
 *(.rela.sbss2 .rela.sbss2.* .rela.gnu.linkonce.sb2.*)
 *(.rel.bss .rel.bss.* .rel.gnu.linkonce.b.*)
 *(.rela.bss .rela.bss.* .rela.gnu.linkonce.b.*)
 *(.rel.plt)
 *(.rela.plt)
 *(.rel.dyn)
 *(.init)
 *(.plt)
 *(.text .stub .text.* .gnu.linkonce.t.*)
 .text          0x0000000008000338       0x48 ../MOD_socket_server_bsp//obj/HAL/src/crt0.o
                0x0000000008000338                _start
 .text          0x0000000008000380       0xa0 obj/default/ClockModInit.o
                0x0000000008000380                ParseClockRec
 .text          0x0000000008000420     0x1fec obj/default/DELHProtocol.o
                0x0000000008000420                initChan
                0x0000000008000494                addChan
                0x000000000800053c                delChan
                0x00000000080005ec                findfdChan
                0x0000000008000664                findExistingChan
                0x000000000800071c                buildaddChan
                0x00000000080007b0                allListeners
                0x0000000008000840                ProcessRxPacket
                0x00000000080009b4                DiscChanMessage
                0x0000000008000d10                ProvChanMessage
                0x0000000008000ed4                ConfigChanMessage
                0x0000000008000f18                TrafficChanMessage
                0x0000000008000f5c                ProvisioningLEDCommand
                0x0000000008001184                SI5345
                0x0000000008001334                ZEDF9T
                0x0000000008001724                AD9648
                0x00000000080018d8                ATECC608
                0x0000000008001d34                PCF8574
                0x0000000008001f14                ProvisioningModuleRegisterCommand
                0x00000000080020a4                initItfcMap
                0x0000000008002384                FindItfcIndex
 .text          0x000000000800240c      0x6ec obj/default/InitializePeriph.o
                0x000000000800240c                initPeriph
                0x0000000008002454                SynthInit
                0x0000000008002898                GPSInit
 .text          0x0000000008002af8      0xbb8 obj/default/alt_error_handler.o
                0x0000000008002af8                alt_uCOSIIErrorHandler
                0x0000000008003194                alt_NetworkErrorHandler
                0x0000000008003408                alt_SSSErrorHandler
 .text          0x00000000080036b0       0xf0 obj/default/iniche_init.o
                0x00000000080036b0                SSSInitialTask
                0x0000000008003720                main
 .text          0x00000000080037a0      0x148 obj/default/led.o
                0x00000000080037a0                led_bit_toggle
                0x0000000008003890                LEDManagementTask
 .text          0x00000000080038e8      0x420 obj/default/network_utilities.o
                0x00000000080038e8                get_mac_addr
                0x000000000800393c                get_ip_addr
                0x0000000008003998                get_serial_number
                0x0000000008003b2c                generate_and_store_mac_addr
                0x0000000008003b80                generate_mac_addr
                0x0000000008003cb0                get_board_mac_addr
                0x0000000008003cdc                FindLastFlashSectorOffset
 .text          0x0000000008003d08      0x2d4 obj/default/simple_socket_server.o
                0x0000000008003d08                SSSCreateOSDataStructs
                0x0000000008003d8c                SSSCreateTasks
                0x0000000008003e08                SSSSimpleSocketServerTask
 .text          0x0000000008003fdc        0x0 obj/default/tse_my_system.o
 .text          0x0000000008003fdc        0x0 /home/tom/intelFPGA_lite/20.1/nios2eds/bin/gnu/H-x86_64-pc-linux-gnu/bin/../lib/gcc/nios2-elf/9.2.1/../../../../../H-x86_64-pc-linux-gnu/nios2-elf/lib/libc.a(lib_a-ctype_.o)
 .text          0x0000000008003fdc        0x0 /home/tom/intelFPGA_lite/20.1/nios2eds/bin/gnu/H-x86_64-pc-linux-gnu/bin/../lib/gcc/nios2-elf/9.2.1/../../../../../H-x86_64-pc-linux-gnu/nios2-elf/lib/libc.a(lib_a-fprintf.o)
 .text._fprintf_r
                0x0000000008003fdc       0x28 /home/tom/intelFPGA_lite/20.1/nios2eds/bin/gnu/H-x86_64-pc-linux-gnu/bin/../lib/gcc/nios2-elf/9.2.1/../../../../../H-x86_64-pc-linux-gnu/nios2-elf/lib/libc.a(lib_a-fprintf.o)
                0x0000000008003fdc                _fprintf_r
 .text.fprintf  0x0000000008004004       0x24 /home/tom/intelFPGA_lite/20.1/nios2eds/bin/gnu/H-x86_64-pc-linux-gnu/bin/../lib/gcc/nios2-elf/9.2.1/../../../../../H-x86_64-pc-linux-gnu/nios2-elf/lib/libc.a(lib_a-fprintf.o)
                0x0000000008004004                fprintf
 .text          0x0000000008004028        0x0 /home/tom/intelFPGA_lite/20.1/nios2eds/bin/gnu/H-x86_64-pc-linux-gnu/bin/../lib/gcc/nios2-elf/9.2.1/../../../../../H-x86_64-pc-linux-gnu/nios2-elf/lib/libc.a(lib_a-fwrite.o)
 .text._fwrite_r
                0x0000000008004028       0xc4 /home/tom/intelFPGA_lite/20.1/nios2eds/bin/gnu/H-x86_64-pc-linux-gnu/bin/../lib/gcc/nios2-elf/9.2.1/../../../../../H-x86_64-pc-linux-gnu/nios2-elf/lib/libc.a(lib_a-fwrite.o)
                0x0000000008004028                _fwrite_r
 .text.fwrite   0x00000000080040ec       0x34 /home/tom/intelFPGA_lite/20.1/nios2eds/bin/gnu/H-x86_64-pc-linux-gnu/bin/../lib/gcc/nios2-elf/9.2.1/../../../../../H-x86_64-pc-linux-gnu/nios2-elf/lib/libc.a(lib_a-fwrite.o)
                0x00000000080040ec                fwrite
 .text          0x0000000008004120        0x0 /home/tom/intelFPGA_lite/20.1/nios2eds/bin/gnu/H-x86_64-pc-linux-gnu/bin/../lib/gcc/nios2-elf/9.2.1/../../../../../H-x86_64-pc-linux-gnu/nios2-elf/lib/libc.a(lib_a-getchar.o)
 .text._getchar_r
                0x0000000008004120        0x8 /home/tom/intelFPGA_lite/20.1/nios2eds/bin/gnu/H-x86_64-pc-linux-gnu/bin/../lib/gcc/nios2-elf/9.2.1/../../../../../H-x86_64-pc-linux-gnu/nios2-elf/lib/libc.a(lib_a-getchar.o)
                0x0000000008004120                _getchar_r
 .text.getchar  0x0000000008004128       0x10 /home/tom/intelFPGA_lite/20.1/nios2eds/bin/gnu/H-x86_64-pc-linux-gnu/bin/../lib/gcc/nios2-elf/9.2.1/../../../../../H-x86_64-pc-linux-gnu/nios2-elf/lib/libc.a(lib_a-getchar.o)
                0x0000000008004128                getchar
 .text          0x0000000008004138        0x0 /home/tom/intelFPGA_lite/20.1/nios2eds/bin/gnu/H-x86_64-pc-linux-gnu/bin/../lib/gcc/nios2-elf/9.2.1/../../../../../H-x86_64-pc-linux-gnu/nios2-elf/lib/libc.a(lib_a-impure.o)
 .text          0x0000000008004138        0x0 /home/tom/intelFPGA_lite/20.1/nios2eds/bin/gnu/H-x86_64-pc-linux-gnu/bin/../lib/gcc/nios2-elf/9.2.1/../../../../../H-x86_64-pc-linux-gnu/nios2-elf/lib/libc.a(lib_a-memcmp.o)
 .text.memcmp   0x0000000008004138       0x78 /home/tom/intelFPGA_lite/20.1/nios2eds/bin/gnu/H-x86_64-pc-linux-gnu/bin/../lib/gcc/nios2-elf/9.2.1/../../../../../H-x86_64-pc-linux-gnu/nios2-elf/lib/libc.a(lib_a-memcmp.o)
                0x0000000008004138                memcmp
 .text          0x00000000080041b0        0x0 /home/tom/intelFPGA_lite/20.1/nios2eds/bin/gnu/H-x86_64-pc-linux-gnu/bin/../lib/gcc/nios2-elf/9.2.1/../../../../../H-x86_64-pc-linux-gnu/nios2-elf/lib/libc.a(lib_a-memcpy.o)
 .text.memcpy   0x00000000080041b0      0x100 /home/tom/intelFPGA_lite/20.1/nios2eds/bin/gnu/H-x86_64-pc-linux-gnu/bin/../lib/gcc/nios2-elf/9.2.1/../../../../../H-x86_64-pc-linux-gnu/nios2-elf/lib/libc.a(lib_a-memcpy.o)
                0x00000000080041b0                memcpy
 .text          0x00000000080042b0        0x0 /home/tom/intelFPGA_lite/20.1/nios2eds/bin/gnu/H-x86_64-pc-linux-gnu/bin/../lib/gcc/nios2-elf/9.2.1/../../../../../H-x86_64-pc-linux-gnu/nios2-elf/lib/libc.a(lib_a-memset.o)
 .text.memset   0x00000000080042b0       0xf0 /home/tom/intelFPGA_lite/20.1/nios2eds/bin/gnu/H-x86_64-pc-linux-gnu/bin/../lib/gcc/nios2-elf/9.2.1/../../../../../H-x86_64-pc-linux-gnu/nios2-elf/lib/libc.a(lib_a-memset.o)
                0x00000000080042b0                memset
 .text          0x00000000080043a0        0x0 /home/tom/intelFPGA_lite/20.1/nios2eds/bin/gnu/H-x86_64-pc-linux-gnu/bin/../lib/gcc/nios2-elf/9.2.1/../../../../../H-x86_64-pc-linux-gnu/nios2-elf/lib/libc.a(lib_a-perror.o)
 .text._perror_r
                0x00000000080043a0      0x188 /home/tom/intelFPGA_lite/20.1/nios2eds/bin/gnu/H-x86_64-pc-linux-gnu/bin/../lib/gcc/nios2-elf/9.2.1/../../../../../H-x86_64-pc-linux-gnu/nios2-elf/lib/libc.a(lib_a-perror.o)
                0x00000000080043a0                _perror_r
 .text.perror   0x0000000008004528       0x10 /home/tom/intelFPGA_lite/20.1/nios2eds/bin/gnu/H-x86_64-pc-linux-gnu/bin/../lib/gcc/nios2-elf/9.2.1/../../../../../H-x86_64-pc-linux-gnu/nios2-elf/lib/libc.a(lib_a-perror.o)
                0x0000000008004528                perror
 .text          0x0000000008004538        0x0 /home/tom/intelFPGA_lite/20.1/nios2eds/bin/gnu/H-x86_64-pc-linux-gnu/bin/../lib/gcc/nios2-elf/9.2.1/../../../../../H-x86_64-pc-linux-gnu/nios2-elf/lib/libc.a(lib_a-printf.o)
 .text._printf_r
                0x0000000008004538       0x30 /home/tom/intelFPGA_lite/20.1/nios2eds/bin/gnu/H-x86_64-pc-linux-gnu/bin/../lib/gcc/nios2-elf/9.2.1/../../../../../H-x86_64-pc-linux-gnu/nios2-elf/lib/libc.a(lib_a-printf.o)
                0x0000000008004538                _printf_r
 .text.printf   0x0000000008004568       0x38 /home/tom/intelFPGA_lite/20.1/nios2eds/bin/gnu/H-x86_64-pc-linux-gnu/bin/../lib/gcc/nios2-elf/9.2.1/../../../../../H-x86_64-pc-linux-gnu/nios2-elf/lib/libc.a(lib_a-printf.o)
                0x0000000008004568                printf
 .text          0x00000000080045a0        0x0 /home/tom/intelFPGA_lite/20.1/nios2eds/bin/gnu/H-x86_64-pc-linux-gnu/bin/../lib/gcc/nios2-elf/9.2.1/../../../../../H-x86_64-pc-linux-gnu/nios2-elf/lib/libc.a(lib_a-putchar.o)
 .text._putchar_r
                0x00000000080045a0        0x8 /home/tom/intelFPGA_lite/20.1/nios2eds/bin/gnu/H-x86_64-pc-linux-gnu/bin/../lib/gcc/nios2-elf/9.2.1/../../../../../H-x86_64-pc-linux-gnu/nios2-elf/lib/libc.a(lib_a-putchar.o)
                0x00000000080045a0                _putchar_r
 .text.putchar  0x00000000080045a8       0x18 /home/tom/intelFPGA_lite/20.1/nios2eds/bin/gnu/H-x86_64-pc-linux-gnu/bin/../lib/gcc/nios2-elf/9.2.1/../../../../../H-x86_64-pc-linux-gnu/nios2-elf/lib/libc.a(lib_a-putchar.o)
                0x00000000080045a8                putchar
 .text          0x00000000080045c0        0x0 /home/tom/intelFPGA_lite/20.1/nios2eds/bin/gnu/H-x86_64-pc-linux-gnu/bin/../lib/gcc/nios2-elf/9.2.1/../../../../../H-x86_64-pc-linux-gnu/nios2-elf/lib/libc.a(lib_a-puts.o)
 .text._puts_r  0x00000000080045c0       0xcc /home/tom/intelFPGA_lite/20.1/nios2eds/bin/gnu/H-x86_64-pc-linux-gnu/bin/../lib/gcc/nios2-elf/9.2.1/../../../../../H-x86_64-pc-linux-gnu/nios2-elf/lib/libc.a(lib_a-puts.o)
                0x00000000080045c0                _puts_r
 .text.puts     0x000000000800468c       0x10 /home/tom/intelFPGA_lite/20.1/nios2eds/bin/gnu/H-x86_64-pc-linux-gnu/bin/../lib/gcc/nios2-elf/9.2.1/../../../../../H-x86_64-pc-linux-gnu/nios2-elf/lib/libc.a(lib_a-puts.o)
                0x000000000800468c                puts
 .text          0x000000000800469c        0x0 /home/tom/intelFPGA_lite/20.1/nios2eds/bin/gnu/H-x86_64-pc-linux-gnu/bin/../lib/gcc/nios2-elf/9.2.1/../../../../../H-x86_64-pc-linux-gnu/nios2-elf/lib/libc.a(lib_a-sprintf.o)
 .text._sprintf_r
                0x000000000800469c       0x54 /home/tom/intelFPGA_lite/20.1/nios2eds/bin/gnu/H-x86_64-pc-linux-gnu/bin/../lib/gcc/nios2-elf/9.2.1/../../../../../H-x86_64-pc-linux-gnu/nios2-elf/lib/libc.a(lib_a-sprintf.o)
                0x000000000800469c                _sprintf_r
 .text.sprintf  0x00000000080046f0       0x64 /home/tom/intelFPGA_lite/20.1/nios2eds/bin/gnu/H-x86_64-pc-linux-gnu/bin/../lib/gcc/nios2-elf/9.2.1/../../../../../H-x86_64-pc-linux-gnu/nios2-elf/lib/libc.a(lib_a-sprintf.o)
                0x00000000080046f0                sprintf
 .text          0x0000000008004754        0x0 /home/tom/intelFPGA_lite/20.1/nios2eds/bin/gnu/H-x86_64-pc-linux-gnu/bin/../lib/gcc/nios2-elf/9.2.1/../../../../../H-x86_64-pc-linux-gnu/nios2-elf/lib/libc.a(lib_a-strcpy.o)
 .text.strcpy   0x0000000008004754       0x8c /home/tom/intelFPGA_lite/20.1/nios2eds/bin/gnu/H-x86_64-pc-linux-gnu/bin/../lib/gcc/nios2-elf/9.2.1/../../../../../H-x86_64-pc-linux-gnu/nios2-elf/lib/libc.a(lib_a-strcpy.o)
                0x0000000008004754                strcpy
 .text          0x00000000080047e0        0x0 /home/tom/intelFPGA_lite/20.1/nios2eds/bin/gnu/H-x86_64-pc-linux-gnu/bin/../lib/gcc/nios2-elf/9.2.1/../../../../../H-x86_64-pc-linux-gnu/nios2-elf/lib/libc.a(lib_a-strerror.o)
 .text._strerror_r
                0x00000000080047e0      0x65c /home/tom/intelFPGA_lite/20.1/nios2eds/bin/gnu/H-x86_64-pc-linux-gnu/bin/../lib/gcc/nios2-elf/9.2.1/../../../../../H-x86_64-pc-linux-gnu/nios2-elf/lib/libc.a(lib_a-strerror.o)
                0x00000000080047e0                _strerror_r
 .text.strerror
                0x0000000008004e3c       0x18 /home/tom/intelFPGA_lite/20.1/nios2eds/bin/gnu/H-x86_64-pc-linux-gnu/bin/../lib/gcc/nios2-elf/9.2.1/../../../../../H-x86_64-pc-linux-gnu/nios2-elf/lib/libc.a(lib_a-strerror.o)
                0x0000000008004e3c                strerror
 .text.strerror_l
                0x0000000008004e54       0x18 /home/tom/intelFPGA_lite/20.1/nios2eds/bin/gnu/H-x86_64-pc-linux-gnu/bin/../lib/gcc/nios2-elf/9.2.1/../../../../../H-x86_64-pc-linux-gnu/nios2-elf/lib/libc.a(lib_a-strerror.o)
                0x0000000008004e54                strerror_l
 .text          0x0000000008004e6c        0x0 /home/tom/intelFPGA_lite/20.1/nios2eds/bin/gnu/H-x86_64-pc-linux-gnu/bin/../lib/gcc/nios2-elf/9.2.1/../../../../../H-x86_64-pc-linux-gnu/nios2-elf/lib/libc.a(lib_a-strlen.o)
 .text.strlen   0x0000000008004e6c       0x98 /home/tom/intelFPGA_lite/20.1/nios2eds/bin/gnu/H-x86_64-pc-linux-gnu/bin/../lib/gcc/nios2-elf/9.2.1/../../../../../H-x86_64-pc-linux-gnu/nios2-elf/lib/libc.a(lib_a-strlen.o)
                0x0000000008004e6c                strlen
 .text          0x0000000008004f04        0x0 /home/tom/intelFPGA_lite/20.1/nios2eds/bin/gnu/H-x86_64-pc-linux-gnu/bin/../lib/gcc/nios2-elf/9.2.1/../../../../../H-x86_64-pc-linux-gnu/nios2-elf/lib/libc.a(lib_a-strtok.o)
 .text.strtok   0x0000000008004f04       0x14 /home/tom/intelFPGA_lite/20.1/nios2eds/bin/gnu/H-x86_64-pc-linux-gnu/bin/../lib/gcc/nios2-elf/9.2.1/../../../../../H-x86_64-pc-linux-gnu/nios2-elf/lib/libc.a(lib_a-strtok.o)
                0x0000000008004f04                strtok
 .text          0x0000000008004f18        0x0 /home/tom/intelFPGA_lite/20.1/nios2eds/bin/gnu/H-x86_64-pc-linux-gnu/bin/../lib/gcc/nios2-elf/9.2.1/../../../../../H-x86_64-pc-linux-gnu/nios2-elf/lib/libc.a(lib_a-strtok_r.o)
 .text.__strtok_r
                0x0000000008004f18       0xa4 /home/tom/intelFPGA_lite/20.1/nios2eds/bin/gnu/H-x86_64-pc-linux-gnu/bin/../lib/gcc/nios2-elf/9.2.1/../../../../../H-x86_64-pc-linux-gnu/nios2-elf/lib/libc.a(lib_a-strtok_r.o)
                0x0000000008004f18                __strtok_r
 .text.strtok_r
                0x0000000008004fbc        0x8 /home/tom/intelFPGA_lite/20.1/nios2eds/bin/gnu/H-x86_64-pc-linux-gnu/bin/../lib/gcc/nios2-elf/9.2.1/../../../../../H-x86_64-pc-linux-gnu/nios2-elf/lib/libc.a(lib_a-strtok_r.o)
                0x0000000008004fbc                strtok_r
 .text          0x0000000008004fc4        0x0 /home/tom/intelFPGA_lite/20.1/nios2eds/bin/gnu/H-x86_64-pc-linux-gnu/bin/../lib/gcc/nios2-elf/9.2.1/../../../../../H-x86_64-pc-linux-gnu/nios2-elf/lib/libc.a(lib_a-strtoul.o)
 .text._strtoul_l.isra.0
                0x0000000008004fc4      0x248 /home/tom/intelFPGA_lite/20.1/nios2eds/bin/gnu/H-x86_64-pc-linux-gnu/bin/../lib/gcc/nios2-elf/9.2.1/../../../../../H-x86_64-pc-linux-gnu/nios2-elf/lib/libc.a(lib_a-strtoul.o)
 .text._strtoul_r
                0x000000000800520c        0x4 /home/tom/intelFPGA_lite/20.1/nios2eds/bin/gnu/H-x86_64-pc-linux-gnu/bin/../lib/gcc/nios2-elf/9.2.1/../../../../../H-x86_64-pc-linux-gnu/nios2-elf/lib/libc.a(lib_a-strtoul.o)
                0x000000000800520c                _strtoul_r
 .text.strtoul_l
                0x0000000008005210       0x1c /home/tom/intelFPGA_lite/20.1/nios2eds/bin/gnu/H-x86_64-pc-linux-gnu/bin/../lib/gcc/nios2-elf/9.2.1/../../../../../H-x86_64-pc-linux-gnu/nios2-elf/lib/libc.a(lib_a-strtoul.o)
                0x0000000008005210                strtoul_l
 .text.strtoul  0x000000000800522c       0x1c /home/tom/intelFPGA_lite/20.1/nios2eds/bin/gnu/H-x86_64-pc-linux-gnu/bin/../lib/gcc/nios2-elf/9.2.1/../../../../../H-x86_64-pc-linux-gnu/nios2-elf/lib/libc.a(lib_a-strtoul.o)
                0x000000000800522c                strtoul
 .text          0x0000000008005248        0x0 /home/tom/intelFPGA_lite/20.1/nios2eds/bin/gnu/H-x86_64-pc-linux-gnu/bin/../lib/gcc/nios2-elf/9.2.1/../../../../../H-x86_64-pc-linux-gnu/nios2-elf/lib/libc.a(lib_a-svfprintf.o)
 .text.___svfprintf_internal_r
                0x0000000008005248     0x209c /home/tom/intelFPGA_lite/20.1/nios2eds/bin/gnu/H-x86_64-pc-linux-gnu/bin/../lib/gcc/nios2-elf/9.2.1/../../../../../H-x86_64-pc-linux-gnu/nios2-elf/lib/libc.a(lib_a-svfprintf.o)
                0x0000000008005248                ___svfprintf_internal_r
 .text          0x00000000080072e4        0x0 /home/tom/intelFPGA_lite/20.1/nios2eds/bin/gnu/H-x86_64-pc-linux-gnu/bin/../lib/gcc/nios2-elf/9.2.1/../../../../../H-x86_64-pc-linux-gnu/nios2-elf/lib/libc.a(lib_a-u_strerr.o)
 .text._user_strerror
                0x00000000080072e4        0x8 /home/tom/intelFPGA_lite/20.1/nios2eds/bin/gnu/H-x86_64-pc-linux-gnu/bin/../lib/gcc/nios2-elf/9.2.1/../../../../../H-x86_64-pc-linux-gnu/nios2-elf/lib/libc.a(lib_a-u_strerr.o)
                0x00000000080072e4                _user_strerror
 .text          0x00000000080072ec        0x0 /home/tom/intelFPGA_lite/20.1/nios2eds/bin/gnu/H-x86_64-pc-linux-gnu/bin/../lib/gcc/nios2-elf/9.2.1/../../../../../H-x86_64-pc-linux-gnu/nios2-elf/lib/libc.a(lib_a-vfprintf.o)
 .text.___vfprintf_internal_r
                0x00000000080072ec     0x20dc /home/tom/intelFPGA_lite/20.1/nios2eds/bin/gnu/H-x86_64-pc-linux-gnu/bin/../lib/gcc/nios2-elf/9.2.1/../../../../../H-x86_64-pc-linux-gnu/nios2-elf/lib/libc.a(lib_a-vfprintf.o)
                0x00000000080072ec                ___vfprintf_internal_r
 .text.__vfprintf_internal
                0x00000000080093c8       0x1c /home/tom/intelFPGA_lite/20.1/nios2eds/bin/gnu/H-x86_64-pc-linux-gnu/bin/../lib/gcc/nios2-elf/9.2.1/../../../../../H-x86_64-pc-linux-gnu/nios2-elf/lib/libc.a(lib_a-vfprintf.o)
                0x00000000080093c8                __vfprintf_internal
 .text.__sbprintf
                0x00000000080093e4       0xc0 /home/tom/intelFPGA_lite/20.1/nios2eds/bin/gnu/H-x86_64-pc-linux-gnu/bin/../lib/gcc/nios2-elf/9.2.1/../../../../../H-x86_64-pc-linux-gnu/nios2-elf/lib/libc.a(lib_a-vfprintf.o)
 .text          0x00000000080094a4        0x0 /home/tom/intelFPGA_lite/20.1/nios2eds/bin/gnu/H-x86_64-pc-linux-gnu/bin/../lib/gcc/nios2-elf/9.2.1/../../../../../H-x86_64-pc-linux-gnu/nios2-elf/lib/libc.a(lib_a-writer.o)
 .text._write_r
                0x00000000080094a4       0x64 /home/tom/intelFPGA_lite/20.1/nios2eds/bin/gnu/H-x86_64-pc-linux-gnu/bin/../lib/gcc/nios2-elf/9.2.1/../../../../../H-x86_64-pc-linux-gnu/nios2-elf/lib/libc.a(lib_a-writer.o)
                0x00000000080094a4                _write_r
 .text          0x0000000008009508        0x0 /home/tom/intelFPGA_lite/20.1/nios2eds/bin/gnu/H-x86_64-pc-linux-gnu/bin/../lib/gcc/nios2-elf/9.2.1/../../../../../H-x86_64-pc-linux-gnu/nios2-elf/lib/libc.a(lib_a-wsetup.o)
 .text.__swsetup_r
                0x0000000008009508      0x15c /home/tom/intelFPGA_lite/20.1/nios2eds/bin/gnu/H-x86_64-pc-linux-gnu/bin/../lib/gcc/nios2-elf/9.2.1/../../../../../H-x86_64-pc-linux-gnu/nios2-elf/lib/libc.a(lib_a-wsetup.o)
                0x0000000008009508                __swsetup_r
 .text          0x0000000008009664        0x0 /home/tom/intelFPGA_lite/20.1/nios2eds/bin/gnu/H-x86_64-pc-linux-gnu/bin/../lib/gcc/nios2-elf/9.2.1/../../../../../H-x86_64-pc-linux-gnu/nios2-elf/lib/libc.a(lib_a-dtoa.o)
 .text.quorem   0x0000000008009664      0x1fc /home/tom/intelFPGA_lite/20.1/nios2eds/bin/gnu/H-x86_64-pc-linux-gnu/bin/../lib/gcc/nios2-elf/9.2.1/../../../../../H-x86_64-pc-linux-gnu/nios2-elf/lib/libc.a(lib_a-dtoa.o)
 .text._dtoa_r  0x0000000008009860     0x1750 /home/tom/intelFPGA_lite/20.1/nios2eds/bin/gnu/H-x86_64-pc-linux-gnu/bin/../lib/gcc/nios2-elf/9.2.1/../../../../../H-x86_64-pc-linux-gnu/nios2-elf/lib/libc.a(lib_a-dtoa.o)
                0x0000000008009860                _dtoa_r
 .text          0x000000000800afb0        0x0 /home/tom/intelFPGA_lite/20.1/nios2eds/bin/gnu/H-x86_64-pc-linux-gnu/bin/../lib/gcc/nios2-elf/9.2.1/../../../../../H-x86_64-pc-linux-gnu/nios2-elf/lib/libc.a(lib_a-fflush.o)
 .text.__sflush_r
                0x000000000800afb0      0x228 /home/tom/intelFPGA_lite/20.1/nios2eds/bin/gnu/H-x86_64-pc-linux-gnu/bin/../lib/gcc/nios2-elf/9.2.1/../../../../../H-x86_64-pc-linux-gnu/nios2-elf/lib/libc.a(lib_a-fflush.o)
                0x000000000800afb0                __sflush_r
 .text._fflush_r
                0x000000000800b1d8       0x60 /home/tom/intelFPGA_lite/20.1/nios2eds/bin/gnu/H-x86_64-pc-linux-gnu/bin/../lib/gcc/nios2-elf/9.2.1/../../../../../H-x86_64-pc-linux-gnu/nios2-elf/lib/libc.a(lib_a-fflush.o)
                0x000000000800b1d8                _fflush_r
 .text.fflush   0x000000000800b238       0x28 /home/tom/intelFPGA_lite/20.1/nios2eds/bin/gnu/H-x86_64-pc-linux-gnu/bin/../lib/gcc/nios2-elf/9.2.1/../../../../../H-x86_64-pc-linux-gnu/nios2-elf/lib/libc.a(lib_a-fflush.o)
                0x000000000800b238                fflush
 .text          0x000000000800b260        0x0 /home/tom/intelFPGA_lite/20.1/nios2eds/bin/gnu/H-x86_64-pc-linux-gnu/bin/../lib/gcc/nios2-elf/9.2.1/../../../../../H-x86_64-pc-linux-gnu/nios2-elf/lib/libc.a(lib_a-fileno.o)
 .text.fileno   0x000000000800b260       0x64 /home/tom/intelFPGA_lite/20.1/nios2eds/bin/gnu/H-x86_64-pc-linux-gnu/bin/../lib/gcc/nios2-elf/9.2.1/../../../../../H-x86_64-pc-linux-gnu/nios2-elf/lib/libc.a(lib_a-fileno.o)
                0x000000000800b260                fileno
 .text          0x000000000800b2c4        0x0 /home/tom/intelFPGA_lite/20.1/nios2eds/bin/gnu/H-x86_64-pc-linux-gnu/bin/../lib/gcc/nios2-elf/9.2.1/../../../../../H-x86_64-pc-linux-gnu/nios2-elf/lib/libc.a(lib_a-findfp.o)
 .text.__fp_lock
                0x000000000800b2c4        0x8 /home/tom/intelFPGA_lite/20.1/nios2eds/bin/gnu/H-x86_64-pc-linux-gnu/bin/../lib/gcc/nios2-elf/9.2.1/../../../../../H-x86_64-pc-linux-gnu/nios2-elf/lib/libc.a(lib_a-findfp.o)
 .text._cleanup_r
                0x000000000800b2cc        0xc /home/tom/intelFPGA_lite/20.1/nios2eds/bin/gnu/H-x86_64-pc-linux-gnu/bin/../lib/gcc/nios2-elf/9.2.1/../../../../../H-x86_64-pc-linux-gnu/nios2-elf/lib/libc.a(lib_a-findfp.o)
                0x000000000800b2cc                _cleanup_r
 .text.__sinit.part.0
                0x000000000800b2d8      0x168 /home/tom/intelFPGA_lite/20.1/nios2eds/bin/gnu/H-x86_64-pc-linux-gnu/bin/../lib/gcc/nios2-elf/9.2.1/../../../../../H-x86_64-pc-linux-gnu/nios2-elf/lib/libc.a(lib_a-findfp.o)
 .text.__fp_unlock
                0x000000000800b440        0x8 /home/tom/intelFPGA_lite/20.1/nios2eds/bin/gnu/H-x86_64-pc-linux-gnu/bin/../lib/gcc/nios2-elf/9.2.1/../../../../../H-x86_64-pc-linux-gnu/nios2-elf/lib/libc.a(lib_a-findfp.o)
 .text.__sfmoreglue
                0x000000000800b448       0x68 /home/tom/intelFPGA_lite/20.1/nios2eds/bin/gnu/H-x86_64-pc-linux-gnu/bin/../lib/gcc/nios2-elf/9.2.1/../../../../../H-x86_64-pc-linux-gnu/nios2-elf/lib/libc.a(lib_a-findfp.o)
                0x000000000800b448                __sfmoreglue
 .text.__sfp    0x000000000800b4b0       0xfc /home/tom/intelFPGA_lite/20.1/nios2eds/bin/gnu/H-x86_64-pc-linux-gnu/bin/../lib/gcc/nios2-elf/9.2.1/../../../../../H-x86_64-pc-linux-gnu/nios2-elf/lib/libc.a(lib_a-findfp.o)
                0x000000000800b4b0                __sfp
 .text._cleanup
                0x000000000800b5ac       0x14 /home/tom/intelFPGA_lite/20.1/nios2eds/bin/gnu/H-x86_64-pc-linux-gnu/bin/../lib/gcc/nios2-elf/9.2.1/../../../../../H-x86_64-pc-linux-gnu/nios2-elf/lib/libc.a(lib_a-findfp.o)
                0x000000000800b5ac                _cleanup
 .text.__sinit  0x000000000800b5c0       0x10 /home/tom/intelFPGA_lite/20.1/nios2eds/bin/gnu/H-x86_64-pc-linux-gnu/bin/../lib/gcc/nios2-elf/9.2.1/../../../../../H-x86_64-pc-linux-gnu/nios2-elf/lib/libc.a(lib_a-findfp.o)
                0x000000000800b5c0                __sinit
 .text.__sfp_lock_acquire
                0x000000000800b5d0        0x4 /home/tom/intelFPGA_lite/20.1/nios2eds/bin/gnu/H-x86_64-pc-linux-gnu/bin/../lib/gcc/nios2-elf/9.2.1/../../../../../H-x86_64-pc-linux-gnu/nios2-elf/lib/libc.a(lib_a-findfp.o)
                0x000000000800b5d0                __sfp_lock_acquire
 .text.__sfp_lock_release
                0x000000000800b5d4        0x4 /home/tom/intelFPGA_lite/20.1/nios2eds/bin/gnu/H-x86_64-pc-linux-gnu/bin/../lib/gcc/nios2-elf/9.2.1/../../../../../H-x86_64-pc-linux-gnu/nios2-elf/lib/libc.a(lib_a-findfp.o)
                0x000000000800b5d4                __sfp_lock_release
 .text.__sinit_lock_acquire
                0x000000000800b5d8        0x4 /home/tom/intelFPGA_lite/20.1/nios2eds/bin/gnu/H-x86_64-pc-linux-gnu/bin/../lib/gcc/nios2-elf/9.2.1/../../../../../H-x86_64-pc-linux-gnu/nios2-elf/lib/libc.a(lib_a-findfp.o)
                0x000000000800b5d8                __sinit_lock_acquire
 .text.__sinit_lock_release
                0x000000000800b5dc        0x4 /home/tom/intelFPGA_lite/20.1/nios2eds/bin/gnu/H-x86_64-pc-linux-gnu/bin/../lib/gcc/nios2-elf/9.2.1/../../../../../H-x86_64-pc-linux-gnu/nios2-elf/lib/libc.a(lib_a-findfp.o)
                0x000000000800b5dc                __sinit_lock_release
 .text.__fp_lock_all
                0x000000000800b5e0       0x14 /home/tom/intelFPGA_lite/20.1/nios2eds/bin/gnu/H-x86_64-pc-linux-gnu/bin/../lib/gcc/nios2-elf/9.2.1/../../../../../H-x86_64-pc-linux-gnu/nios2-elf/lib/libc.a(lib_a-findfp.o)
                0x000000000800b5e0                __fp_lock_all
 .text.__fp_unlock_all
                0x000000000800b5f4       0x14 /home/tom/intelFPGA_lite/20.1/nios2eds/bin/gnu/H-x86_64-pc-linux-gnu/bin/../lib/gcc/nios2-elf/9.2.1/../../../../../H-x86_64-pc-linux-gnu/nios2-elf/lib/libc.a(lib_a-findfp.o)
                0x000000000800b5f4                __fp_unlock_all
 .text          0x000000000800b608        0x0 /home/tom/intelFPGA_lite/20.1/nios2eds/bin/gnu/H-x86_64-pc-linux-gnu/bin/../lib/gcc/nios2-elf/9.2.1/../../../../../H-x86_64-pc-linux-gnu/nios2-elf/lib/libc.a(lib_a-freer.o)
 .text._malloc_trim_r
                0x000000000800b608      0x11c /home/tom/intelFPGA_lite/20.1/nios2eds/bin/gnu/H-x86_64-pc-linux-gnu/bin/../lib/gcc/nios2-elf/9.2.1/../../../../../H-x86_64-pc-linux-gnu/nios2-elf/lib/libc.a(lib_a-freer.o)
                0x000000000800b608                _malloc_trim_r
 .text._free_r  0x000000000800b724      0x2fc /home/tom/intelFPGA_lite/20.1/nios2eds/bin/gnu/H-x86_64-pc-linux-gnu/bin/../lib/gcc/nios2-elf/9.2.1/../../../../../H-x86_64-pc-linux-gnu/nios2-elf/lib/libc.a(lib_a-freer.o)
                0x000000000800b724                _free_r
 .text          0x000000000800ba20        0x0 /home/tom/intelFPGA_lite/20.1/nios2eds/bin/gnu/H-x86_64-pc-linux-gnu/bin/../lib/gcc/nios2-elf/9.2.1/../../../../../H-x86_64-pc-linux-gnu/nios2-elf/lib/libc.a(lib_a-fvwrite.o)
 .text.__sfvwrite_r
                0x000000000800ba20      0x4bc /home/tom/intelFPGA_lite/20.1/nios2eds/bin/gnu/H-x86_64-pc-linux-gnu/bin/../lib/gcc/nios2-elf/9.2.1/../../../../../H-x86_64-pc-linux-gnu/nios2-elf/lib/libc.a(lib_a-fvwrite.o)
                0x000000000800ba20                __sfvwrite_r
 .text          0x000000000800bedc        0x0 /home/tom/intelFPGA_lite/20.1/nios2eds/bin/gnu/H-x86_64-pc-linux-gnu/bin/../lib/gcc/nios2-elf/9.2.1/../../../../../H-x86_64-pc-linux-gnu/nios2-elf/lib/libc.a(lib_a-fwalk.o)
 .text._fwalk   0x000000000800bedc       0x98 /home/tom/intelFPGA_lite/20.1/nios2eds/bin/gnu/H-x86_64-pc-linux-gnu/bin/../lib/gcc/nios2-elf/9.2.1/../../../../../H-x86_64-pc-linux-gnu/nios2-elf/lib/libc.a(lib_a-fwalk.o)
                0x000000000800bedc                _fwalk
 .text._fwalk_reent
                0x000000000800bf74       0xa8 /home/tom/intelFPGA_lite/20.1/nios2eds/bin/gnu/H-x86_64-pc-linux-gnu/bin/../lib/gcc/nios2-elf/9.2.1/../../../../../H-x86_64-pc-linux-gnu/nios2-elf/lib/libc.a(lib_a-fwalk.o)
                0x000000000800bf74                _fwalk_reent
 .text          0x000000000800c01c        0x0 /home/tom/intelFPGA_lite/20.1/nios2eds/bin/gnu/H-x86_64-pc-linux-gnu/bin/../lib/gcc/nios2-elf/9.2.1/../../../../../H-x86_64-pc-linux-gnu/nios2-elf/lib/libc.a(lib_a-getc.o)
 .text._getc_r  0x000000000800c01c       0x7c /home/tom/intelFPGA_lite/20.1/nios2eds/bin/gnu/H-x86_64-pc-linux-gnu/bin/../lib/gcc/nios2-elf/9.2.1/../../../../../H-x86_64-pc-linux-gnu/nios2-elf/lib/libc.a(lib_a-getc.o)
                0x000000000800c01c                _getc_r
 .text.getc     0x000000000800c098       0x90 /home/tom/intelFPGA_lite/20.1/nios2eds/bin/gnu/H-x86_64-pc-linux-gnu/bin/../lib/gcc/nios2-elf/9.2.1/../../../../../H-x86_64-pc-linux-gnu/nios2-elf/lib/libc.a(lib_a-getc.o)
                0x000000000800c098                getc
 .text          0x000000000800c128        0x0 /home/tom/intelFPGA_lite/20.1/nios2eds/bin/gnu/H-x86_64-pc-linux-gnu/bin/../lib/gcc/nios2-elf/9.2.1/../../../../../H-x86_64-pc-linux-gnu/nios2-elf/lib/libc.a(lib_a-int_errno.o)
 .text          0x000000000800c128        0x0 /home/tom/intelFPGA_lite/20.1/nios2eds/bin/gnu/H-x86_64-pc-linux-gnu/bin/../lib/gcc/nios2-elf/9.2.1/../../../../../H-x86_64-pc-linux-gnu/nios2-elf/lib/libc.a(lib_a-localeconv.o)
 .text.__localeconv_l
                0x000000000800c128        0x8 /home/tom/intelFPGA_lite/20.1/nios2eds/bin/gnu/H-x86_64-pc-linux-gnu/bin/../lib/gcc/nios2-elf/9.2.1/../../../../../H-x86_64-pc-linux-gnu/nios2-elf/lib/libc.a(lib_a-localeconv.o)
                0x000000000800c128                __localeconv_l
 .text._localeconv_r
                0x000000000800c130        0xc /home/tom/intelFPGA_lite/20.1/nios2eds/bin/gnu/H-x86_64-pc-linux-gnu/bin/../lib/gcc/nios2-elf/9.2.1/../../../../../H-x86_64-pc-linux-gnu/nios2-elf/lib/libc.a(lib_a-localeconv.o)
                0x000000000800c130                _localeconv_r
 .text.localeconv
                0x000000000800c13c        0xc /home/tom/intelFPGA_lite/20.1/nios2eds/bin/gnu/H-x86_64-pc-linux-gnu/bin/../lib/gcc/nios2-elf/9.2.1/../../../../../H-x86_64-pc-linux-gnu/nios2-elf/lib/libc.a(lib_a-localeconv.o)
                0x000000000800c13c                localeconv
 .text          0x000000000800c148        0x0 /home/tom/intelFPGA_lite/20.1/nios2eds/bin/gnu/H-x86_64-pc-linux-gnu/bin/../lib/gcc/nios2-elf/9.2.1/../../../../../H-x86_64-pc-linux-gnu/nios2-elf/lib/libc.a(lib_a-makebuf.o)
 .text.__swhatbuf_r
                0x000000000800c148       0x98 /home/tom/intelFPGA_lite/20.1/nios2eds/bin/gnu/H-x86_64-pc-linux-gnu/bin/../lib/gcc/nios2-elf/9.2.1/../../../../../H-x86_64-pc-linux-gnu/nios2-elf/lib/libc.a(lib_a-makebuf.o)
                0x000000000800c148                __swhatbuf_r
 .text.__smakebuf_r
                0x000000000800c1e0      0x140 /home/tom/intelFPGA_lite/20.1/nios2eds/bin/gnu/H-x86_64-pc-linux-gnu/bin/../lib/gcc/nios2-elf/9.2.1/../../../../../H-x86_64-pc-linux-gnu/nios2-elf/lib/libc.a(lib_a-makebuf.o)
                0x000000000800c1e0                __smakebuf_r
 .text          0x000000000800c320        0x0 /home/tom/intelFPGA_lite/20.1/nios2eds/bin/gnu/H-x86_64-pc-linux-gnu/bin/../lib/gcc/nios2-elf/9.2.1/../../../../../H-x86_64-pc-linux-gnu/nios2-elf/lib/libc.a(lib_a-mallocr.o)
 .text._malloc_r
                0x000000000800c320      0x7e0 /home/tom/intelFPGA_lite/20.1/nios2eds/bin/gnu/H-x86_64-pc-linux-gnu/bin/../lib/gcc/nios2-elf/9.2.1/../../../../../H-x86_64-pc-linux-gnu/nios2-elf/lib/libc.a(lib_a-mallocr.o)
                0x000000000800c320                _malloc_r
 .text          0x000000000800cb00        0x0 /home/tom/intelFPGA_lite/20.1/nios2eds/bin/gnu/H-x86_64-pc-linux-gnu/bin/../lib/gcc/nios2-elf/9.2.1/../../../../../H-x86_64-pc-linux-gnu/nios2-elf/lib/libc.a(lib_a-memchr.o)
 .text.memchr   0x000000000800cb00       0xd4 /home/tom/intelFPGA_lite/20.1/nios2eds/bin/gnu/H-x86_64-pc-linux-gnu/bin/../lib/gcc/nios2-elf/9.2.1/../../../../../H-x86_64-pc-linux-gnu/nios2-elf/lib/libc.a(lib_a-memchr.o)
                0x000000000800cb00                memchr
 .text          0x000000000800cbd4        0x0 /home/tom/intelFPGA_lite/20.1/nios2eds/bin/gnu/H-x86_64-pc-linux-gnu/bin/../lib/gcc/nios2-elf/9.2.1/../../../../../H-x86_64-pc-linux-gnu/nios2-elf/lib/libc.a(lib_a-memmove.o)
 .text.memmove  0x000000000800cbd4      0x12c /home/tom/intelFPGA_lite/20.1/nios2eds/bin/gnu/H-x86_64-pc-linux-gnu/bin/../lib/gcc/nios2-elf/9.2.1/../../../../../H-x86_64-pc-linux-gnu/nios2-elf/lib/libc.a(lib_a-memmove.o)
                0x000000000800cbd4                memmove
 .text          0x000000000800cd00        0x0 /home/tom/intelFPGA_lite/20.1/nios2eds/bin/gnu/H-x86_64-pc-linux-gnu/bin/../lib/gcc/nios2-elf/9.2.1/../../../../../H-x86_64-pc-linux-gnu/nios2-elf/lib/libc.a(lib_a-mprec.o)
 .text._Balloc  0x000000000800cd00       0xa4 /home/tom/intelFPGA_lite/20.1/nios2eds/bin/gnu/H-x86_64-pc-linux-gnu/bin/../lib/gcc/nios2-elf/9.2.1/../../../../../H-x86_64-pc-linux-gnu/nios2-elf/lib/libc.a(lib_a-mprec.o)
                0x000000000800cd00                _Balloc
 .text._Bfree   0x000000000800cda4       0x24 /home/tom/intelFPGA_lite/20.1/nios2eds/bin/gnu/H-x86_64-pc-linux-gnu/bin/../lib/gcc/nios2-elf/9.2.1/../../../../../H-x86_64-pc-linux-gnu/nios2-elf/lib/libc.a(lib_a-mprec.o)
                0x000000000800cda4                _Bfree
 .text.__multadd
                0x000000000800cdc8      0x138 /home/tom/intelFPGA_lite/20.1/nios2eds/bin/gnu/H-x86_64-pc-linux-gnu/bin/../lib/gcc/nios2-elf/9.2.1/../../../../../H-x86_64-pc-linux-gnu/nios2-elf/lib/libc.a(lib_a-mprec.o)
                0x000000000800cdc8                __multadd
 .text.__s2b    0x000000000800cf00      0x138 /home/tom/intelFPGA_lite/20.1/nios2eds/bin/gnu/H-x86_64-pc-linux-gnu/bin/../lib/gcc/nios2-elf/9.2.1/../../../../../H-x86_64-pc-linux-gnu/nios2-elf/lib/libc.a(lib_a-mprec.o)
                0x000000000800cf00                __s2b
 .text.__hi0bits
                0x000000000800d038       0x64 /home/tom/intelFPGA_lite/20.1/nios2eds/bin/gnu/H-x86_64-pc-linux-gnu/bin/../lib/gcc/nios2-elf/9.2.1/../../../../../H-x86_64-pc-linux-gnu/nios2-elf/lib/libc.a(lib_a-mprec.o)
                0x000000000800d038                __hi0bits
 .text.__lo0bits
                0x000000000800d09c       0xb0 /home/tom/intelFPGA_lite/20.1/nios2eds/bin/gnu/H-x86_64-pc-linux-gnu/bin/../lib/gcc/nios2-elf/9.2.1/../../../../../H-x86_64-pc-linux-gnu/nios2-elf/lib/libc.a(lib_a-mprec.o)
                0x000000000800d09c                __lo0bits
 .text.__i2b    0x000000000800d14c       0x54 /home/tom/intelFPGA_lite/20.1/nios2eds/bin/gnu/H-x86_64-pc-linux-gnu/bin/../lib/gcc/nios2-elf/9.2.1/../../../../../H-x86_64-pc-linux-gnu/nios2-elf/lib/libc.a(lib_a-mprec.o)
                0x000000000800d14c                __i2b
 .text.__multiply
                0x000000000800d1a0      0x230 /home/tom/intelFPGA_lite/20.1/nios2eds/bin/gnu/H-x86_64-pc-linux-gnu/bin/../lib/gcc/nios2-elf/9.2.1/../../../../../H-x86_64-pc-linux-gnu/nios2-elf/lib/libc.a(lib_a-mprec.o)
                0x000000000800d1a0                __multiply
 .text.__pow5mult
                0x000000000800d3d0      0x118 /home/tom/intelFPGA_lite/20.1/nios2eds/bin/gnu/H-x86_64-pc-linux-gnu/bin/../lib/gcc/nios2-elf/9.2.1/../../../../../H-x86_64-pc-linux-gnu/nios2-elf/lib/libc.a(lib_a-mprec.o)
                0x000000000800d3d0                __pow5mult
 .text.__lshift
                0x000000000800d4e8      0x188 /home/tom/intelFPGA_lite/20.1/nios2eds/bin/gnu/H-x86_64-pc-linux-gnu/bin/../lib/gcc/nios2-elf/9.2.1/../../../../../H-x86_64-pc-linux-gnu/nios2-elf/lib/libc.a(lib_a-mprec.o)
                0x000000000800d4e8                __lshift
 .text.__mcmp   0x000000000800d670       0x58 /home/tom/intelFPGA_lite/20.1/nios2eds/bin/gnu/H-x86_64-pc-linux-gnu/bin/../lib/gcc/nios2-elf/9.2.1/../../../../../H-x86_64-pc-linux-gnu/nios2-elf/lib/libc.a(lib_a-mprec.o)
                0x000000000800d670                __mcmp
 .text.__mdiff  0x000000000800d6c8      0x22c /home/tom/intelFPGA_lite/20.1/nios2eds/bin/gnu/H-x86_64-pc-linux-gnu/bin/../lib/gcc/nios2-elf/9.2.1/../../../../../H-x86_64-pc-linux-gnu/nios2-elf/lib/libc.a(lib_a-mprec.o)
                0x000000000800d6c8                __mdiff
 .text.__ulp    0x000000000800d8f4       0x5c /home/tom/intelFPGA_lite/20.1/nios2eds/bin/gnu/H-x86_64-pc-linux-gnu/bin/../lib/gcc/nios2-elf/9.2.1/../../../../../H-x86_64-pc-linux-gnu/nios2-elf/lib/libc.a(lib_a-mprec.o)
                0x000000000800d8f4                __ulp
 .text.__b2d    0x000000000800d950      0x104 /home/tom/intelFPGA_lite/20.1/nios2eds/bin/gnu/H-x86_64-pc-linux-gnu/bin/../lib/gcc/nios2-elf/9.2.1/../../../../../H-x86_64-pc-linux-gnu/nios2-elf/lib/libc.a(lib_a-mprec.o)
                0x000000000800d950                __b2d
 .text.__d2b    0x000000000800da54      0x164 /home/tom/intelFPGA_lite/20.1/nios2eds/bin/gnu/H-x86_64-pc-linux-gnu/bin/../lib/gcc/nios2-elf/9.2.1/../../../../../H-x86_64-pc-linux-gnu/nios2-elf/lib/libc.a(lib_a-mprec.o)
                0x000000000800da54                __d2b
 .text.__ratio  0x000000000800dbb8       0xa8 /home/tom/intelFPGA_lite/20.1/nios2eds/bin/gnu/H-x86_64-pc-linux-gnu/bin/../lib/gcc/nios2-elf/9.2.1/../../../../../H-x86_64-pc-linux-gnu/nios2-elf/lib/libc.a(lib_a-mprec.o)
                0x000000000800dbb8                __ratio
 .text._mprec_log10
                0x000000000800dc60       0x70 /home/tom/intelFPGA_lite/20.1/nios2eds/bin/gnu/H-x86_64-pc-linux-gnu/bin/../lib/gcc/nios2-elf/9.2.1/../../../../../H-x86_64-pc-linux-gnu/nios2-elf/lib/libc.a(lib_a-mprec.o)
                0x000000000800dc60                _mprec_log10
 .text.__copybits
                0x000000000800dcd0       0x6c /home/tom/intelFPGA_lite/20.1/nios2eds/bin/gnu/H-x86_64-pc-linux-gnu/bin/../lib/gcc/nios2-elf/9.2.1/../../../../../H-x86_64-pc-linux-gnu/nios2-elf/lib/libc.a(lib_a-mprec.o)
                0x000000000800dcd0                __copybits
 .text.__any_on
                0x000000000800dd3c       0x60 /home/tom/intelFPGA_lite/20.1/nios2eds/bin/gnu/H-x86_64-pc-linux-gnu/bin/../lib/gcc/nios2-elf/9.2.1/../../../../../H-x86_64-pc-linux-gnu/nios2-elf/lib/libc.a(lib_a-mprec.o)
                0x000000000800dd3c                __any_on
 .text          0x000000000800dd9c        0x0 /home/tom/intelFPGA_lite/20.1/nios2eds/bin/gnu/H-x86_64-pc-linux-gnu/bin/../lib/gcc/nios2-elf/9.2.1/../../../../../H-x86_64-pc-linux-gnu/nios2-elf/lib/libc.a(lib_a-putc.o)
 .text._putc_r  0x000000000800dd9c       0xcc /home/tom/intelFPGA_lite/20.1/nios2eds/bin/gnu/H-x86_64-pc-linux-gnu/bin/../lib/gcc/nios2-elf/9.2.1/../../../../../H-x86_64-pc-linux-gnu/nios2-elf/lib/libc.a(lib_a-putc.o)
                0x000000000800dd9c                _putc_r
 .text.putc     0x000000000800de68       0xe0 /home/tom/intelFPGA_lite/20.1/nios2eds/bin/gnu/H-x86_64-pc-linux-gnu/bin/../lib/gcc/nios2-elf/9.2.1/../../../../../H-x86_64-pc-linux-gnu/nios2-elf/lib/libc.a(lib_a-putc.o)
                0x000000000800de68                putc
 .text          0x000000000800df48        0x0 /home/tom/intelFPGA_lite/20.1/nios2eds/bin/gnu/H-x86_64-pc-linux-gnu/bin/../lib/gcc/nios2-elf/9.2.1/../../../../../H-x86_64-pc-linux-gnu/nios2-elf/lib/libc.a(lib_a-reallocr.o)
 .text._realloc_r
                0x000000000800df48      0x564 /home/tom/intelFPGA_lite/20.1/nios2eds/bin/gnu/H-x86_64-pc-linux-gnu/bin/../lib/gcc/nios2-elf/9.2.1/../../../../../H-x86_64-pc-linux-gnu/nios2-elf/lib/libc.a(lib_a-reallocr.o)
                0x000000000800df48                _realloc_r
 .text          0x000000000800e4ac        0x0 /home/tom/intelFPGA_lite/20.1/nios2eds/bin/gnu/H-x86_64-pc-linux-gnu/bin/../lib/gcc/nios2-elf/9.2.1/../../../../../H-x86_64-pc-linux-gnu/nios2-elf/lib/libc.a(lib_a-rget.o)
 .text.__srget_r
                0x000000000800e4ac       0x74 /home/tom/intelFPGA_lite/20.1/nios2eds/bin/gnu/H-x86_64-pc-linux-gnu/bin/../lib/gcc/nios2-elf/9.2.1/../../../../../H-x86_64-pc-linux-gnu/nios2-elf/lib/libc.a(lib_a-rget.o)
                0x000000000800e4ac                __srget_r
 .text.__srget  0x000000000800e520       0x10 /home/tom/intelFPGA_lite/20.1/nios2eds/bin/gnu/H-x86_64-pc-linux-gnu/bin/../lib/gcc/nios2-elf/9.2.1/../../../../../H-x86_64-pc-linux-gnu/nios2-elf/lib/libc.a(lib_a-rget.o)
                0x000000000800e520                __srget
 .text          0x000000000800e530        0x0 /home/tom/intelFPGA_lite/20.1/nios2eds/bin/gnu/H-x86_64-pc-linux-gnu/bin/../lib/gcc/nios2-elf/9.2.1/../../../../../H-x86_64-pc-linux-gnu/nios2-elf/lib/libc.a(lib_a-sbrkr.o)
 .text._sbrk_r  0x000000000800e530       0x58 /home/tom/intelFPGA_lite/20.1/nios2eds/bin/gnu/H-x86_64-pc-linux-gnu/bin/../lib/gcc/nios2-elf/9.2.1/../../../../../H-x86_64-pc-linux-gnu/nios2-elf/lib/libc.a(lib_a-sbrkr.o)
                0x000000000800e530                _sbrk_r
 .text          0x000000000800e588        0x0 /home/tom/intelFPGA_lite/20.1/nios2eds/bin/gnu/H-x86_64-pc-linux-gnu/bin/../lib/gcc/nios2-elf/9.2.1/../../../../../H-x86_64-pc-linux-gnu/nios2-elf/lib/libc.a(lib_a-stdio.o)
 .text.__sread  0x000000000800e588       0x54 /home/tom/intelFPGA_lite/20.1/nios2eds/bin/gnu/H-x86_64-pc-linux-gnu/bin/../lib/gcc/nios2-elf/9.2.1/../../../../../H-x86_64-pc-linux-gnu/nios2-elf/lib/libc.a(lib_a-stdio.o)
                0x000000000800e588                __sread
 .text.__seofread
                0x000000000800e5dc        0x8 /home/tom/intelFPGA_lite/20.1/nios2eds/bin/gnu/H-x86_64-pc-linux-gnu/bin/../lib/gcc/nios2-elf/9.2.1/../../../../../H-x86_64-pc-linux-gnu/nios2-elf/lib/libc.a(lib_a-stdio.o)
                0x000000000800e5dc                __seofread
 .text.__swrite
                0x000000000800e5e4       0x80 /home/tom/intelFPGA_lite/20.1/nios2eds/bin/gnu/H-x86_64-pc-linux-gnu/bin/../lib/gcc/nios2-elf/9.2.1/../../../../../H-x86_64-pc-linux-gnu/nios2-elf/lib/libc.a(lib_a-stdio.o)
                0x000000000800e5e4                __swrite
 .text.__sseek  0x000000000800e664       0x5c /home/tom/intelFPGA_lite/20.1/nios2eds/bin/gnu/H-x86_64-pc-linux-gnu/bin/../lib/gcc/nios2-elf/9.2.1/../../../../../H-x86_64-pc-linux-gnu/nios2-elf/lib/libc.a(lib_a-stdio.o)
                0x000000000800e664                __sseek
 .text.__sclose
                0x000000000800e6c0        0x8 /home/tom/intelFPGA_lite/20.1/nios2eds/bin/gnu/H-x86_64-pc-linux-gnu/bin/../lib/gcc/nios2-elf/9.2.1/../../../../../H-x86_64-pc-linux-gnu/nios2-elf/lib/libc.a(lib_a-stdio.o)
                0x000000000800e6c0                __sclose
 .text          0x000000000800e6c8        0x0 /home/tom/intelFPGA_lite/20.1/nios2eds/bin/gnu/H-x86_64-pc-linux-gnu/bin/../lib/gcc/nios2-elf/9.2.1/../../../../../H-x86_64-pc-linux-gnu/nios2-elf/lib/libc.a(lib_a-svfiprintf.o)
 .text.__ssprint_r
                0x000000000800e6c8      0x1c0 /home/tom/intelFPGA_lite/20.1/nios2eds/bin/gnu/H-x86_64-pc-linux-gnu/bin/../lib/gcc/nios2-elf/9.2.1/../../../../../H-x86_64-pc-linux-gnu/nios2-elf/lib/libc.a(lib_a-svfiprintf.o)
                0x000000000800e6c8                __ssprint_r
 .text.___svfiprintf_internal_r
                0x000000000800e888     0x10e4 /home/tom/intelFPGA_lite/20.1/nios2eds/bin/gnu/H-x86_64-pc-linux-gnu/bin/../lib/gcc/nios2-elf/9.2.1/../../../../../H-x86_64-pc-linux-gnu/nios2-elf/lib/libc.a(lib_a-svfiprintf.o)
                0x000000000800e888                ___svfiprintf_internal_r
 .text          0x000000000800f96c        0x0 /home/tom/intelFPGA_lite/20.1/nios2eds/bin/gnu/H-x86_64-pc-linux-gnu/bin/../lib/gcc/nios2-elf/9.2.1/../../../../../H-x86_64-pc-linux-gnu/nios2-elf/lib/libc.a(lib_a-vfiprintf.o)
 .text.__sprint_r.part.0
                0x000000000800f96c       0xf4 /home/tom/intelFPGA_lite/20.1/nios2eds/bin/gnu/H-x86_64-pc-linux-gnu/bin/../lib/gcc/nios2-elf/9.2.1/../../../../../H-x86_64-pc-linux-gnu/nios2-elf/lib/libc.a(lib_a-vfiprintf.o)
 .text.__sprint_r
                0x000000000800fa60       0x18 /home/tom/intelFPGA_lite/20.1/nios2eds/bin/gnu/H-x86_64-pc-linux-gnu/bin/../lib/gcc/nios2-elf/9.2.1/../../../../../H-x86_64-pc-linux-gnu/nios2-elf/lib/libc.a(lib_a-vfiprintf.o)
                0x000000000800fa60                __sprint_r
 .text.___vfiprintf_internal_r
                0x000000000800fa78     0x1304 /home/tom/intelFPGA_lite/20.1/nios2eds/bin/gnu/H-x86_64-pc-linux-gnu/bin/../lib/gcc/nios2-elf/9.2.1/../../../../../H-x86_64-pc-linux-gnu/nios2-elf/lib/libc.a(lib_a-vfiprintf.o)
                0x000000000800fa78                ___vfiprintf_internal_r
 .text.__vfiprintf_internal
                0x0000000008010d7c       0x1c /home/tom/intelFPGA_lite/20.1/nios2eds/bin/gnu/H-x86_64-pc-linux-gnu/bin/../lib/gcc/nios2-elf/9.2.1/../../../../../H-x86_64-pc-linux-gnu/nios2-elf/lib/libc.a(lib_a-vfiprintf.o)
                0x0000000008010d7c                __vfiprintf_internal
 .text.__sbprintf
                0x0000000008010d98       0xc0 /home/tom/intelFPGA_lite/20.1/nios2eds/bin/gnu/H-x86_64-pc-linux-gnu/bin/../lib/gcc/nios2-elf/9.2.1/../../../../../H-x86_64-pc-linux-gnu/nios2-elf/lib/libc.a(lib_a-vfiprintf.o)
 .text          0x0000000008010e58        0x0 /home/tom/intelFPGA_lite/20.1/nios2eds/bin/gnu/H-x86_64-pc-linux-gnu/bin/../lib/gcc/nios2-elf/9.2.1/../../../../../H-x86_64-pc-linux-gnu/nios2-elf/lib/libc.a(lib_a-wbuf.o)
 .text.__swbuf_r
                0x0000000008010e58      0x148 /home/tom/intelFPGA_lite/20.1/nios2eds/bin/gnu/H-x86_64-pc-linux-gnu/bin/../lib/gcc/nios2-elf/9.2.1/../../../../../H-x86_64-pc-linux-gnu/nios2-elf/lib/libc.a(lib_a-wbuf.o)
                0x0000000008010e58                __swbuf_r
 .text.__swbuf  0x0000000008010fa0       0x18 /home/tom/intelFPGA_lite/20.1/nios2eds/bin/gnu/H-x86_64-pc-linux-gnu/bin/../lib/gcc/nios2-elf/9.2.1/../../../../../H-x86_64-pc-linux-gnu/nios2-elf/lib/libc.a(lib_a-wbuf.o)
                0x0000000008010fa0                __swbuf
 .text          0x0000000008010fb8        0x0 /home/tom/intelFPGA_lite/20.1/nios2eds/bin/gnu/H-x86_64-pc-linux-gnu/bin/../lib/gcc/nios2-elf/9.2.1/../../../../../H-x86_64-pc-linux-gnu/nios2-elf/lib/libc.a(closer.o)
 .text._close_r
                0x0000000008010fb8       0x58 /home/tom/intelFPGA_lite/20.1/nios2eds/bin/gnu/H-x86_64-pc-linux-gnu/bin/../lib/gcc/nios2-elf/9.2.1/../../../../../H-x86_64-pc-linux-gnu/nios2-elf/lib/libc.a(closer.o)
                0x0000000008010fb8                _close_r
 .text          0x0000000008011010        0x0 /home/tom/intelFPGA_lite/20.1/nios2eds/bin/gnu/H-x86_64-pc-linux-gnu/bin/../lib/gcc/nios2-elf/9.2.1/../../../../../H-x86_64-pc-linux-gnu/nios2-elf/lib/libc.a(lib_a-assert.o)
 .text.__assert_func
                0x0000000008011010       0x64 /home/tom/intelFPGA_lite/20.1/nios2eds/bin/gnu/H-x86_64-pc-linux-gnu/bin/../lib/gcc/nios2-elf/9.2.1/../../../../../H-x86_64-pc-linux-gnu/nios2-elf/lib/libc.a(lib_a-assert.o)
                0x0000000008011010                __assert_func
 .text.__assert
                0x0000000008011074       0x14 /home/tom/intelFPGA_lite/20.1/nios2eds/bin/gnu/H-x86_64-pc-linux-gnu/bin/../lib/gcc/nios2-elf/9.2.1/../../../../../H-x86_64-pc-linux-gnu/nios2-elf/lib/libc.a(lib_a-assert.o)
                0x0000000008011074                __assert
 .text          0x0000000008011088        0x0 /home/tom/intelFPGA_lite/20.1/nios2eds/bin/gnu/H-x86_64-pc-linux-gnu/bin/../lib/gcc/nios2-elf/9.2.1/../../../../../H-x86_64-pc-linux-gnu/nios2-elf/lib/libc.a(lib_a-callocr.o)
 .text._calloc_r
                0x0000000008011088       0xb4 /home/tom/intelFPGA_lite/20.1/nios2eds/bin/gnu/H-x86_64-pc-linux-gnu/bin/../lib/gcc/nios2-elf/9.2.1/../../../../../H-x86_64-pc-linux-gnu/nios2-elf/lib/libc.a(lib_a-callocr.o)
                0x0000000008011088                _calloc_r
 .text          0x000000000801113c        0x0 /home/tom/intelFPGA_lite/20.1/nios2eds/bin/gnu/H-x86_64-pc-linux-gnu/bin/../lib/gcc/nios2-elf/9.2.1/../../../../../H-x86_64-pc-linux-gnu/nios2-elf/lib/libc.a(lib_a-fclose.o)
 .text._fclose_r
                0x000000000801113c       0xf8 /home/tom/intelFPGA_lite/20.1/nios2eds/bin/gnu/H-x86_64-pc-linux-gnu/bin/../lib/gcc/nios2-elf/9.2.1/../../../../../H-x86_64-pc-linux-gnu/nios2-elf/lib/libc.a(lib_a-fclose.o)
                0x000000000801113c                _fclose_r
 .text.fclose   0x0000000008011234       0x10 /home/tom/intelFPGA_lite/20.1/nios2eds/bin/gnu/H-x86_64-pc-linux-gnu/bin/../lib/gcc/nios2-elf/9.2.1/../../../../../H-x86_64-pc-linux-gnu/nios2-elf/lib/libc.a(lib_a-fclose.o)
                0x0000000008011234                fclose
 .text          0x0000000008011244        0x0 /home/tom/intelFPGA_lite/20.1/nios2eds/bin/gnu/H-x86_64-pc-linux-gnu/bin/../lib/gcc/nios2-elf/9.2.1/../../../../../H-x86_64-pc-linux-gnu/nios2-elf/lib/libc.a(lib_a-fiprintf.o)
 .text._fiprintf_r
                0x0000000008011244       0x20 /home/tom/intelFPGA_lite/20.1/nios2eds/bin/gnu/H-x86_64-pc-linux-gnu/bin/../lib/gcc/nios2-elf/9.2.1/../../../../../H-x86_64-pc-linux-gnu/nios2-elf/lib/libc.a(lib_a-fiprintf.o)
                0x0000000008011244                _fiprintf_r
 .text.fiprintf
                0x0000000008011264       0x38 /home/tom/intelFPGA_lite/20.1/nios2eds/bin/gnu/H-x86_64-pc-linux-gnu/bin/../lib/gcc/nios2-elf/9.2.1/../../../../../H-x86_64-pc-linux-gnu/nios2-elf/lib/libc.a(lib_a-fiprintf.o)
                0x0000000008011264                fiprintf
 .text          0x000000000801129c        0x0 /home/tom/intelFPGA_lite/20.1/nios2eds/bin/gnu/H-x86_64-pc-linux-gnu/bin/../lib/gcc/nios2-elf/9.2.1/../../../../../H-x86_64-pc-linux-gnu/nios2-elf/lib/libc.a(lib_a-fputwc.o)
 .text.__fputwc
                0x000000000801129c      0x164 /home/tom/intelFPGA_lite/20.1/nios2eds/bin/gnu/H-x86_64-pc-linux-gnu/bin/../lib/gcc/nios2-elf/9.2.1/../../../../../H-x86_64-pc-linux-gnu/nios2-elf/lib/libc.a(lib_a-fputwc.o)
                0x000000000801129c                __fputwc
 .text._fputwc_r
                0x0000000008011400       0x24 /home/tom/intelFPGA_lite/20.1/nios2eds/bin/gnu/H-x86_64-pc-linux-gnu/bin/../lib/gcc/nios2-elf/9.2.1/../../../../../H-x86_64-pc-linux-gnu/nios2-elf/lib/libc.a(lib_a-fputwc.o)
                0x0000000008011400                _fputwc_r
 .text.fputwc   0x0000000008011424       0x78 /home/tom/intelFPGA_lite/20.1/nios2eds/bin/gnu/H-x86_64-pc-linux-gnu/bin/../lib/gcc/nios2-elf/9.2.1/../../../../../H-x86_64-pc-linux-gnu/nios2-elf/lib/libc.a(lib_a-fputwc.o)
                0x0000000008011424                fputwc
 .text          0x000000000801149c        0x0 /home/tom/intelFPGA_lite/20.1/nios2eds/bin/gnu/H-x86_64-pc-linux-gnu/bin/../lib/gcc/nios2-elf/9.2.1/../../../../../H-x86_64-pc-linux-gnu/nios2-elf/lib/libc.a(lib_a-fstatr.o)
 .text._fstat_r
                0x000000000801149c       0x60 /home/tom/intelFPGA_lite/20.1/nios2eds/bin/gnu/H-x86_64-pc-linux-gnu/bin/../lib/gcc/nios2-elf/9.2.1/../../../../../H-x86_64-pc-linux-gnu/nios2-elf/lib/libc.a(lib_a-fstatr.o)
                0x000000000801149c                _fstat_r
 .text          0x00000000080114fc        0x0 /home/tom/intelFPGA_lite/20.1/nios2eds/bin/gnu/H-x86_64-pc-linux-gnu/bin/../lib/gcc/nios2-elf/9.2.1/../../../../../H-x86_64-pc-linux-gnu/nios2-elf/lib/libc.a(lib_a-isattyr.o)
 .text._isatty_r
                0x00000000080114fc       0x58 /home/tom/intelFPGA_lite/20.1/nios2eds/bin/gnu/H-x86_64-pc-linux-gnu/bin/../lib/gcc/nios2-elf/9.2.1/../../../../../H-x86_64-pc-linux-gnu/nios2-elf/lib/libc.a(lib_a-isattyr.o)
                0x00000000080114fc                _isatty_r
 .text          0x0000000008011554        0x0 /home/tom/intelFPGA_lite/20.1/nios2eds/bin/gnu/H-x86_64-pc-linux-gnu/bin/../lib/gcc/nios2-elf/9.2.1/../../../../../H-x86_64-pc-linux-gnu/nios2-elf/lib/libc.a(lib_a-locale.o)
 .text._setlocale_r
                0x0000000008011554       0x74 /home/tom/intelFPGA_lite/20.1/nios2eds/bin/gnu/H-x86_64-pc-linux-gnu/bin/../lib/gcc/nios2-elf/9.2.1/../../../../../H-x86_64-pc-linux-gnu/nios2-elf/lib/libc.a(lib_a-locale.o)
                0x0000000008011554                _setlocale_r
 .text.__locale_mb_cur_max
                0x00000000080115c8        0xc /home/tom/intelFPGA_lite/20.1/nios2eds/bin/gnu/H-x86_64-pc-linux-gnu/bin/../lib/gcc/nios2-elf/9.2.1/../../../../../H-x86_64-pc-linux-gnu/nios2-elf/lib/libc.a(lib_a-locale.o)
                0x00000000080115c8                __locale_mb_cur_max
 .text.setlocale
                0x00000000080115d4       0x18 /home/tom/intelFPGA_lite/20.1/nios2eds/bin/gnu/H-x86_64-pc-linux-gnu/bin/../lib/gcc/nios2-elf/9.2.1/../../../../../H-x86_64-pc-linux-gnu/nios2-elf/lib/libc.a(lib_a-locale.o)
                0x00000000080115d4                setlocale
 .text          0x00000000080115ec        0x0 /home/tom/intelFPGA_lite/20.1/nios2eds/bin/gnu/H-x86_64-pc-linux-gnu/bin/../lib/gcc/nios2-elf/9.2.1/../../../../../H-x86_64-pc-linux-gnu/nios2-elf/lib/libc.a(lib_a-lseekr.o)
 .text._lseek_r
                0x00000000080115ec       0x64 /home/tom/intelFPGA_lite/20.1/nios2eds/bin/gnu/H-x86_64-pc-linux-gnu/bin/../lib/gcc/nios2-elf/9.2.1/../../../../../H-x86_64-pc-linux-gnu/nios2-elf/lib/libc.a(lib_a-lseekr.o)
                0x00000000080115ec                _lseek_r
 .text          0x0000000008011650        0x0 /home/tom/intelFPGA_lite/20.1/nios2eds/bin/gnu/H-x86_64-pc-linux-gnu/bin/../lib/gcc/nios2-elf/9.2.1/../../../../../H-x86_64-pc-linux-gnu/nios2-elf/lib/libc.a(lib_a-mbtowc_r.o)
 .text._mbtowc_r
                0x0000000008011650        0xc /home/tom/intelFPGA_lite/20.1/nios2eds/bin/gnu/H-x86_64-pc-linux-gnu/bin/../lib/gcc/nios2-elf/9.2.1/../../../../../H-x86_64-pc-linux-gnu/nios2-elf/lib/libc.a(lib_a-mbtowc_r.o)
                0x0000000008011650                _mbtowc_r
 .text.__ascii_mbtowc
                0x000000000801165c       0x44 /home/tom/intelFPGA_lite/20.1/nios2eds/bin/gnu/H-x86_64-pc-linux-gnu/bin/../lib/gcc/nios2-elf/9.2.1/../../../../../H-x86_64-pc-linux-gnu/nios2-elf/lib/libc.a(lib_a-mbtowc_r.o)
                0x000000000801165c                __ascii_mbtowc
 .text          0x00000000080116a0        0x0 /home/tom/intelFPGA_lite/20.1/nios2eds/bin/gnu/H-x86_64-pc-linux-gnu/bin/../lib/gcc/nios2-elf/9.2.1/../../../../../H-x86_64-pc-linux-gnu/nios2-elf/lib/libc.a(lib_a-readr.o)
 .text._read_r  0x00000000080116a0       0x64 /home/tom/intelFPGA_lite/20.1/nios2eds/bin/gnu/H-x86_64-pc-linux-gnu/bin/../lib/gcc/nios2-elf/9.2.1/../../../../../H-x86_64-pc-linux-gnu/nios2-elf/lib/libc.a(lib_a-readr.o)
                0x00000000080116a0                _read_r
 .text          0x0000000008011704        0x0 /home/tom/intelFPGA_lite/20.1/nios2eds/bin/gnu/H-x86_64-pc-linux-gnu/bin/../lib/gcc/nios2-elf/9.2.1/../../../../../H-x86_64-pc-linux-gnu/nios2-elf/lib/libc.a(lib_a-refill.o)
 .text.lflush   0x0000000008011704       0x1c /home/tom/intelFPGA_lite/20.1/nios2eds/bin/gnu/H-x86_64-pc-linux-gnu/bin/../lib/gcc/nios2-elf/9.2.1/../../../../../H-x86_64-pc-linux-gnu/nios2-elf/lib/libc.a(lib_a-refill.o)
 .text.__srefill_r
                0x0000000008011720      0x1cc /home/tom/intelFPGA_lite/20.1/nios2eds/bin/gnu/H-x86_64-pc-linux-gnu/bin/../lib/gcc/nios2-elf/9.2.1/../../../../../H-x86_64-pc-linux-gnu/nios2-elf/lib/libc.a(lib_a-refill.o)
                0x0000000008011720                __srefill_r
 .text          0x00000000080118ec        0x0 /home/tom/intelFPGA_lite/20.1/nios2eds/bin/gnu/H-x86_64-pc-linux-gnu/bin/../lib/gcc/nios2-elf/9.2.1/../../../../../H-x86_64-pc-linux-gnu/nios2-elf/lib/libc.a(lib_a-strcmp.o)
 .text.strcmp   0x00000000080118ec       0xb8 /home/tom/intelFPGA_lite/20.1/nios2eds/bin/gnu/H-x86_64-pc-linux-gnu/bin/../lib/gcc/nios2-elf/9.2.1/../../../../../H-x86_64-pc-linux-gnu/nios2-elf/lib/libc.a(lib_a-strcmp.o)
                0x00000000080118ec                strcmp
 .text          0x00000000080119a4        0x0 /home/tom/intelFPGA_lite/20.1/nios2eds/bin/gnu/H-x86_64-pc-linux-gnu/bin/../lib/gcc/nios2-elf/9.2.1/../../../../../H-x86_64-pc-linux-gnu/nios2-elf/lib/libc.a(lib_a-vfiprintfr_1.o)
 .text._vfiprintf_r
                0x00000000080119a4        0x4 /home/tom/intelFPGA_lite/20.1/nios2eds/bin/gnu/H-x86_64-pc-linux-gnu/bin/../lib/gcc/nios2-elf/9.2.1/../../../../../H-x86_64-pc-linux-gnu/nios2-elf/lib/libc.a(lib_a-vfiprintfr_1.o)
                0x00000000080119a4                _vfiprintf_r
 .text          0x00000000080119a8        0x0 /home/tom/intelFPGA_lite/20.1/nios2eds/bin/gnu/H-x86_64-pc-linux-gnu/bin/../lib/gcc/nios2-elf/9.2.1/../../../../../H-x86_64-pc-linux-gnu/nios2-elf/lib/libc.a(lib_a-wcrtomb.o)
 .text._wcrtomb_r
                0x00000000080119a8       0x6c /home/tom/intelFPGA_lite/20.1/nios2eds/bin/gnu/H-x86_64-pc-linux-gnu/bin/../lib/gcc/nios2-elf/9.2.1/../../../../../H-x86_64-pc-linux-gnu/nios2-elf/lib/libc.a(lib_a-wcrtomb.o)
                0x00000000080119a8                _wcrtomb_r
 .text.wcrtomb  0x0000000008011a14       0x88 /home/tom/intelFPGA_lite/20.1/nios2eds/bin/gnu/H-x86_64-pc-linux-gnu/bin/../lib/gcc/nios2-elf/9.2.1/../../../../../H-x86_64-pc-linux-gnu/nios2-elf/lib/libc.a(lib_a-wcrtomb.o)
                0x0000000008011a14                wcrtomb
 .text          0x0000000008011a9c        0x0 /home/tom/intelFPGA_lite/20.1/nios2eds/bin/gnu/H-x86_64-pc-linux-gnu/bin/../lib/gcc/nios2-elf/9.2.1/../../../../../H-x86_64-pc-linux-gnu/nios2-elf/lib/libc.a(lib_a-wctomb_r.o)
 .text._wctomb_r
                0x0000000008011a9c        0xc /home/tom/intelFPGA_lite/20.1/nios2eds/bin/gnu/H-x86_64-pc-linux-gnu/bin/../lib/gcc/nios2-elf/9.2.1/../../../../../H-x86_64-pc-linux-gnu/nios2-elf/lib/libc.a(lib_a-wctomb_r.o)
                0x0000000008011a9c                _wctomb_r
 .text.__ascii_wctomb
                0x0000000008011aa8       0x30 /home/tom/intelFPGA_lite/20.1/nios2eds/bin/gnu/H-x86_64-pc-linux-gnu/bin/../lib/gcc/nios2-elf/9.2.1/../../../../../H-x86_64-pc-linux-gnu/nios2-elf/lib/libc.a(lib_a-wctomb_r.o)
                0x0000000008011aa8                __ascii_wctomb
 .text          0x0000000008011ad8        0x0 /home/tom/intelFPGA_lite/20.1/nios2eds/bin/gnu/H-x86_64-pc-linux-gnu/bin/../lib/gcc/nios2-elf/9.2.1/../../../../../H-x86_64-pc-linux-gnu/nios2-elf/lib/libc.a(lib_a-abort.o)
 .text.unlikely.abort
                0x0000000008011ad8       0x18 /home/tom/intelFPGA_lite/20.1/nios2eds/bin/gnu/H-x86_64-pc-linux-gnu/bin/../lib/gcc/nios2-elf/9.2.1/../../../../../H-x86_64-pc-linux-gnu/nios2-elf/lib/libc.a(lib_a-abort.o)
                0x0000000008011ad8                abort
 .text          0x0000000008011af0        0x0 /home/tom/intelFPGA_lite/20.1/nios2eds/bin/gnu/H-x86_64-pc-linux-gnu/bin/../lib/gcc/nios2-elf/9.2.1/../../../../../H-x86_64-pc-linux-gnu/nios2-elf/lib/libc.a(lib_a-signal.o)
 .text._init_signal_r.part.0
                0x0000000008011af0       0x4c /home/tom/intelFPGA_lite/20.1/nios2eds/bin/gnu/H-x86_64-pc-linux-gnu/bin/../lib/gcc/nios2-elf/9.2.1/../../../../../H-x86_64-pc-linux-gnu/nios2-elf/lib/libc.a(lib_a-signal.o)
 .text._init_signal_r
                0x0000000008011b3c       0x14 /home/tom/intelFPGA_lite/20.1/nios2eds/bin/gnu/H-x86_64-pc-linux-gnu/bin/../lib/gcc/nios2-elf/9.2.1/../../../../../H-x86_64-pc-linux-gnu/nios2-elf/lib/libc.a(lib_a-signal.o)
                0x0000000008011b3c                _init_signal_r
 .text._signal_r
                0x0000000008011b50       0x84 /home/tom/intelFPGA_lite/20.1/nios2eds/bin/gnu/H-x86_64-pc-linux-gnu/bin/../lib/gcc/nios2-elf/9.2.1/../../../../../H-x86_64-pc-linux-gnu/nios2-elf/lib/libc.a(lib_a-signal.o)
                0x0000000008011b50                _signal_r
 .text._raise_r
                0x0000000008011bd4       0xc4 /home/tom/intelFPGA_lite/20.1/nios2eds/bin/gnu/H-x86_64-pc-linux-gnu/bin/../lib/gcc/nios2-elf/9.2.1/../../../../../H-x86_64-pc-linux-gnu/nios2-elf/lib/libc.a(lib_a-signal.o)
                0x0000000008011bd4                _raise_r
 .text.__sigtramp_r
                0x0000000008011c98       0xb8 /home/tom/intelFPGA_lite/20.1/nios2eds/bin/gnu/H-x86_64-pc-linux-gnu/bin/../lib/gcc/nios2-elf/9.2.1/../../../../../H-x86_64-pc-linux-gnu/nios2-elf/lib/libc.a(lib_a-signal.o)
                0x0000000008011c98                __sigtramp_r
 .text.raise    0x0000000008011d50       0x10 /home/tom/intelFPGA_lite/20.1/nios2eds/bin/gnu/H-x86_64-pc-linux-gnu/bin/../lib/gcc/nios2-elf/9.2.1/../../../../../H-x86_64-pc-linux-gnu/nios2-elf/lib/libc.a(lib_a-signal.o)
                0x0000000008011d50                raise
 .text.signal   0x0000000008011d60       0x18 /home/tom/intelFPGA_lite/20.1/nios2eds/bin/gnu/H-x86_64-pc-linux-gnu/bin/../lib/gcc/nios2-elf/9.2.1/../../../../../H-x86_64-pc-linux-gnu/nios2-elf/lib/libc.a(lib_a-signal.o)
                0x0000000008011d60                signal
 .text._init_signal
                0x0000000008011d78       0x1c /home/tom/intelFPGA_lite/20.1/nios2eds/bin/gnu/H-x86_64-pc-linux-gnu/bin/../lib/gcc/nios2-elf/9.2.1/../../../../../H-x86_64-pc-linux-gnu/nios2-elf/lib/libc.a(lib_a-signal.o)
                0x0000000008011d78                _init_signal
 .text.__sigtramp
                0x0000000008011d94       0x10 /home/tom/intelFPGA_lite/20.1/nios2eds/bin/gnu/H-x86_64-pc-linux-gnu/bin/../lib/gcc/nios2-elf/9.2.1/../../../../../H-x86_64-pc-linux-gnu/nios2-elf/lib/libc.a(lib_a-signal.o)
                0x0000000008011d94                __sigtramp
 .text          0x0000000008011da4        0x0 /home/tom/intelFPGA_lite/20.1/nios2eds/bin/gnu/H-x86_64-pc-linux-gnu/bin/../lib/gcc/nios2-elf/9.2.1/../../../../../H-x86_64-pc-linux-gnu/nios2-elf/lib/libc.a(lib_a-signalr.o)
 .text._kill_r  0x0000000008011da4       0x60 /home/tom/intelFPGA_lite/20.1/nios2eds/bin/gnu/H-x86_64-pc-linux-gnu/bin/../lib/gcc/nios2-elf/9.2.1/../../../../../H-x86_64-pc-linux-gnu/nios2-elf/lib/libc.a(lib_a-signalr.o)
                0x0000000008011da4                _kill_r
 .text._getpid_r
                0x0000000008011e04        0x4 /home/tom/intelFPGA_lite/20.1/nios2eds/bin/gnu/H-x86_64-pc-linux-gnu/bin/../lib/gcc/nios2-elf/9.2.1/../../../../../H-x86_64-pc-linux-gnu/nios2-elf/lib/libc.a(lib_a-signalr.o)
                0x0000000008011e04                _getpid_r
 .text          0x0000000008011e08      0x590 /home/tom/intelFPGA_lite/20.1/nios2eds/bin/gnu/H-x86_64-pc-linux-gnu/bin/../lib/gcc/nios2-elf/9.2.1/libgcc.a(_udivdi3.o)
                0x0000000008011e08                __udivdi3
 .text          0x0000000008012398      0x534 /home/tom/intelFPGA_lite/20.1/nios2eds/bin/gnu/H-x86_64-pc-linux-gnu/bin/../lib/gcc/nios2-elf/9.2.1/libgcc.a(_umoddi3.o)
                0x0000000008012398                __umoddi3
 .text          0x00000000080128cc      0x1b4 /home/tom/intelFPGA_lite/20.1/nios2eds/bin/gnu/H-x86_64-pc-linux-gnu/bin/../lib/gcc/nios2-elf/9.2.1/libgcc.a(lib2-divmod.o)
                0x00000000080128cc                __divsi3
                0x000000000801294c                __modsi3
                0x00000000080129c0                __udivsi3
                0x0000000008012a24                __umodsi3
 .text          0x0000000008012a80      0x978 /home/tom/intelFPGA_lite/20.1/nios2eds/bin/gnu/H-x86_64-pc-linux-gnu/bin/../lib/gcc/nios2-elf/9.2.1/libgcc.a(adddf3.o)
                0x0000000008012a80                __adddf3
 .text          0x00000000080133f8      0x860 /home/tom/intelFPGA_lite/20.1/nios2eds/bin/gnu/H-x86_64-pc-linux-gnu/bin/../lib/gcc/nios2-elf/9.2.1/libgcc.a(divdf3.o)
                0x00000000080133f8                __divdf3
 .text          0x0000000008013c58       0x80 /home/tom/intelFPGA_lite/20.1/nios2eds/bin/gnu/H-x86_64-pc-linux-gnu/bin/../lib/gcc/nios2-elf/9.2.1/libgcc.a(eqdf2.o)
                0x0000000008013c58                __eqdf2
                0x0000000008013c58                __nedf2
 .text          0x0000000008013cd8       0xf0 /home/tom/intelFPGA_lite/20.1/nios2eds/bin/gnu/H-x86_64-pc-linux-gnu/bin/../lib/gcc/nios2-elf/9.2.1/libgcc.a(gedf2.o)
                0x0000000008013cd8                __gtdf2
                0x0000000008013cd8                __gedf2
 .text          0x0000000008013dc8       0xf0 /home/tom/intelFPGA_lite/20.1/nios2eds/bin/gnu/H-x86_64-pc-linux-gnu/bin/../lib/gcc/nios2-elf/9.2.1/libgcc.a(ledf2.o)
                0x0000000008013dc8                __ltdf2
                0x0000000008013dc8                __ledf2
 .text          0x0000000008013eb8      0x670 /home/tom/intelFPGA_lite/20.1/nios2eds/bin/gnu/H-x86_64-pc-linux-gnu/bin/../lib/gcc/nios2-elf/9.2.1/libgcc.a(muldf3.o)
                0x0000000008013eb8                __muldf3
 .text          0x0000000008014528      0x934 /home/tom/intelFPGA_lite/20.1/nios2eds/bin/gnu/H-x86_64-pc-linux-gnu/bin/../lib/gcc/nios2-elf/9.2.1/libgcc.a(subdf3.o)
                0x0000000008014528                __subdf3
 .text          0x0000000008014e5c       0x54 /home/tom/intelFPGA_lite/20.1/nios2eds/bin/gnu/H-x86_64-pc-linux-gnu/bin/../lib/gcc/nios2-elf/9.2.1/libgcc.a(unorddf2.o)
                0x0000000008014e5c                __unorddf2
 .text          0x0000000008014eb0       0x80 /home/tom/intelFPGA_lite/20.1/nios2eds/bin/gnu/H-x86_64-pc-linux-gnu/bin/../lib/gcc/nios2-elf/9.2.1/libgcc.a(fixdfsi.o)
                0x0000000008014eb0                __fixdfsi
 .text          0x0000000008014f30       0xbc /home/tom/intelFPGA_lite/20.1/nios2eds/bin/gnu/H-x86_64-pc-linux-gnu/bin/../lib/gcc/nios2-elf/9.2.1/libgcc.a(floatsidf.o)
                0x0000000008014f30                __floatsidf
 .text          0x0000000008014fec       0x90 /home/tom/intelFPGA_lite/20.1/nios2eds/bin/gnu/H-x86_64-pc-linux-gnu/bin/../lib/gcc/nios2-elf/9.2.1/libgcc.a(floatunsidf.o)
                0x0000000008014fec                __floatunsidf
 .text          0x000000000801507c        0x0 /home/tom/intelFPGA_lite/20.1/nios2eds/bin/gnu/H-x86_64-pc-linux-gnu/bin/../lib/gcc/nios2-elf/9.2.1/libgcc.a(_clz.o)
 .text          0x000000000801507c       0x54 /home/tom/intelFPGA_lite/20.1/nios2eds/bin/gnu/H-x86_64-pc-linux-gnu/bin/../lib/gcc/nios2-elf/9.2.1/libgcc.a(_clzsi2.o)
                0x000000000801507c                __clzsi2
 .text          0x00000000080150d0       0x38 ../MOD_socket_server_bsp//libucosii_bsp.a(alt_exit.o)
                0x00000000080150d0                _exit
 .text          0x0000000008015108       0xec ../MOD_socket_server_bsp//libucosii_bsp.a(alt_fstat.o)
                0x0000000008015144                fstat
 .text          0x00000000080151f4       0x20 ../MOD_socket_server_bsp//libucosii_bsp.a(alt_getpid.o)
                0x00000000080151f4                getpid
 .text          0x0000000008015214       0xe0 ../MOD_socket_server_bsp//libucosii_bsp.a(alt_isatty.o)
                0x0000000008015250                isatty
 .text          0x00000000080152f4      0x168 ../MOD_socket_server_bsp//libucosii_bsp.a(alt_kill.o)
                0x0000000008015330                kill
 .text          0x000000000801545c      0x110 ../MOD_socket_server_bsp//libucosii_bsp.a(alt_lseek.o)
                0x0000000008015498                lseek
 .text          0x000000000801556c       0xc0 ../MOD_socket_server_bsp//libucosii_bsp.a(alt_main.o)
                0x000000000801556c                alt_main
 .text          0x000000000801562c       0xb8 ../MOD_socket_server_bsp//libucosii_bsp.a(alt_sbrk.o)
                0x000000000801562c                sbrk
 .text          0x00000000080156e4      0x120 ../MOD_socket_server_bsp//libucosii_bsp.a(alt_env_lock.o)
                0x00000000080156e4                __env_lock
                0x00000000080157a4                __env_unlock
 .text          0x0000000008015804      0x1fc ../MOD_socket_server_bsp//libucosii_bsp.a(alt_malloc_lock.o)
                0x0000000008015804                __malloc_lock
                0x000000000801592c                __malloc_unlock
 .text          0x0000000008015a00     0x204c ../MOD_socket_server_bsp//libucosii_bsp.a(os_core.o)
                0x0000000008015a00                OSEventNameGet
                0x0000000008015b24                OSEventNameSet
                0x0000000008015c6c                OSEventPendMulti
                0x00000000080162a4                OSInit
                0x00000000080162fc                OSIntEnter
                0x0000000008016348                OSIntExit
                0x000000000801643c                OSSchedLock
                0x00000000080164cc                OSSchedUnlock
                0x00000000080165b0                OSStart
                0x0000000008016618                OSStatInit
                0x00000000080166d0                OSTimeTick
                0x0000000008016904                OSVersion
                0x0000000008016924                OS_Dummy
                0x0000000008016944                OS_EventTaskRdy
                0x0000000008016acc                OS_EventTaskWait
                0x0000000008016bd4                OS_EventTaskWaitMulti
                0x0000000008016d1c                OS_EventTaskRemove
                0x0000000008016dcc                OS_EventTaskRemoveMulti
                0x0000000008016ec8                OS_EventWaitListInit
                0x00000000080172b4                OS_MemClr
                0x000000000801730c                OS_MemCopy
                0x0000000008017378                OS_Sched
                0x00000000080174b0                OS_StrCopy
                0x0000000008017524                OS_StrLen
                0x0000000008017578                OS_TaskIdle
                0x00000000080175d8                OS_TaskStat
                0x00000000080176a8                OS_TaskStatStkChk
                0x000000000801776c                OS_TCBInit
 .text          0x0000000008017a4c      0x190 ../MOD_socket_server_bsp//libucosii_bsp.a(os_dbg.o)
                0x0000000008017a4c                OSDebugInit
 .text          0x0000000008017bdc     0x17c4 ../MOD_socket_server_bsp//libucosii_bsp.a(os_flag.o)
                0x0000000008017bdc                OSFlagAccept
                0x0000000008017f00                OSFlagCreate
                0x0000000008018010                OSFlagDel
                0x0000000008018268                OSFlagNameGet
                0x0000000008018398                OSFlagNameSet
                0x00000000080184ec                OSFlagPend
                0x0000000008018aec                OSFlagPendGetFlagsRdy
                0x0000000008018b50                OSFlagPost
                0x0000000008018efc                OSFlagQuery
                0x0000000008019128                OS_FlagInit
                0x00000000080192fc                OS_FlagUnlink
 .text          0x00000000080193a0      0x778 ../MOD_socket_server_bsp//libucosii_bsp.a(os_mem.o)
                0x00000000080193a0                OSMemCreate
                0x0000000008019578                OSMemGet
                0x0000000008019670                OSMemNameGet
                0x0000000008019764                OSMemNameSet
                0x0000000008019880                OSMemPut
                0x0000000008019960                OSMemQuery
                0x0000000008019a4c                OS_MemInit
 .text          0x0000000008019b18     0x115c ../MOD_socket_server_bsp//libucosii_bsp.a(os_q.o)
                0x0000000008019b18                OSQAccept
                0x0000000008019c5c                OSQCreate
                0x0000000008019e0c                OSQDel
                0x000000000801a09c                OSQFlush
                0x000000000801a158                OSQPend
                0x000000000801a3f0                OSQPendAbort
                0x000000000801a564                OSQPost
                0x000000000801a6d8                OSQPostFront
                0x000000000801a854                OSQPostOpt
                0x000000000801aa6c                OSQQuery
                0x000000000801abcc                OS_QInit
 .text          0x000000000801ac74      0xa98 ../MOD_socket_server_bsp//libucosii_bsp.a(os_sem.o)
                0x000000000801ac74                OSSemAccept
                0x000000000801ad28                OSSemCreate
                0x000000000801ae04                OSSemDel
                0x000000000801b054                OSSemPend
                0x000000000801b268                OSSemPendAbort
                0x000000000801b3dc                OSSemPost
                0x000000000801b4f8                OSSemQuery
                0x000000000801b60c                OSSemSet
 .text          0x000000000801b70c     0x1750 ../MOD_socket_server_bsp//libucosii_bsp.a(os_task.o)
                0x000000000801b70c                OSTaskChangePrio
                0x000000000801bbd0                OSTaskCreate
                0x000000000801bd74                OSTaskCreateExt
                0x000000000801bf50                OSTaskDel
                0x000000000801c294                OSTaskDelReq
                0x000000000801c3ec                OSTaskNameGet
                0x000000000801c588                OSTaskNameSet
                0x000000000801c744                OSTaskResume
                0x000000000801c924                OSTaskStkChk
                0x000000000801cadc                OSTaskSuspend
                0x000000000801ccc4                OSTaskQuery
                0x000000000801cdec                OS_TaskStkClr
 .text          0x000000000801ce5c      0x50c ../MOD_socket_server_bsp//libucosii_bsp.a(os_time.o)
                0x000000000801ce5c                OSTimeDly
                0x000000000801cf64                OSTimeDlyHMSM
                0x000000000801d0c4                OSTimeDlyResume
                0x000000000801d2a4                OSTimeGet
                0x000000000801d304                OSTimeSet
 .text          0x000000000801d368      0x2c8 ../MOD_socket_server_bsp//libucosii_bsp.a(alt_sys_init.o)
                0x000000000801d39c                alt_irq_init
                0x000000000801d3d8                alt_sys_init
 .text          0x000000000801d630     0x1c54 ../MOD_socket_server_bsp//libucosii_bsp.a(altera_avalon_i2c.o)
                0x000000000801d740                alt_avalon_i2c_register_optional_irq_handler
                0x000000000801d830                alt_avalon_i2c_register_callback
                0x000000000801d884                alt_avalon_i2c_init
                0x000000000801d9b0                alt_avalon_i2c_open
                0x000000000801d9f0                alt_avalon_i2c_enable
                0x000000000801da88                alt_avalon_i2c_disable
                0x000000000801dad4                alt_avalon_i2c_master_config_get
                0x000000000801db84                alt_avalon_i2c_master_config_set
                0x000000000801dc50                alt_avalon_i2c_master_config_speed_get
                0x000000000801dce4                alt_avalon_i2c_master_config_speed_set
                0x000000000801dde0                alt_avalon_i2c_is_busy
                0x000000000801de24                alt_avalon_i2c_rx_read_available
                0x000000000801ded0                alt_avalon_i2c_rx_read
                0x000000000801df78                alt_avalon_i2c_cmd_write
                0x000000000801e064                alt_avalon_i2c_send_address
                0x000000000801e154                alt_avalon_i2c_master_target_get
                0x000000000801e18c                alt_avalon_i2c_master_target_set
                0x000000000801e1c0                alt_avalon_i2c_check_nack
                0x000000000801e20c                alt_avalon_i2c_check_arblost
                0x000000000801e258                alt_avalon_i2c_interrupt_transaction_status
                0x000000000801e38c                alt_avalon_i2c_master_tx
                0x000000000801e474                alt_avalon_i2c_master_rx
                0x000000000801e5b0                alt_avalon_i2c_master_tx_rx
                0x000000000801e778                alt_avalon_i2c_master_transmit
                0x000000000801e934                alt_avalon_i2c_master_transmit_using_interrupts
                0x000000000801eb3c                alt_avalon_i2c_master_receive
                0x000000000801ed48                alt_avalon_i2c_master_receive_using_interrupts
                0x000000000801ef34                alt_avalon_i2c_int_status_get
                0x000000000801ef8c                alt_avalon_i2c_int_raw_status_get
                0x000000000801efd0                alt_avalon_i2c_int_clear
                0x000000000801f00c                alt_avalon_i2c_int_disable
                0x000000000801f078                alt_avalon_i2c_int_enable
                0x000000000801f0e0                alt_avalon_i2c_enabled_ints_get
                0x000000000801f124                alt_avalon_i2c_rx_fifo_threshold_get
                0x000000000801f170                alt_avalon_i2c_rx_fifo_threshold_set
                0x000000000801f1d4                alt_avalon_i2c_tfr_cmd_fifo_threshold_get
                0x000000000801f220                alt_avalon_i2c_tfr_cmd_fifo_threshold_set
 .text          0x000000000801f284      0x164 ../MOD_socket_server_bsp//libucosii_bsp.a(altera_avalon_jtag_uart_fd.o)
                0x000000000801f284                altera_avalon_jtag_uart_read_fd
                0x000000000801f2e4                altera_avalon_jtag_uart_write_fd
                0x000000000801f344                altera_avalon_jtag_uart_close_fd
                0x000000000801f394                altera_avalon_jtag_uart_ioctl_fd
 .text          0x000000000801f3e8      0x570 ../MOD_socket_server_bsp//libucosii_bsp.a(altera_avalon_jtag_uart_init.o)
                0x000000000801f3e8                altera_avalon_jtag_uart_init
                0x000000000801f8f0                altera_avalon_jtag_uart_close
 .text          0x000000000801f958       0xf4 ../MOD_socket_server_bsp//libucosii_bsp.a(altera_avalon_jtag_uart_ioctl.o)
                0x000000000801f958                altera_avalon_jtag_uart_ioctl
 .text          0x000000000801fa4c      0x2c8 ../MOD_socket_server_bsp//libucosii_bsp.a(altera_avalon_jtag_uart_read.o)
                0x000000000801fa4c                altera_avalon_jtag_uart_read
 .text          0x000000000801fd14      0x2d0 ../MOD_socket_server_bsp//libucosii_bsp.a(altera_avalon_jtag_uart_write.o)
                0x000000000801fd14                altera_avalon_jtag_uart_write
 .text          0x000000000801ffe4      0x1fc ../MOD_socket_server_bsp//libucosii_bsp.a(altera_avalon_spi.o)
                0x000000000801ffe4                alt_avalon_spi_command
 .text          0x00000000080201e0      0x100 ../MOD_socket_server_bsp//libucosii_bsp.a(altera_avalon_timer_sc.o)
                0x000000000802025c                alt_avalon_timer_sc_init
 .text          0x00000000080202e0     0x4f20 ../MOD_socket_server_bsp//libucosii_bsp.a(altera_avalon_tse.o)
                0x00000000080202e0                no_printf
                0x0000000008020310                tse_mac_initTransInfo2
                0x0000000008020370                tse_mac_sTxWrite
                0x0000000008020438                tse_mac_aRxRead
                0x00000000080204a8                tse_mac_aTxWrite
                0x0000000008020518                tse_mac_SwReset
                0x00000000080205a0                tse_mac_setMIImode
                0x00000000080205f4                tse_mac_setGMIImode
                0x0000000008020644                alt_tse_phy_add_profile
                0x00000000080207f8                alt_tse_system_add_sys
                0x00000000080210bc                alt_tse_sys_enable_mdio_sharing
                0x0000000008021200                alt_tse_mac_get_common_speed
                0x0000000008021240                alt_tse_mac_set_common_speed
                0x0000000008021288                alt_tse_get_system_index
                0x00000000080212f4                alt_tse_get_mac_group_index
                0x0000000008021360                alt_tse_get_mac_info_index
                0x00000000080213dc                alt_tse_get_mac_info
                0x00000000080214a8                alt_tse_mac_set_speed
                0x0000000008021588                alt_tse_mac_set_duplex
                0x0000000008021614                getPHYSpeed
                0x000000000802208c                alt_tse_phy_rd_mdio_addr
                0x00000000080220d4                alt_tse_phy_wr_mdio_addr
                0x000000000802212c                alt_tse_phy_wr_mdio_reg
                0x0000000008022258                alt_tse_phy_rd_mdio_reg
                0x0000000008022328                alt_tse_phy_add_profile_default
                0x00000000080225f0                alt_tse_phy_print_profile
                0x00000000080227c0                alt_tse_mac_group_init
                0x0000000008022e68                alt_tse_mac_get_phy
                0x0000000008023264                alt_tse_mac_associate_phy
                0x00000000080234a4                alt_tse_phy_cfg_pcs
                0x00000000080235cc                alt_tse_phy_init
                0x00000000080236d8                alt_tse_phy_restart_an
                0x000000000802389c                alt_tse_phy_check_link
                0x0000000008023a24                alt_tse_phy_get_cap
                0x0000000008023fb0                alt_tse_phy_set_adv_1000
                0x0000000008024174                alt_tse_phy_set_adv_100
                0x00000000080243c8                alt_tse_phy_set_adv_10
                0x0000000008024570                alt_tse_phy_get_common_speed
                0x000000000802488c                alt_tse_phy_set_common_speed
                0x0000000008024d3c                marvell_phy_cfg
                0x0000000008024dd4                marvell_cfg_gmii
                0x0000000008024eb8                marvell_cfg_sgmii
                0x0000000008024f9c                marvell_cfg_rgmii
                0x000000000802508c                DP83848C_link_status_read
                0x0000000008025104                PEF7071_config
                0x0000000008025160                PEF7071_link_status_read
 .text          0x0000000008025200      0xb24 ../MOD_socket_server_bsp//libucosii_bsp.a(altera_generic_quad_spi_controller.o)
                0x0000000008025234                alt_qspi_controller_lock
                0x0000000008025344                alt_qspi_controller_get_info
                0x00000000080253d0                alt_qspi_controller_erase_block
                0x00000000080254f4                alt_qspi_controller_write_block
                0x0000000008025704                alt_qspi_controller_write
                0x00000000080258ec                alt_qspi_controller_read
                0x0000000008025998                altera_qspi_controller_init
 .text          0x0000000008025d24     0x2158 ../MOD_socket_server_bsp//libucosii_bsp.a(altera_msgdma.o)
                0x00000000080269dc                alt_msgdma_construct_standard_st_to_mm_descriptor
                0x0000000008026a34                alt_msgdma_construct_standard_mm_to_st_descriptor
                0x0000000008026a8c                alt_msgdma_construct_standard_mm_to_mm_descriptor
                0x0000000008026ae4                alt_msgdma_construct_extended_st_to_mm_descriptor
                0x0000000008026b74                alt_msgdma_construct_extended_mm_to_st_descriptor
                0x0000000008026c04                alt_msgdma_construct_extended_mm_to_mm_descriptor
                0x0000000008026ee4                alt_msgdma_construct_prefetcher_standard_mm_to_mm_descriptor
                0x0000000008026f3c                alt_msgdma_construct_prefetcher_standard_st_to_mm_descriptor
                0x0000000008026f94                alt_msgdma_construct_prefetcher_standard_mm_to_st_descriptor
                0x0000000008026fec                alt_msgdma_construct_prefetcher_extended_st_to_mm_descriptor
                0x000000000802708c                alt_msgdma_construct_prefetcher_extended_mm_to_st_descriptor
                0x0000000008027124                alt_msgdma_construct_prefetcher_extended_mm_to_mm_descriptor
                0x00000000080271dc                alt_msgdma_prefetcher_add_standard_desc_to_list
                0x00000000080272cc                alt_msgdma_prefetcher_add_extended_desc_to_list
                0x0000000008027464                alt_msgdma_prefetcher_set_std_list_own_by_hw_bits
                0x0000000008027574                alt_msgdma_prefetcher_set_extd_list_own_by_hw_bits
                0x00000000080276c0                alt_msgdma_start_prefetcher_with_list_addr
                0x00000000080279d8                alt_msgdma_start_prefetcher_with_std_desc_list
                0x0000000008027a88                alt_msgdma_start_prefetcher_with_extd_desc_list
                0x0000000008027b38                alt_msgdma_open
                0x0000000008027b90                alt_msgdma_init
                0x0000000008027d38                alt_msgdma_register_callback
                0x0000000008027d8c                alt_msgdma_standard_descriptor_async_transfer
                0x0000000008027dc8                alt_msgdma_extended_descriptor_async_transfer
                0x0000000008027e04                alt_msgdma_standard_descriptor_sync_transfer
                0x0000000008027e40                alt_msgdma_extended_descriptor_sync_transfer
 .text          0x0000000008027e7c     0x1998 ../MOD_socket_server_bsp//libucosii_bsp.a(ins_tse_mac.o)
                0x0000000008027e7c                altera_eth_tse_init
                0x0000000008027fc4                prep_tse_mac
                0x00000000080281f0                msgdma_reset
                0x000000000802826c                tse_mac_init
                0x0000000008028cd0                tse_msgdma_write_init
                0x0000000008028df0                tse_mac_raw_send
                0x0000000008028fc4                tse_msgdmaRx_isr
                0x000000000802915c                tse_msgdmaTx_isr
                0x00000000080291bc                tse_msgdma_read_init
                0x0000000008029474                allocate_rx_descriptor_chain
                0x00000000080295ac                tse_mac_rcv
                0x00000000080296f8                tse_mac_stats
                0x0000000008029738                tse_mac_close
 .text          0x0000000008029814       0x48 ../MOD_socket_server_bsp//libucosii_bsp.a(alt_iniche_close.o)
                0x0000000008029814                close
 .text          0x000000000802985c      0x140 ../MOD_socket_server_bsp//libucosii_bsp.a(alt_iniche_dev.o)
                0x000000000802985c                iniche_devices_init
 .text          0x000000000802999c       0x70 ../MOD_socket_server_bsp//libucosii_bsp.a(alt_iniche_read.o)
                0x000000000802999c                read
 .text          0x0000000008029a0c       0x68 ../MOD_socket_server_bsp//libucosii_bsp.a(alt_iniche_write.o)
                0x0000000008029a0c                write
 .text          0x0000000008029a74      0xca4 ../MOD_socket_server_bsp//libucosii_bsp.a(ipnet.o)
                0x0000000008029a74                Netinit
                0x0000000008029f44                fixup_subnet_mask
                0x000000000802a074                netclose
                0x000000000802a158                pktdemux
                0x000000000802a4fc                c_older
                0x000000000802a58c                ip2mac
 .text          0x000000000802a718      0x400 ../MOD_socket_server_bsp//libucosii_bsp.a(ipstart.o)
                0x000000000802a718                ip_startup