Archive member included to satisfy reference by file (symbol)

/home/tom/intelFPGA_lite/20.1/nios2eds/bin/gnu/H-x86_64-pc-linux-gnu/bin/../lib/gcc/nios2-elf/9.2.1/../../../../../H-x86_64-pc-linux-gnu/nios2-elf/lib/libc.a(lib_a-ctype_.o)
                              obj/default/network_utilities.o (_ctype_)
/home/tom/intelFPGA_lite/20.1/nios2eds/bin/gnu/H-x86_64-pc-linux-gnu/bin/../lib/gcc/nios2-elf/9.2.1/../../../../../H-x86_64-pc-linux-gnu/nios2-elf/lib/libc.a(lib_a-fprintf.o)
                              obj/default/alt_error_handler.o (fprintf)
/home/tom/intelFPGA_lite/20.1/nios2eds/bin/gnu/H-x86_64-pc-linux-gnu/bin/../lib/gcc/nios2-elf/9.2.1/../../../../../H-x86_64-pc-linux-gnu/nios2-elf/lib/libc.a(lib_a-fwrite.o)
                              obj/default/alt_error_handler.o (fwrite)
/home/tom/intelFPGA_lite/20.1/nios2eds/bin/gnu/H-x86_64-pc-linux-gnu/bin/../lib/gcc/nios2-elf/9.2.1/../../../../../H-x86_64-pc-linux-gnu/nios2-elf/lib/libc.a(lib_a-getchar.o)
                              obj/default/network_utilities.o (getchar)
/home/tom/intelFPGA_lite/20.1/nios2eds/bin/gnu/H-x86_64-pc-linux-gnu/bin/../lib/gcc/nios2-elf/9.2.1/../../../../../H-x86_64-pc-linux-gnu/nios2-elf/lib/libc.a(lib_a-impure.o)
                              obj/default/alt_error_handler.o (_impure_ptr)
/home/tom/intelFPGA_lite/20.1/nios2eds/bin/gnu/H-x86_64-pc-linux-gnu/bin/../lib/gcc/nios2-elf/9.2.1/../../../../../H-x86_64-pc-linux-gnu/nios2-elf/lib/libc.a(lib_a-memcmp.o)
                              obj/default/DELHProtocol.o (memcmp)
/home/tom/intelFPGA_lite/20.1/nios2eds/bin/gnu/H-x86_64-pc-linux-gnu/bin/../lib/gcc/nios2-elf/9.2.1/../../../../../H-x86_64-pc-linux-gnu/nios2-elf/lib/libc.a(lib_a-memcpy.o)
                              obj/default/DELHProtocol.o (memcpy)
/home/tom/intelFPGA_lite/20.1/nios2eds/bin/gnu/H-x86_64-pc-linux-gnu/bin/../lib/gcc/nios2-elf/9.2.1/../../../../../H-x86_64-pc-linux-gnu/nios2-elf/lib/libc.a(lib_a-memset.o)
                              obj/default/DELHProtocol.o (memset)
/home/tom/intelFPGA_lite/20.1/nios2eds/bin/gnu/H-x86_64-pc-linux-gnu/bin/../lib/gcc/nios2-elf/9.2.1/../../../../../H-x86_64-pc-linux-gnu/nios2-elf/lib/libc.a(lib_a-perror.o)
                              obj/default/DELHProtocol.o (perror)
/home/tom/intelFPGA_lite/20.1/nios2eds/bin/gnu/H-x86_64-pc-linux-gnu/bin/../lib/gcc/nios2-elf/9.2.1/../../../../../H-x86_64-pc-linux-gnu/nios2-elf/lib/libc.a(lib_a-printf.o)
                              obj/default/DELHProtocol.o (printf)
/home/tom/intelFPGA_lite/20.1/nios2eds/bin/gnu/H-x86_64-pc-linux-gnu/bin/../lib/gcc/nios2-elf/9.2.1/../../../../../H-x86_64-pc-linux-gnu/nios2-elf/lib/libc.a(lib_a-putchar.o)
                              obj/default/network_utilities.o (putchar)
/home/tom/intelFPGA_lite/20.1/nios2eds/bin/gnu/H-x86_64-pc-linux-gnu/bin/../lib/gcc/nios2-elf/9.2.1/../../../../../H-x86_64-pc-linux-gnu/nios2-elf/lib/libc.a(lib_a-puts.o)
                              obj/default/DELHProtocol.o (puts)
/home/tom/intelFPGA_lite/20.1/nios2eds/bin/gnu/H-x86_64-pc-linux-gnu/bin/../lib/gcc/nios2-elf/9.2.1/../../../../../H-x86_64-pc-linux-gnu/nios2-elf/lib/libc.a(lib_a-sprintf.o)
                              obj/default/DELHProtocol.o (sprintf)
/home/tom/intelFPGA_lite/20.1/nios2eds/bin/gnu/H-x86_64-pc-linux-gnu/bin/../lib/gcc/nios2-elf/9.2.1/../../../../../H-x86_64-pc-linux-gnu/nios2-elf/lib/libc.a(lib_a-strcpy.o)
                              obj/default/DELHProtocol.o (strcpy)
/home/tom/intelFPGA_lite/20.1/nios2eds/bin/gnu/H-x86_64-pc-linux-gnu/bin/../lib/gcc/nios2-elf/9.2.1/../../../../../H-x86_64-pc-linux-gnu/nios2-elf/lib/libc.a(lib_a-strerror.o)
                              /home/tom/intelFPGA_lite/20.1/nios2eds/bin/gnu/H-x86_64-pc-linux-gnu/bin/../lib/gcc/nios2-elf/9.2.1/../../../../../H-x86_64-pc-linux-gnu/nios2-elf/lib/libc.a(lib_a-perror.o) (_strerror_r)
/home/tom/intelFPGA_lite/20.1/nios2eds/bin/gnu/H-x86_64-pc-linux-gnu/bin/../lib/gcc/nios2-elf/9.2.1/../../../../../H-x86_64-pc-linux-gnu/nios2-elf/lib/libc.a(lib_a-strlen.o)
                              obj/default/DELHProtocol.o (strlen)
/home/tom/intelFPGA_lite/20.1/nios2eds/bin/gnu/H-x86_64-pc-linux-gnu/bin/../lib/gcc/nios2-elf/9.2.1/../../../../../H-x86_64-pc-linux-gnu/nios2-elf/lib/libc.a(lib_a-strtok.o)
                              obj/default/DELHProtocol.o (strtok)
/home/tom/intelFPGA_lite/20.1/nios2eds/bin/gnu/H-x86_64-pc-linux-gnu/bin/../lib/gcc/nios2-elf/9.2.1/../../../../../H-x86_64-pc-linux-gnu/nios2-elf/lib/libc.a(lib_a-strtok_r.o)
                              /home/tom/intelFPGA_lite/20.1/nios2eds/bin/gnu/H-x86_64-pc-linux-gnu/bin/../lib/gcc/nios2-elf/9.2.1/../../../../../H-x86_64-pc-linux-gnu/nios2-elf/lib/libc.a(lib_a-strtok.o) (__strtok_r)
/home/tom/intelFPGA_lite/20.1/nios2eds/bin/gnu/H-x86_64-pc-linux-gnu/bin/../lib/gcc/nios2-elf/9.2.1/../../../../../H-x86_64-pc-linux-gnu/nios2-elf/lib/libc.a(lib_a-strtoul.o)
                              obj/default/DELHProtocol.o (strtoul)
[...]
Memory Configuration

Name             Origin             Length             Attributes
mem_if_ddr3_emif_0_BEFORE_EXCEPTION 0x0000000008000000 0x0000000000000120
mem_if_ddr3_emif_0 0x0000000008000120 0x0000000007fffee0
ext_flash_avl_mem_BEFORE_RESET 0x0000000014000000 0x0000000000430000
reset            0x0000000014430000 0x0000000000000020
ext_flash_avl_mem 0x0000000014430020 0x0000000003bcffe0
descriptor_memory 0x0000000018000000 0x0000000000002000
onchip_ram       0x0000000018002800 0x0000000000000800
*default*        0x0000000000000000 0xffffffffffffffff

Linker script and memory map

LOAD ../MOD_socket_server_bsp//obj/HAL/src/crt0.o
LOAD obj/default/DELHProtocol.o
LOAD obj/default/alt_error_handler.o
LOAD obj/default/iniche_init.o
LOAD obj/default/led.o
LOAD obj/default/network_utilities.o
LOAD obj/default/simple_socket_server.o
LOAD obj/default/tse_my_system.o
LOAD /home/tom/intelFPGA_lite/20.1/nios2eds/bin/gnu/H-x86_64-pc-linux-gnu/bin/../lib/gcc/nios2-elf/9.2.1/../../../../../H-x86_64-pc-linux-gnu/nios2-elf/lib/libstdc++.a
LOAD /home/tom/intelFPGA_lite/20.1/nios2eds/bin/gnu/H-x86_64-pc-linux-gnu/bin/../lib/gcc/nios2-elf/9.2.1/../../../../../H-x86_64-pc-linux-gnu/nios2-elf/lib/libm.a
LOAD /home/tom/intelFPGA_lite/20.1/nios2eds/bin/gnu/H-x86_64-pc-linux-gnu/bin/../lib/gcc/nios2-elf/9.2.1/libgcc.a
START GROUP
LOAD /home/tom/intelFPGA_lite/20.1/nios2eds/bin/gnu/H-x86_64-pc-linux-gnu/bin/../lib/gcc/nios2-elf/9.2.1/../../../../../H-x86_64-pc-linux-gnu/nios2-elf/lib/libc.a
LOAD /home/tom/intelFPGA_lite/20.1/nios2eds/bin/gnu/H-x86_64-pc-linux-gnu/bin/../lib/gcc/nios2-elf/9.2.1/libgcc.a
LOAD ../MOD_socket_server_bsp//libucosii_bsp.a
LOAD /home/tom/intelFPGA_lite/20.1/nios2eds/bin/gnu/H-x86_64-pc-linux-gnu/bin/../lib/gcc/nios2-elf/9.2.1/../../../../../H-x86_64-pc-linux-gnu/nios2-elf/lib/libm.a
END GROUP
LOAD /home/tom/intelFPGA_lite/20.1/nios2eds/bin/gnu/H-x86_64-pc-linux-gnu/bin/../lib/gcc/nios2-elf/9.2.1/libgcc.a
                0x0000000008000000                __alt_mem_mem_if_ddr3_emif_0 = 0x8000000
                0x0000000014000000                __alt_mem_ext_flash_avl_mem = 0x14000000
                0x0000000018000000                __alt_mem_descriptor_memory = 0x18000000
                0x0000000018002800                __alt_mem_onchip_ram = 0x18002800

.entry          0x0000000014430000        0x0
 *(.entry)
 .entry         0x0000000014430000        0x0 ../MOD_socket_server_bsp//obj/HAL/src/crt0.o
                0x0000000014430000                __reset

.exceptions     0x0000000008000120      0x218
                [!provide]                        PROVIDE (__ram_exceptions_start = ABSOLUTE (.))
                0x0000000008000120                . = ALIGN (0x20)
 *(.irq)
 *(.exceptions.entry.label)
 .exceptions.entry.label
                0x0000000008000120        0x0 ../MOD_socket_server_bsp//libucosii_bsp.a(alt_irq_entry.o)
                0x0000000008000120                alt_irq_entry
 .exceptions.entry.label
                0x0000000008000120        0x0 ../MOD_socket_server_bsp//libucosii_bsp.a(alt_exception_entry.o)
                0x0000000008000120                alt_exception
 *(.exceptions.entry.user)
 *(.exceptions.entry.ecc_fatal)
 *(.exceptions.entry)
 .exceptions.entry
                0x0000000008000120       0x54 ../MOD_socket_server_bsp//libucosii_bsp.a(alt_exception_entry.o)
 *(.exceptions.irqtest.user)
 *(.exceptions.irqtest)
 .exceptions.irqtest
                0x0000000008000174       0x10 ../MOD_socket_server_bsp//libucosii_bsp.a(alt_irq_entry.o)
 *(.exceptions.irqhandler.user)
 *(.exceptions.irqhandler)
 .exceptions.irqhandler
                0x0000000008000184        0x4 ../MOD_socket_server_bsp//libucosii_bsp.a(alt_irq_entry.o)
 *(.exceptions.irqreturn.user)
 *(.exceptions.irqreturn)
 .exceptions.irqreturn
                0x0000000008000188        0x4 ../MOD_socket_server_bsp//libucosii_bsp.a(alt_irq_entry.o)
 *(.exceptions.notirq.label)
 .exceptions.notirq.label
                0x000000000800018c        0x0 ../MOD_socket_server_bsp//libucosii_bsp.a(alt_irq_entry.o)
 *(.exceptions.notirq.user)
 *(.exceptions.notirq)
 .exceptions.notirq
                0x000000000800018c        0x8 ../MOD_socket_server_bsp//libucosii_bsp.a(alt_exception_entry.o)
 *(.exceptions.soft.user)
 *(.exceptions.soft)
 *(.exceptions.unknown.user)
 *(.exceptions.unknown)
 .exceptions.unknown
                0x0000000008000194       0x14 ../MOD_socket_server_bsp//libucosii_bsp.a(alt_exception_entry.o)
 *(.exceptions.exit.label)
 .exceptions.exit.label
                0x00000000080001a8        0x0 ../MOD_socket_server_bsp//libucosii_bsp.a(alt_irq_entry.o)
 .exceptions.exit.label
                0x00000000080001a8        0x0 ../MOD_socket_server_bsp//libucosii_bsp.a(alt_exception_entry.o)
 *(.exceptions.exit.user)
 *(.exceptions.exit)
 .exceptions.exit
                0x00000000080001a8       0x54 ../MOD_socket_server_bsp//libucosii_bsp.a(alt_exception_entry.o)
 *(.exceptions)
 .exceptions    0x00000000080001fc       0xc8 ../MOD_socket_server_bsp//libucosii_bsp.a(alt_irq_handler.o)
                0x00000000080001fc                alt_irq_handler
 .exceptions    0x00000000080002c4       0x74 ../MOD_socket_server_bsp//libucosii_bsp.a(alt_instruction_exception_entry.o)
                0x00000000080002c4                alt_instruction_exception_entry
                [!provide]                        PROVIDE (__ram_exceptions_end = ABSOLUTE (.))
                [!provide]                        PROVIDE (__flash_exceptions_start = LOADADDR (.exceptions))

.text           0x0000000008000338    0x4e074
                [!provide]                        PROVIDE (stext = ABSOLUTE (.))
 *(.interp)
 *(.hash)
 *(.dynsym)
 *(.dynstr)
 *(.gnu.version)
 *(.gnu.version_d)
 *(.gnu.version_r)
 *(.rel.init)
 *(.rela.init)
 *(.rel.text .rel.text.* .rel.gnu.linkonce.t.*)
 *(.rela.text .rela.text.* .rela.gnu.linkonce.t.*)
 *(.rel.fini)
 *(.rela.fini)
 *(.rel.rodata .rel.rodata.* .rel.gnu.linkonce.r.*)
 *(.rela.rodata .rela.rodata.* .rela.gnu.linkonce.r.*)
 *(.rel.data .rel.data.* .rel.gnu.linkonce.d.*)
 *(.rela.data .rela.data.* .rela.gnu.linkonce.d.*)
 *(.rel.tdata .rel.tdata.* .rel.gnu.linkonce.td.*)
 *(.rela.tdata .rela.tdata.* .rela.gnu.linkonce.td.*)
 *(.rel.tbss .rel.tbss.* .rel.gnu.linkonce.tb.*)
 *(.rela.tbss .rela.tbss.* .rela.gnu.linkonce.tb.*)
 *(.rel.ctors)
 *(.rela.ctors)
 *(.rel.dtors)
 *(.rela.dtors)
 *(.rel.got)
 *(.rela.got)
 *(.rel.sdata .rel.sdata.* .rel.gnu.linkonce.s.*)
 *(.rela.sdata .rela.sdata.* .rela.gnu.linkonce.s.*)
 *(.rel.sbss .rel.sbss.* .rel.gnu.linkonce.sb.*)
 *(.rela.sbss .rela.sbss.* .rela.gnu.linkonce.sb.*)
 *(.rel.sdata2 .rel.sdata2.* .rel.gnu.linkonce.s2.*)
 *(.rela.sdata2 .rela.sdata2.* .rela.gnu.linkonce.s2.*)
 *(.rel.sbss2 .rel.sbss2.* .rel.gnu.linkonce.sb2.*)
 *(.rela.sbss2 .rela.sbss2.* .rela.gnu.linkonce.sb2.*)
 *(.rel.bss .rel.bss.* .rel.gnu.linkonce.b.*)
 *(.rela.bss .rela.bss.* .rela.gnu.linkonce.b.*)
 *(.rel.plt)
 *(.rela.plt)
 *(.rel.dyn)
 *(.init)
 *(.plt)
 *(.text .stub .text.* .gnu.linkonce.t.*)
 .text          0x0000000008000338       0x48 ../MOD_socket_server_bsp//obj/HAL/src/crt0.o
                0x0000000008000338                _start
 .text          0x0000000008000380     0x191c obj/default/DELHProtocol.o
                0x0000000008000380                initChan
                0x00000000080003f4                addChan
                0x000000000800049c                delChan
                0x000000000800054c                findfdChan
                0x00000000080005c4                findExistingChan
                0x000000000800067c                buildaddChan
                0x0000000008000710                allListeners
                0x00000000080007a0                ProcessRxPacket
                0x0000000008000914                DiscChanMessage
                0x0000000008000c70                ProvChanMessage
                0x0000000008000e34                ConfigChanMessage
                0x0000000008000e78                TrafficChanMessage
                0x0000000008000ebc                ProvisioningLEDCommand
                0x00000000080010e4                SI5345
                0x0000000008001110                ZEDF9T
                0x000000000800113c                AD9648
                0x0000000008001168                ATECC608
                0x00000000080015c4                PCF8574
                0x00000000080017a4                ProvisioningModuleRegisterCommand
                0x0000000008001934                initItfcMap
                0x0000000008001c14                FindItfcIndex
 .text          0x0000000008001c9c      0xbb8 obj/default/alt_error_handler.o
                0x0000000008001c9c                alt_uCOSIIErrorHandler
                0x0000000008002338                alt_NetworkErrorHandler
                0x00000000080025ac                alt_SSSErrorHandler
 .text          0x0000000008002854       0xf0 obj/default/iniche_init.o
                0x0000000008002854                SSSInitialTask
                0x00000000080028c4                main
 .text          0x0000000008002944      0x148 obj/default/led.o
                0x0000000008002944                led_bit_toggle
                0x0000000008002a34                LEDManagementTask
 .text          0x0000000008002a8c      0x420 obj/default/network_utilities.o
                0x0000000008002a8c                get_mac_addr
                0x0000000008002ae0                get_ip_addr
                0x0000000008002b3c                get_serial_number
                0x0000000008002cd0                generate_and_store_mac_addr
                0x0000000008002d24                generate_mac_addr
                0x0000000008002e54                get_board_mac_addr
                0x0000000008002e80                FindLastFlashSectorOffset
 .text          0x0000000008002eac      0x2d0 obj/default/simple_socket_server.o
                0x0000000008002eac                SSSCreateOSDataStructs
                0x0000000008002f30                SSSCreateTasks
                0x0000000008002fac                SSSSimpleSocketServerTask
 .text          0x000000000800317c        0x0 obj/default/tse_my_system.o
 .text          0x000000000800317c        0x0 /home/tom/intelFPGA_lite/20.1/nios2eds/bin/gnu/H-x86_64-pc-linux-gnu/bin/../lib/gcc/nios2-elf/9.2.1/../../../../../H-x86_64-pc-linux-gnu/nios2-elf/lib/libc.a(lib_a-ctype_.o)
 .text          0x000000000800317c        0x0 /home/tom/intelFPGA_lite/20.1/nios2eds/bin/gnu/H-x86_64-pc-linux-gnu/bin/../lib/gcc/nios2-elf/9.2.1/../../../../../H-x86_64-pc-linux-gnu/nios2-elf/lib/libc.a(lib_a-fprintf.o)
 .text._fprintf_r
                0x000000000800317c       0x28 /home/tom/intelFPGA_lite/20.1/nios2eds/bin/gnu/H-x86_64-pc-linux-gnu/bin/../lib/gcc/nios2-elf/9.2.1/../../../../../H-x86_64-pc-linux-gnu/nios2-elf/lib/libc.a(lib_a-fprintf.o)
                0x000000000800317c                _fprintf_r
 .text.fprintf  0x00000000080031a4       0x24 /home/tom/intelFPGA_lite/20.1/nios2eds/bin/gnu/H-x86_64-pc-linux-gnu/bin/../lib/gcc/nios2-elf/9.2.1/../../../../../H-x86_64-pc-linux-gnu/nios2-elf/lib/libc.a(lib_a-fprintf.o)
                0x00000000080031a4                fprintf
 .text          0x00000000080031c8        0x0 /home/tom/intelFPGA_lite/20.1/nios2eds/bin/gnu/H-x86_64-pc-linux-gnu/bin/../lib/gcc/nios2-elf/9.2.1/../../../../../H-x86_64-pc-linux-gnu/nios2-elf/lib/libc.a(lib_a-fwrite.o)
 .text._fwrite_r
                0x00000000080031c8       0xc4 /home/tom/intelFPGA_lite/20.1/nios2eds/bin/gnu/H-x86_64-pc-linux-gnu/bin/../lib/gcc/nios2-elf/9.2.1/../../../../../H-x86_64-pc-linux-gnu/nios2-elf/lib/libc.a(lib_a-fwrite.o)
                0x00000000080031c8                _fwrite_r
 .text.fwrite   0x000000000800328c       0x34 /home/tom/intelFPGA_lite/20.1/nios2eds/bin/gnu/H-x86_64-pc-linux-gnu/bin/../lib/gcc/nios2-elf/9.2.1/../../../../../H-x86_64-pc-linux-gnu/nios2-elf/lib/libc.a(lib_a-fwrite.o)
                0x000000000800328c                fwrite
 .text          0x00000000080032c0        0x0 /home/tom/intelFPGA_lite/20.1/nios2eds/bin/gnu/H-x86_64-pc-linux-gnu/bin/../lib/gcc/nios2-elf/9.2.1/../../../../../H-x86_64-pc-linux-gnu/nios2-elf/lib/libc.a(lib_a-getchar.o)
 .text._getchar_r
                0x00000000080032c0        0x8 /home/tom/intelFPGA_lite/20.1/nios2eds/bin/gnu/H-x86_64-pc-linux-gnu/bin/../lib/gcc/nios2-elf/9.2.1/../../../../../H-x86_64-pc-linux-gnu/nios2-elf/lib/libc.a(lib_a-getchar.o)
                0x00000000080032c0                _getchar_r
 .text.getchar  0x00000000080032c8       0x10 /home/tom/intelFPGA_lite/20.1/nios2eds/bin/gnu/H-x86_64-pc-linux-gnu/bin/../lib/gcc/nios2-elf/9.2.1/../../../../../H-x86_64-pc-linux-gnu/nios2-elf/lib/libc.a(lib_a-getchar.o)
                0x00000000080032c8                getchar
 .text          0x00000000080032d8        0x0 /home/tom/intelFPGA_lite/20.1/nios2eds/bin/gnu/H-x86_64-pc-linux-gnu/bin/../lib/gcc/nios2-elf/9.2.1/../../../../../H-x86_64-pc-linux-gnu/nios2-elf/lib/libc.a(lib_a-impure.o)
 .text          0x00000000080032d8        0x0 /home/tom/intelFPGA_lite/20.1/nios2eds/bin/gnu/H-x86_64-pc-linux-gnu/bin/../lib/gcc/nios2-elf/9.2.1/../../../../../H-x86_64-pc-linux-gnu/nios2-elf/lib/libc.a(lib_a-memcmp.o)
 .text.memcmp   0x00000000080032d8       0x78 /home/tom/intelFPGA_lite/20.1/nios2eds/bin/gnu/H-x86_64-pc-linux-gnu/bin/../lib/gcc/nios2-elf/9.2.1/../../../../../H-x86_64-pc-linux-gnu/nios2-elf/lib/libc.a(lib_a-memcmp.o)
                0x00000000080032d8                memcmp
 .text          0x0000000008003350        0x0 /home/tom/intelFPGA_lite/20.1/nios2eds/bin/gnu/H-x86_64-pc-linux-gnu/bin/../lib/gcc/nios2-elf/9.2.1/../../../../../H-x86_64-pc-linux-gnu/nios2-elf/lib/libc.a(lib_a-memcpy.o)
 .text.memcpy   0x0000000008003350      0x100 /home/tom/intelFPGA_lite/20.1/nios2eds/bin/gnu/H-x86_64-pc-linux-gnu/bin/../lib/gcc/nios2-elf/9.2.1/../../../../../H-x86_64-pc-linux-gnu/nios2-elf/lib/libc.a(lib_a-memcpy.o)
                0x0000000008003350                memcpy
 .text          0x0000000008003450        0x0 /home/tom/intelFPGA_lite/20.1/nios2eds/bin/gnu/H-x86_64-pc-linux-gnu/bin/../lib/gcc/nios2-elf/9.2.1/../../../../../H-x86_64-pc-linux-gnu/nios2-elf/lib/libc.a(lib_a-memset.o)
 .text.memset   0x0000000008003450       0xf0 /home/tom/intelFPGA_lite/20.1/nios2eds/bin/gnu/H-x86_64-pc-linux-gnu/bin/../lib/gcc/nios2-elf/9.2.1/../../../../../H-x86_64-pc-linux-gnu/nios2-elf/lib/libc.a(lib_a-memset.o)
                0x0000000008003450                memset
 .text          0x0000000008003540        0x0 /home/tom/intelFPGA_lite/20.1/nios2eds/bin/gnu/H-x86_64-pc-linux-gnu/bin/../lib/gcc/nios2-elf/9.2.1/../../../../../H-x86_64-pc-linux-gnu/nios2-elf/lib/libc.a(lib_a-perror.o)
 .text._perror_r
                0x0000000008003540      0x188 /home/tom/intelFPGA_lite/20.1/nios2eds/bin/gnu/H-x86_64-pc-linux-gnu/bin/../lib/gcc/nios2-elf/9.2.1/../../../../../H-x86_64-pc-linux-gnu/nios2-elf/lib/libc.a(lib_a-perror.o)
                0x0000000008003540                _perror_r
 .text.perror   0x00000000080036c8       0x10 /home/tom/intelFPGA_lite/20.1/nios2eds/bin/gnu/H-x86_64-pc-linux-gnu/bin/../lib/gcc/nios2-elf/9.2.1/../../../../../H-x86_64-pc-linux-gnu/nios2-elf/lib/libc.a(lib_a-perror.o)
                0x00000000080036c8                perror
 .text          0x00000000080036d8        0x0 /home/tom/intelFPGA_lite/20.1/nios2eds/bin/gnu/H-x86_64-pc-linux-gnu/bin/../lib/gcc/nios2-elf/9.2.1/../../../../../H-x86_64-pc-linux-gnu/nios2-elf/lib/libc.a(lib_a-printf.o)
 .text._printf_r
                0x00000000080036d8       0x30 /home/tom/intelFPGA_lite/20.1/nios2eds/bin/gnu/H-x86_64-pc-linux-gnu/bin/../lib/gcc/nios2-elf/9.2.1/../../../../../H-x86_64-pc-linux-gnu/nios2-elf/lib/libc.a(lib_a-printf.o)
                0x00000000080036d8                _printf_r
 .text.printf   0x0000000008003708       0x38 /home/tom/intelFPGA_lite/20.1/nios2eds/bin/gnu/H-x86_64-pc-linux-gnu/bin/../lib/gcc/nios2-elf/9.2.1/../../../../../H-x86_64-pc-linux-gnu/nios2-elf/lib/libc.a(lib_a-printf.o)
                0x0000000008003708                printf
 .text          0x0000000008003740        0x0 /home/tom/intelFPGA_lite/20.1/nios2eds/bin/gnu/H-x86_64-pc-linux-gnu/bin/../lib/gcc/nios2-elf/9.2.1/../../../../../H-x86_64-pc-linux-gnu/nios2-elf/lib/libc.a(lib_a-putchar.o)
 .text._putchar_r
                0x0000000008003740        0x8 /home/tom/intelFPGA_lite/20.1/nios2eds/bin/gnu/H-x86_64-pc-linux-gnu/bin/../lib/gcc/nios2-elf/9.2.1/../../../../../H-x86_64-pc-linux-gnu/nios2-elf/lib/libc.a(lib_a-putchar.o)
                0x0000000008003740                _putchar_r
 .text.putchar  0x0000000008003748       0x18 /home/tom/intelFPGA_lite/20.1/nios2eds/bin/gnu/H-x86_64-pc-linux-gnu/bin/../lib/gcc/nios2-elf/9.2.1/../../../../../H-x86_64-pc-linux-gnu/nios2-elf/lib/libc.a(lib_a-putchar.o)
                0x0000000008003748                putchar
 .text          0x0000000008003760        0x0 /home/tom/intelFPGA_lite/20.1/nios2eds/bin/gnu/H-x86_64-pc-linux-gnu/bin/../lib/gcc/nios2-elf/9.2.1/../../../../../H-x86_64-pc-linux-gnu/nios2-elf/lib/libc.a(lib_a-puts.o)
 .text._puts_r  0x0000000008003760       0xcc /home/tom/intelFPGA_lite/20.1/nios2eds/bin/gnu/H-x86_64-pc-linux-gnu/bin/../lib/gcc/nios2-elf/9.2.1/../../../../../H-x86_64-pc-linux-gnu/nios2-elf/lib/libc.a(lib_a-puts.o)
                0x0000000008003760                _puts_r
 .text.puts     0x000000000800382c       0x10 /home/tom/intelFPGA_lite/20.1/nios2eds/bin/gnu/H-x86_64-pc-linux-gnu/bin/../lib/gcc/nios2-elf/9.2.1/../../../../../H-x86_64-pc-linux-gnu/nios2-elf/lib/libc.a(lib_a-puts.o)
                0x000000000800382c                puts
 .text          0x000000000800383c        0x0 /home/tom/intelFPGA_lite/20.1/nios2eds/bin/gnu/H-x86_64-pc-linux-gnu/bin/../lib/gcc/nios2-elf/9.2.1/../../../../../H-x86_64-pc-linux-gnu/nios2-elf/lib/libc.a(lib_a-sprintf.o)
 .text._sprintf_r
                0x000000000800383c       0x54 /home/tom/intelFPGA_lite/20.1/nios2eds/bin/gnu/H-x86_64-pc-linux-gnu/bin/../lib/gcc/nios2-elf/9.2.1/../../../../../H-x86_64-pc-linux-gnu/nios2-elf/lib/libc.a(lib_a-sprintf.o)
                0x000000000800383c                _sprintf_r
 .text.sprintf  0x0000000008003890       0x64 /home/tom/intelFPGA_lite/20.1/nios2eds/bin/gnu/H-x86_64-pc-linux-gnu/bin/../lib/gcc/nios2-elf/9.2.1/../../../../../H-x86_64-pc-linux-gnu/nios2-elf/lib/libc.a(lib_a-sprintf.o)
                0x0000000008003890                sprintf
 .text          0x00000000080038f4        0x0 /home/tom/intelFPGA_lite/20.1/nios2eds/bin/gnu/H-x86_64-pc-linux-gnu/bin/../lib/gcc/nios2-elf/9.2.1/../../../../../H-x86_64-pc-linux-gnu/nios2-elf/lib/libc.a(lib_a-strcpy.o)
 .text.strcpy   0x00000000080038f4       0x8c /home/tom/intelFPGA_lite/20.1/nios2eds/bin/gnu/H-x86_64-pc-linux-gnu/bin/../lib/gcc/nios2-elf/9.2.1/../../../../../H-x86_64-pc-linux-gnu/nios2-elf/lib/libc.a(lib_a-strcpy.o)
                0x00000000080038f4                strcpy
 .text          0x0000000008003980        0x0 /home/tom/intelFPGA_lite/20.1/nios2eds/bin/gnu/H-x86_64-pc-linux-gnu/bin/../lib/gcc/nios2-elf/9.2.1/../../../../../H-x86_64-pc-linux-gnu/nios2-elf/lib/libc.a(lib_a-strerror.o)
 .text._strerror_r
                0x0000000008003980      0x65c /home/tom/intelFPGA_lite/20.1/nios2eds/bin/gnu/H-x86_64-pc-linux-gnu/bin/../lib/gcc/nios2-elf/9.2.1/../../../../../H-x86_64-pc-linux-gnu/nios2-elf/lib/libc.a(lib_a-strerror.o)
                0x0000000008003980                _strerror_r
 .text.strerror
                0x0000000008003fdc       0x18 /home/tom/intelFPGA_lite/20.1/nios2eds/bin/gnu/H-x86_64-pc-linux-gnu/bin/../lib/gcc/nios2-elf/9.2.1/../../../../../H-x86_64-pc-linux-gnu/nios2-elf/lib/libc.a(lib_a-strerror.o)
                0x0000000008003fdc                strerror
 .text.strerror_l
                0x0000000008003ff4       0x18 /home/tom/intelFPGA_lite/20.1/nios2eds/bin/gnu/H-x86_64-pc-linux-gnu/bin/../lib/gcc/nios2-elf/9.2.1/../../../../../H-x86_64-pc-linux-gnu/nios2-elf/lib/libc.a(lib_a-strerror.o)
                0x0000000008003ff4                strerror_l
 .text          0x000000000800400c        0x0 /home/tom/intelFPGA_lite/20.1/nios2eds/bin/gnu/H-x86_64-pc-linux-gnu/bin/../lib/gcc/nios2-elf/9.2.1/../../../../../H-x86_64-pc-linux-gnu/nios2-elf/lib/libc.a(lib_a-strlen.o)
 .text.strlen   0x000000000800400c       0x98 /home/tom/intelFPGA_lite/20.1/nios2eds/bin/gnu/H-x86_64-pc-linux-gnu/bin/../lib/gcc/nios2-elf/9.2.1/../../../../../H-x86_64-pc-linux-gnu/nios2-elf/lib/libc.a(lib_a-strlen.o)
                0x000000000800400c                strlen
 .text          0x00000000080040a4        0x0 /home/tom/intelFPGA_lite/20.1/nios2eds/bin/gnu/H-x86_64-pc-linux-gnu/bin/../lib/gcc/nios2-elf/9.2.1/../../../../../H-x86_64-pc-linux-gnu/nios2-elf/lib/libc.a(lib_a-strtok.o)
 .text.strtok   0x00000000080040a4       0x14 /home/tom/intelFPGA_lite/20.1/nios2eds/bin/gnu/H-x86_64-pc-linux-gnu/bin/../lib/gcc/nios2-elf/9.2.1/../../../../../H-x86_64-pc-linux-gnu/nios2-elf/lib/libc.a(lib_a-strtok.o)
                0x00000000080040a4                strtok
 .text          0x00000000080040b8        0x0 /home/tom/intelFPGA_lite/20.1/nios2eds/bin/gnu/H-x86_64-pc-linux-gnu/bin/../lib/gcc/nios2-elf/9.2.1/../../../../../H-x86_64-pc-linux-gnu/nios2-elf/lib/libc.a(lib_a-strtok_r.o)
 .text.__strtok_r
                0x00000000080040b8       0xa4 /home/tom/intelFPGA_lite/20.1/nios2eds/bin/gnu/H-x86_64-pc-linux-gnu/bin/../lib/gcc/nios2-elf/9.2.1/../../../../../H-x86_64-pc-linux-gnu/nios2-elf/lib/libc.a(lib_a-strtok_r.o)
                0x00000000080040b8                __strtok_r
 .text.strtok_r
                0x000000000800415c        0x8 /home/tom/intelFPGA_lite/20.1/nios2eds/bin/gnu/H-x86_64-pc-linux-gnu/bin/../lib/gcc/nios2-elf/9.2.1/../../../../../H-x86_64-pc-linux-gnu/nios2-elf/lib/libc.a(lib_a-strtok_r.o)
                0x000000000800415c                strtok_r
 .text          0x0000000008004164        0x0 /home/tom/intelFPGA_lite/20.1/nios2eds/bin/gnu/H-x86_64-pc-linux-gnu/bin/../lib/gcc/nios2-elf/9.2.1/../../../../../H-x86_64-pc-linux-gnu/nios2-elf/lib/libc.a(lib_a-strtoul.o)
 .text._strtoul_l.isra.0
                0x0000000008004164      0x248 /home/tom/intelFPGA_lite/20.1/nios2eds/bin/gnu/H-x86_64-pc-linux-gnu/bin/../lib/gcc/nios2-elf/9.2.1/../../../../../H-x86_64-pc-linux-gnu/nios2-elf/lib/libc.a(lib_a-strtoul.o)
 .text._strtoul_r
                0x00000000080043ac        0x4 /home/tom/intelFPGA_lite/20.1/nios2eds/bin/gnu/H-x86_64-pc-linux-gnu/bin/../lib/gcc/nios2-elf/9.2.1/../../../../../H-x86_64-pc-linux-gnu/nios2-elf/lib/libc.a(lib_a-strtoul.o)
                0x00000000080043ac                _strtoul_r
 .text.strtoul_l
                0x00000000080043b0       0x1c /home/tom/intelFPGA_lite/20.1/nios2eds/bin/gnu/H-x86_64-pc-linux-gnu/bin/../lib/gcc/nios2-elf/9.2.1/../../../../../H-x86_64-pc-linux-gnu/nios2-elf/lib/libc.a(lib_a-strtoul.o)
                0x00000000080043b0                strtoul_l
 .text.strtoul  0x00000000080043cc       0x1c /home/tom/intelFPGA_lite/20.1/nios2eds/bin/gnu/H-x86_64-pc-linux-gnu/bin/../lib/gcc/nios2-elf/9.2.1/../../../../../H-x86_64-pc-linux-gnu/nios2-elf/lib/libc.a(lib_a-strtoul.o)
                0x00000000080043cc                strtoul
 .text          0x00000000080043e8        0x0 /home/tom/intelFPGA_lite/20.1/nios2eds/bin/gnu/H-x86_64-pc-linux-gnu/bin/../lib/gcc/nios2-elf/9.2.1/../../../../../H-x86_64-pc-linux-gnu/nios2-elf/lib/libc.a(lib_a-svfprintf.o)
 .text.___svfprintf_internal_r
                0x00000000080043e8     0x209c /home/tom/intelFPGA_lite/20.1/nios2eds/bin/gnu/H-x86_64-pc-linux-gnu/bin/../lib/gcc/nios2-elf/9.2.1/../../../../../H-x86_64-pc-linux-gnu/nios2-elf/lib/libc.a(lib_a-svfprintf.o)
                0x00000000080043e8                ___svfprintf_internal_r
 .text          0x0000000008006484        0x0 /home/tom/intelFPGA_lite/20.1/nios2eds/bin/gnu/H-x86_64-pc-linux-gnu/bin/../lib/gcc/nios2-elf/9.2.1/../../../../../H-x86_64-pc-linux-gnu/nios2-elf/lib/libc.a(lib_a-u_strerr.o)
 .text._user_strerror
                0x0000000008006484        0x8 /home/tom/intelFPGA_lite/20.1/nios2eds/bin/gnu/H-x86_64-pc-linux-gnu/bin/../lib/gcc/nios2-elf/9.2.1/../../../../../H-x86_64-pc-linux-gnu/nios2-elf/lib/libc.a(lib_a-u_strerr.o)
                0x0000000008006484                _user_strerror
 .text          0x000000000800648c        0x0 /home/tom/intelFPGA_lite/20.1/nios2eds/bin/gnu/H-x86_64-pc-linux-gnu/bin/../lib/gcc/nios2-elf/9.2.1/../../../../../H-x86_64-pc-linux-gnu/nios2-elf/lib/libc.a(lib_a-vfprintf.o)
 .text.___vfprintf_internal_r
                0x000000000800648c     0x20dc /home/tom/intelFPGA_lite/20.1/nios2eds/bin/gnu/H-x86_64-pc-linux-gnu/bin/../lib/gcc/nios2-elf/9.2.1/../../../../../H-x86_64-pc-linux-gnu/nios2-elf/lib/libc.a(lib_a-vfprintf.o)
                0x000000000800648c                ___vfprintf_internal_r
 .text.__vfprintf_internal
                0x0000000008008568       0x1c /home/tom/intelFPGA_lite/20.1/nios2eds/bin/gnu/H-x86_64-pc-linux-gnu/bin/../lib/gcc/nios2-elf/9.2.1/../../../../../H-x86_64-pc-linux-gnu/nios2-elf/lib/libc.a(lib_a-vfprintf.o)
                0x0000000008008568                __vfprintf_internal
 .text.__sbprintf
                0x0000000008008584       0xc0 /home/tom/intelFPGA_lite/20.1/nios2eds/bin/gnu/H-x86_64-pc-linux-gnu/bin/../lib/gcc/nios2-elf/9.2.1/../../../../../H-x86_64-pc-linux-gnu/nios2-elf/lib/libc.a(lib_a-vfprintf.o)
 .text          0x0000000008008644        0x0 /home/tom/intelFPGA_lite/20.1/nios2eds/bin/gnu/H-x86_64-pc-linux-gnu/bin/../lib/gcc/nios2-elf/9.2.1/../../../../../H-x86_64-pc-linux-gnu/nios2-elf/lib/libc.a(lib_a-writer.o)
 .text._write_r
                0x0000000008008644       0x64 /home/tom/intelFPGA_lite/20.1/nios2eds/bin/gnu/H-x86_64-pc-linux-gnu/bin/../lib/gcc/nios2-elf/9.2.1/../../../../../H-x86_64-pc-linux-gnu/nios2-elf/lib/libc.a(lib_a-writer.o)
                0x0000000008008644                _write_r
 .text          0x00000000080086a8        0x0 /home/tom/intelFPGA_lite/20.1/nios2eds/bin/gnu/H-x86_64-pc-linux-gnu/bin/../lib/gcc/nios2-elf/9.2.1/../../../../../H-x86_64-pc-linux-gnu/nios2-elf/lib/libc.a(lib_a-wsetup.o)
 .text.__swsetup_r
                0x00000000080086a8      0x15c /home/tom/intelFPGA_lite/20.1/nios2eds/bin/gnu/H-x86_64-pc-linux-gnu/bin/../lib/gcc/nios2-elf/9.2.1/../../../../../H-x86_64-pc-linux-gnu/nios2-elf/lib/libc.a(lib_a-wsetup.o)
                0x00000000080086a8                __swsetup_r
 .text          0x0000000008008804        0x0 /home/tom/intelFPGA_lite/20.1/nios2eds/bin/gnu/H-x86_64-pc-linux-gnu/bin/../lib/gcc/nios2-elf/9.2.1/../../../../../H-x86_64-pc-linux-gnu/nios2-elf/lib/libc.a(lib_a-dtoa.o)
 .text.quorem   0x0000000008008804      0x1fc /home/tom/intelFPGA_lite/20.1/nios2eds/bin/gnu/H-x86_64-pc-linux-gnu/bin/../lib/gcc/nios2-elf/9.2.1/../../../../../H-x86_64-pc-linux-gnu/nios2-elf/lib/libc.a(lib_a-dtoa.o)
 .text._dtoa_r  0x0000000008008a00     0x1750 /home/tom/intelFPGA_lite/20.1/nios2eds/bin/gnu/H-x86_64-pc-linux-gnu/bin/../lib/gcc/nios2-elf/9.2.1/../../../../../H-x86_64-pc-linux-gnu/nios2-elf/lib/libc.a(lib_a-dtoa.o)
                0x0000000008008a00                _dtoa_r
 .text          0x000000000800a150        0x0 /home/tom/intelFPGA_lite/20.1/nios2eds/bin/gnu/H-x86_64-pc-linux-gnu/bin/../lib/gcc/nios2-elf/9.2.1/../../../../../H-x86_64-pc-linux-gnu/nios2-elf/lib/libc.a(lib_a-fflush.o)
 .text.__sflush_r
                0x000000000800a150      0x228 /home/tom/intelFPGA_lite/20.1/nios2eds/bin/gnu/H-x86_64-pc-linux-gnu/bin/../lib/gcc/nios2-elf/9.2.1/../../../../../H-x86_64-pc-linux-gnu/nios2-elf/lib/libc.a(lib_a-fflush.o)
                0x000000000800a150                __sflush_r
 .text._fflush_r
                0x000000000800a378       0x60 /home/tom/intelFPGA_lite/20.1/nios2eds/bin/gnu/H-x86_64-pc-linux-gnu/bin/../lib/gcc/nios2-elf/9.2.1/../../../../../H-x86_64-pc-linux-gnu/nios2-elf/lib/libc.a(lib_a-fflush.o)
                0x000000000800a378                _fflush_r
 .text.fflush   0x000000000800a3d8       0x28 /home/tom/intelFPGA_lite/20.1/nios2eds/bin/gnu/H-x86_64-pc-linux-gnu/bin/../lib/gcc/nios2-elf/9.2.1/../../../../../H-x86_64-pc-linux-gnu/nios2-elf/lib/libc.a(lib_a-fflush.o)
                0x000000000800a3d8                fflush
 .text          0x000000000800a400        0x0 /home/tom/intelFPGA_lite/20.1/nios2eds/bin/gnu/H-x86_64-pc-linux-gnu/bin/../lib/gcc/nios2-elf/9.2.1/../../../../../H-x86_64-pc-linux-gnu/nios2-elf/lib/libc.a(lib_a-fileno.o)
 .text.fileno   0x000000000800a400       0x64 /home/tom/intelFPGA_lite/20.1/nios2eds/bin/gnu/H-x86_64-pc-linux-gnu/bin/../lib/gcc/nios2-elf/9.2.1/../../../../../H-x86_64-pc-linux-gnu/nios2-elf/lib/libc.a(lib_a-fileno.o)
                0x000000000800a400                fileno
 .text          0x000000000800a464        0x0 /home/tom/intelFPGA_lite/20.1/nios2eds/bin/gnu/H-x86_64-pc-linux-gnu/bin/../lib/gcc/nios2-elf/9.2.1/../../../../../H-x86_64-pc-linux-gnu/nios2-elf/lib/libc.a(lib_a-findfp.o)
 .text.__fp_lock
                0x000000000800a464        0x8 /home/tom/intelFPGA_lite/20.1/nios2eds/bin/gnu/H-x86_64-pc-linux-gnu/bin/../lib/gcc/nios2-elf/9.2.1/../../../../../H-x86_64-pc-linux-gnu/nios2-elf/lib/libc.a(lib_a-findfp.o)
 .text._cleanup_r
                0x000000000800a46c        0xc /home/tom/intelFPGA_lite/20.1/nios2eds/bin/gnu/H-x86_64-pc-linux-gnu/bin/../lib/gcc/nios2-elf/9.2.1/../../../../../H-x86_64-pc-linux-gnu/nios2-elf/lib/libc.a(lib_a-findfp.o)
                0x000000000800a46c                _cleanup_r
 .text.__sinit.part.0
                0x000000000800a478      0x168 /home/tom/intelFPGA_lite/20.1/nios2eds/bin/gnu/H-x86_64-pc-linux-gnu/bin/../lib/gcc/nios2-elf/9.2.1/../../../../../H-x86_64-pc-linux-gnu/nios2-elf/lib/libc.a(lib_a-findfp.o)
 .text.__fp_unlock
                0x000000000800a5e0        0x8 /home/tom/intelFPGA_lite/20.1/nios2eds/bin/gnu/H-x86_64-pc-linux-gnu/bin/../lib/gcc/nios2-elf/9.2.1/../../../../../H-x86_64-pc-linux-gnu/nios2-elf/lib/libc.a(lib_a-findfp.o)
 .text.__sfmoreglue
                0x000000000800a5e8       0x68 /home/tom/intelFPGA_lite/20.1/nios2eds/bin/gnu/H-x86_64-pc-linux-gnu/bin/../lib/gcc/nios2-elf/9.2.1/../../../../../H-x86_64-pc-linux-gnu/nios2-elf/lib/libc.a(lib_a-findfp.o)
                0x000000000800a5e8                __sfmoreglue
 .text.__sfp    0x000000000800a650       0xfc /home/tom/intelFPGA_lite/20.1/nios2eds/bin/gnu/H-x86_64-pc-linux-gnu/bin/../lib/gcc/nios2-elf/9.2.1/../../../../../H-x86_64-pc-linux-gnu/nios2-elf/lib/libc.a(lib_a-findfp.o)
                0x000000000800a650                __sfp
 .text._cleanup
                0x000000000800a74c       0x14 /home/tom/intelFPGA_lite/20.1/nios2eds/bin/gnu/H-x86_64-pc-linux-gnu/bin/../lib/gcc/nios2-elf/9.2.1/../../../../../H-x86_64-pc-linux-gnu/nios2-elf/lib/libc.a(lib_a-findfp.o)
                0x000000000800a74c                _cleanup
 .text.__sinit  0x000000000800a760       0x10 /home/tom/intelFPGA_lite/20.1/nios2eds/bin/gnu/H-x86_64-pc-linux-gnu/bin/../lib/gcc/nios2-elf/9.2.1/../../../../../H-x86_64-pc-linux-gnu/nios2-elf/lib/libc.a(lib_a-findfp.o)
                0x000000000800a760                __sinit
 .text.__sfp_lock_acquire
                0x000000000800a770        0x4 /home/tom/intelFPGA_lite/20.1/nios2eds/bin/gnu/H-x86_64-pc-linux-gnu/bin/../lib/gcc/nios2-elf/9.2.1/../../../../../H-x86_64-pc-linux-gnu/nios2-elf/lib/libc.a(lib_a-findfp.o)
                0x000000000800a770                __sfp_lock_acquire
 .text.__sfp_lock_release
                0x000000000800a774        0x4 /home/tom/intelFPGA_lite/20.1/nios2eds/bin/gnu/H-x86_64-pc-linux-gnu/bin/../lib/gcc/nios2-elf/9.2.1/../../../../../H-x86_64-pc-linux-gnu/nios2-elf/lib/libc.a(lib_a-findfp.o)
                0x000000000800a774                __sfp_lock_release
 .text.__sinit_lock_acquire
                0x000000000800a778        0x4 /home/tom/intelFPGA_lite/20.1/nios2eds/bin/gnu/H-x86_64-pc-linux-gnu/bin/../lib/gcc/nios2-elf/9.2.1/../../../../../H-x86_64-pc-linux-gnu/nios2-elf/lib/libc.a(lib_a-findfp.o)
                0x000000000800a778                __sinit_lock_acquire
 .text.__sinit_lock_release
                0x000000000800a77c        0x4 /home/tom/intelFPGA_lite/20.1/nios2eds/bin/gnu/H-x86_64-pc-linux-gnu/bin/../lib/gcc/nios2-elf/9.2.1/../../../../../H-x86_64-pc-linux-gnu/nios2-elf/lib/libc.a(lib_a-findfp.o)
                0x000000000800a77c                __sinit_lock_release
 .text.__fp_lock_all
                0x000000000800a780       0x14 /home/tom/intelFPGA_lite/20.1/nios2eds/bin/gnu/H-x86_64-pc-linux-gnu/bin/../lib/gcc/nios2-elf/9.2.1/../../../../../H-x86_64-pc-linux-gnu/nios2-elf/lib/libc.a(lib_a-findfp.o)
                0x000000000800a780                __fp_lock_all
 .text.__fp_unlock_all
                0x000000000800a794       0x14 /home/tom/intelFPGA_lite/20.1/nios2eds/bin/gnu/H-x86_64-pc-linux-gnu/bin/../lib/gcc/nios2-elf/9.2.1/../../../../../H-x86_64-pc-linux-gnu/nios2-elf/lib/libc.a(lib_a-findfp.o)
                0x000000000800a794                __fp_unlock_all
 .text          0x000000000800a7a8        0x0 /home/tom/intelFPGA_lite/20.1/nios2eds/bin/gnu/H-x86_64-pc-linux-gnu/bin/../lib/gcc/nios2-elf/9.2.1/../../../../../H-x86_64-pc-linux-gnu/nios2-elf/lib/libc.a(lib_a-freer.o)
 .text._malloc_trim_r
                0x000000000800a7a8      0x11c /home/tom/intelFPGA_lite/20.1/nios2eds/bin/gnu/H-x86_64-pc-linux-gnu/bin/../lib/gcc/nios2-elf/9.2.1/../../../../../H-x86_64-pc-linux-gnu/nios2-elf/lib/libc.a(lib_a-freer.o)
                0x000000000800a7a8                _malloc_trim_r
 .text._free_r  0x000000000800a8c4      0x2fc /home/tom/intelFPGA_lite/20.1/nios2eds/bin/gnu/H-x86_64-pc-linux-gnu/bin/../lib/gcc/nios2-elf/9.2.1/../../../../../H-x86_64-pc-linux-gnu/nios2-elf/lib/libc.a(lib_a-freer.o)
                0x000000000800a8c4                _free_r
 .text          0x000000000800abc0        0x0 /home/tom/intelFPGA_lite/20.1/nios2eds/bin/gnu/H-x86_64-pc-linux-gnu/bin/../lib/gcc/nios2-elf/9.2.1/../../../../../H-x86_64-pc-linux-gnu/nios2-elf/lib/libc.a(lib_a-fvwrite.o)
 .text.__sfvwrite_r
                0x000000000800abc0      0x4bc /home/tom/intelFPGA_lite/20.1/nios2eds/bin/gnu/H-x86_64-pc-linux-gnu/bin/../lib/gcc/nios2-elf/9.2.1/../../../../../H-x86_64-pc-linux-gnu/nios2-elf/lib/libc.a(lib_a-fvwrite.o)
                0x000000000800abc0                __sfvwrite_r
 .text          0x000000000800b07c        0x0 /home/tom/intelFPGA_lite/20.1/nios2eds/bin/gnu/H-x86_64-pc-linux-gnu/bin/../lib/gcc/nios2-elf/9.2.1/../../../../../H-x86_64-pc-linux-gnu/nios2-elf/lib/libc.a(lib_a-fwalk.o)
 .text._fwalk   0x000000000800b07c       0x98 /home/tom/intelFPGA_lite/20.1/nios2eds/bin/gnu/H-x86_64-pc-linux-gnu/bin/../lib/gcc/nios2-elf/9.2.1/../../../../../H-x86_64-pc-linux-gnu/nios2-elf/lib/libc.a(lib_a-fwalk.o)
                0x000000000800b07c                _fwalk
 .text._fwalk_reent
                0x000000000800b114       0xa8 /home/tom/intelFPGA_lite/20.1/nios2eds/bin/gnu/H-x86_64-pc-linux-gnu/bin/../lib/gcc/nios2-elf/9.2.1/../../../../../H-x86_64-pc-linux-gnu/nios2-elf/lib/libc.a(lib_a-fwalk.o)
                0x000000000800b114                _fwalk_reent
 .text          0x000000000800b1bc        0x0 /home/tom/intelFPGA_lite/20.1/nios2eds/bin/gnu/H-x86_64-pc-linux-gnu/bin/../lib/gcc/nios2-elf/9.2.1/../../../../../H-x86_64-pc-linux-gnu/nios2-elf/lib/libc.a(lib_a-getc.o)
 .text._getc_r  0x000000000800b1bc       0x7c /home/tom/intelFPGA_lite/20.1/nios2eds/bin/gnu/H-x86_64-pc-linux-gnu/bin/../lib/gcc/nios2-elf/9.2.1/../../../../../H-x86_64-pc-linux-gnu/nios2-elf/lib/libc.a(lib_a-getc.o)
                0x000000000800b1bc                _getc_r
 .text.getc     0x000000000800b238       0x90 /home/tom/intelFPGA_lite/20.1/nios2eds/bin/gnu/H-x86_64-pc-linux-gnu/bin/../lib/gcc/nios2-elf/9.2.1/../../../../../H-x86_64-pc-linux-gnu/nios2-elf/lib/libc.a(lib_a-getc.o)
                0x000000000800b238                getc
 .text          0x000000000800b2c8        0x0 /home/tom/intelFPGA_lite/20.1/nios2eds/bin/gnu/H-x86_64-pc-linux-gnu/bin/../lib/gcc/nios2-elf/9.2.1/../../../../../H-x86_64-pc-linux-gnu/nios2-elf/lib/libc.a(lib_a-int_errno.o)
 .text          0x000000000800b2c8        0x0 /home/tom/intelFPGA_lite/20.1/nios2eds/bin/gnu/H-x86_64-pc-linux-gnu/bin/../lib/gcc/nios2-elf/9.2.1/../../../../../H-x86_64-pc-linux-gnu/nios2-elf/lib/libc.a(lib_a-localeconv.o)
 .text.__localeconv_l
                0x000000000800b2c8        0x8 /home/tom/intelFPGA_lite/20.1/nios2eds/bin/gnu/H-x86_64-pc-linux-gnu/bin/../lib/gcc/nios2-elf/9.2.1/../../../../../H-x86_64-pc-linux-gnu/nios2-elf/lib/libc.a(lib_a-localeconv.o)
                0x000000000800b2c8                __localeconv_l
 .text._localeconv_r
                0x000000000800b2d0        0xc /home/tom/intelFPGA_lite/20.1/nios2eds/bin/gnu/H-x86_64-pc-linux-gnu/bin/../lib/gcc/nios2-elf/9.2.1/../../../../../H-x86_64-pc-linux-gnu/nios2-elf/lib/libc.a(lib_a-localeconv.o)
                0x000000000800b2d0                _localeconv_r
 .text.localeconv
                0x000000000800b2dc        0xc /home/tom/intelFPGA_lite/20.1/nios2eds/bin/gnu/H-x86_64-pc-linux-gnu/bin/../lib/gcc/nios2-elf/9.2.1/../../../../../H-x86_64-pc-linux-gnu/nios2-elf/lib/libc.a(lib_a-localeconv.o)
                0x000000000800b2dc                localeconv
 .text          0x000000000800b2e8        0x0 /home/tom/intelFPGA_lite/20.1/nios2eds/bin/gnu/H-x86_64-pc-linux-gnu/bin/../lib/gcc/nios2-elf/9.2.1/../../../../../H-x86_64-pc-linux-gnu/nios2-elf/lib/libc.a(lib_a-makebuf.o)
 .text.__swhatbuf_r
                0x000000000800b2e8       0x98 /home/tom/intelFPGA_lite/20.1/nios2eds/bin/gnu/H-x86_64-pc-linux-gnu/bin/../lib/gcc/nios2-elf/9.2.1/../../../../../H-x86_64-pc-linux-gnu/nios2-elf/lib/libc.a(lib_a-makebuf.o)
                0x000000000800b2e8                __swhatbuf_r
 .text.__smakebuf_r
                0x000000000800b380      0x140 /home/tom/intelFPGA_lite/20.1/nios2eds/bin/gnu/H-x86_64-pc-linux-gnu/bin/../lib/gcc/nios2-elf/9.2.1/../../../../../H-x86_64-pc-linux-gnu/nios2-elf/lib/libc.a(lib_a-makebuf.o)
                0x000000000800b380                __smakebuf_r
 .text          0x000000000800b4c0        0x0 /home/tom/intelFPGA_lite/20.1/nios2eds/bin/gnu/H-x86_64-pc-linux-gnu/bin/../lib/gcc/nios2-elf/9.2.1/../../../../../H-x86_64-pc-linux-gnu/nios2-elf/lib/libc.a(lib_a-mallocr.o)
 .text._malloc_r
                0x000000000800b4c0      0x7e0 /home/tom/intelFPGA_lite/20.1/nios2eds/bin/gnu/H-x86_64-pc-linux-gnu/bin/../lib/gcc/nios2-elf/9.2.1/../../../../../H-x86_64-pc-linux-gnu/nios2-elf/lib/libc.a(lib_a-mallocr.o)
                0x000000000800b4c0                _malloc_r
 .text          0x000000000800bca0        0x0 /home/tom/intelFPGA_lite/20.1/nios2eds/bin/gnu/H-x86_64-pc-linux-gnu/bin/../lib/gcc/nios2-elf/9.2.1/../../../../../H-x86_64-pc-linux-gnu/nios2-elf/lib/libc.a(lib_a-memchr.o)
 .text.memchr   0x000000000800bca0       0xd4 /home/tom/intelFPGA_lite/20.1/nios2eds/bin/gnu/H-x86_64-pc-linux-gnu/bin/../lib/gcc/nios2-elf/9.2.1/../../../../../H-x86_64-pc-linux-gnu/nios2-elf/lib/libc.a(lib_a-memchr.o)
                0x000000000800bca0                memchr
 .text          0x000000000800bd74        0x0 /home/tom/intelFPGA_lite/20.1/nios2eds/bin/gnu/H-x86_64-pc-linux-gnu/bin/../lib/gcc/nios2-elf/9.2.1/../../../../../H-x86_64-pc-linux-gnu/nios2-elf/lib/libc.a(lib_a-memmove.o)
 .text.memmove  0x000000000800bd74      0x12c /home/tom/intelFPGA_lite/20.1/nios2eds/bin/gnu/H-x86_64-pc-linux-gnu/bin/../lib/gcc/nios2-elf/9.2.1/../../../../../H-x86_64-pc-linux-gnu/nios2-elf/lib/libc.a(lib_a-memmove.o)
                0x000000000800bd74                memmove
 .text          0x000000000800bea0        0x0 /home/tom/intelFPGA_lite/20.1/nios2eds/bin/gnu/H-x86_64-pc-linux-gnu/bin/../lib/gcc/nios2-elf/9.2.1/../../../../../H-x86_64-pc-linux-gnu/nios2-elf/lib/libc.a(lib_a-mprec.o)
 .text._Balloc  0x000000000800bea0       0xa4 /home/tom/intelFPGA_lite/20.1/nios2eds/bin/gnu/H-x86_64-pc-linux-gnu/bin/../lib/gcc/nios2-elf/9.2.1/../../../../../H-x86_64-pc-linux-gnu/nios2-elf/lib/libc.a(lib_a-mprec.o)
                0x000000000800bea0                _Balloc
 .text._Bfree   0x000000000800bf44       0x24 /home/tom/intelFPGA_lite/20.1/nios2eds/bin/gnu/H-x86_64-pc-linux-gnu/bin/../lib/gcc/nios2-elf/9.2.1/../../../../../H-x86_64-pc-linux-gnu/nios2-elf/lib/libc.a(lib_a-mprec.o)
                0x000000000800bf44                _Bfree
 .text.__multadd
                0x000000000800bf68      0x138 /home/tom/intelFPGA_lite/20.1/nios2eds/bin/gnu/H-x86_64-pc-linux-gnu/bin/../lib/gcc/nios2-elf/9.2.1/../../../../../H-x86_64-pc-linux-gnu/nios2-elf/lib/libc.a(lib_a-mprec.o)
                0x000000000800bf68                __multadd
 .text.__s2b    0x000000000800c0a0      0x138 /home/tom/intelFPGA_lite/20.1/nios2eds/bin/gnu/H-x86_64-pc-linux-gnu/bin/../lib/gcc/nios2-elf/9.2.1/../../../../../H-x86_64-pc-linux-gnu/nios2-elf/lib/libc.a(lib_a-mprec.o)
                0x000000000800c0a0                __s2b
 .text.__hi0bits
                0x000000000800c1d8       0x64 /home/tom/intelFPGA_lite/20.1/nios2eds/bin/gnu/H-x86_64-pc-linux-gnu/bin/../lib/gcc/nios2-elf/9.2.1/../../../../../H-x86_64-pc-linux-gnu/nios2-elf/lib/libc.a(lib_a-mprec.o)
                0x000000000800c1d8                __hi0bits
 .text.__lo0bits
                0x000000000800c23c       0xb0 /home/tom/intelFPGA_lite/20.1/nios2eds/bin/gnu/H-x86_64-pc-linux-gnu/bin/../lib/gcc/nios2-elf/9.2.1/../../../../../H-x86_64-pc-linux-gnu/nios2-elf/lib/libc.a(lib_a-mprec.o)
                0x000000000800c23c                __lo0bits
 .text.__i2b    0x000000000800c2ec       0x54 /home/tom/intelFPGA_lite/20.1/nios2eds/bin/gnu/H-x86_64-pc-linux-gnu/bin/../lib/gcc/nios2-elf/9.2.1/../../../../../H-x86_64-pc-linux-gnu/nios2-elf/lib/libc.a(lib_a-mprec.o)
                0x000000000800c2ec                __i2b
 .text.__multiply
                0x000000000800c340      0x230 /home/tom/intelFPGA_lite/20.1/nios2eds/bin/gnu/H-x86_64-pc-linux-gnu/bin/../lib/gcc/nios2-elf/9.2.1/../../../../../H-x86_64-pc-linux-gnu/nios2-elf/lib/libc.a(lib_a-mprec.o)
                0x000000000800c340                __multiply
 .text.__pow5mult
                0x000000000800c570      0x118 /home/tom/intelFPGA_lite/20.1/nios2eds/bin/gnu/H-x86_64-pc-linux-gnu/bin/../lib/gcc/nios2-elf/9.2.1/../../../../../H-x86_64-pc-linux-gnu/nios2-elf/lib/libc.a(lib_a-mprec.o)
                0x000000000800c570                __pow5mult
 .text.__lshift
                0x000000000800c688      0x188 /home/tom/intelFPGA_lite/20.1/nios2eds/bin/gnu/H-x86_64-pc-linux-gnu/bin/../lib/gcc/nios2-elf/9.2.1/../../../../../H-x86_64-pc-linux-gnu/nios2-elf/lib/libc.a(lib_a-mprec.o)
                0x000000000800c688                __lshift
 .text.__mcmp   0x000000000800c810       0x58 /home/tom/intelFPGA_lite/20.1/nios2eds/bin/gnu/H-x86_64-pc-linux-gnu/bin/../lib/gcc/nios2-elf/9.2.1/../../../../../H-x86_64-pc-linux-gnu/nios2-elf/lib/libc.a(lib_a-mprec.o)
                0x000000000800c810                __mcmp
 .text.__mdiff  0x000000000800c868      0x22c /home/tom/intelFPGA_lite/20.1/nios2eds/bin/gnu/H-x86_64-pc-linux-gnu/bin/../lib/gcc/nios2-elf/9.2.1/../../../../../H-x86_64-pc-linux-gnu/nios2-elf/lib/libc.a(lib_a-mprec.o)
                0x000000000800c868                __mdiff
 .text.__ulp    0x000000000800ca94       0x5c /home/tom/intelFPGA_lite/20.1/nios2eds/bin/gnu/H-x86_64-pc-linux-gnu/bin/../lib/gcc/nios2-elf/9.2.1/../../../../../H-x86_64-pc-linux-gnu/nios2-elf/lib/libc.a(lib_a-mprec.o)
                0x000000000800ca94                __ulp
 .text.__b2d    0x000000000800caf0      0x104 /home/tom/intelFPGA_lite/20.1/nios2eds/bin/gnu/H-x86_64-pc-linux-gnu/bin/../lib/gcc/nios2-elf/9.2.1/../../../../../H-x86_64-pc-linux-gnu/nios2-elf/lib/libc.a(lib_a-mprec.o)
                0x000000000800caf0                __b2d
 .text.__d2b    0x000000000800cbf4      0x164 /home/tom/intelFPGA_lite/20.1/nios2eds/bin/gnu/H-x86_64-pc-linux-gnu/bin/../lib/gcc/nios2-elf/9.2.1/../../../../../H-x86_64-pc-linux-gnu/nios2-elf/lib/libc.a(lib_a-mprec.o)
                0x000000000800cbf4                __d2b
 .text.__ratio  0x000000000800cd58       0xa8 /home/tom/intelFPGA_lite/20.1/nios2eds/bin/gnu/H-x86_64-pc-linux-gnu/bin/../lib/gcc/nios2-elf/9.2.1/../../../../../H-x86_64-pc-linux-gnu/nios2-elf/lib/libc.a(lib_a-mprec.o)
                0x000000000800cd58                __ratio
 .text._mprec_log10
                0x000000000800ce00       0x70 /home/tom/intelFPGA_lite/20.1/nios2eds/bin/gnu/H-x86_64-pc-linux-gnu/bin/../lib/gcc/nios2-elf/9.2.1/../../../../../H-x86_64-pc-linux-gnu/nios2-elf/lib/libc.a(lib_a-mprec.o)
                0x000000000800ce00                _mprec_log10
 .text.__copybits
                0x000000000800ce70       0x6c /home/tom/intelFPGA_lite/20.1/nios2eds/bin/gnu/H-x86_64-pc-linux-gnu/bin/../lib/gcc/nios2-elf/9.2.1/../../../../../H-x86_64-pc-linux-gnu/nios2-elf/lib/libc.a(lib_a-mprec.o)
                0x000000000800ce70                __copybits
 .text.__any_on
                0x000000000800cedc       0x60 /home/tom/intelFPGA_lite/20.1/nios2eds/bin/gnu/H-x86_64-pc-linux-gnu/bin/../lib/gcc/nios2-elf/9.2.1/../../../../../H-x86_64-pc-linux-gnu/nios2-elf/lib/libc.a(lib_a-mprec.o)
                0x000000000800cedc                __any_on
 .text          0x000000000800cf3c        0x0 /home/tom/intelFPGA_lite/20.1/nios2eds/bin/gnu/H-x86_64-pc-linux-gnu/bin/../lib/gcc/nios2-elf/9.2.1/../../../../../H-x86_64-pc-linux-gnu/nios2-elf/lib/libc.a(lib_a-putc.o)
 .text._putc_r  0x000000000800cf3c       0xcc /home/tom/intelFPGA_lite/20.1/nios2eds/bin/gnu/H-x86_64-pc-linux-gnu/bin/../lib/gcc/nios2-elf/9.2.1/../../../../../H-x86_64-pc-linux-gnu/nios2-elf/lib/libc.a(lib_a-putc.o)
                0x000000000800cf3c                _putc_r
 .text.putc     0x000000000800d008       0xe0 /home/tom/intelFPGA_lite/20.1/nios2eds/bin/gnu/H-x86_64-pc-linux-gnu/bin/../lib/gcc/nios2-elf/9.2.1/../../../../../H-x86_64-pc-linux-gnu/nios2-elf/lib/libc.a(lib_a-putc.o)
                0x000000000800d008                putc
 .text          0x000000000800d0e8        0x0 /home/tom/intelFPGA_lite/20.1/nios2eds/bin/gnu/H-x86_64-pc-linux-gnu/bin/../lib/gcc/nios2-elf/9.2.1/../../../../../H-x86_64-pc-linux-gnu/nios2-elf/lib/libc.a(lib_a-reallocr.o)
 .text._realloc_r
                0x000000000800d0e8      0x564 /home/tom/intelFPGA_lite/20.1/nios2eds/bin/gnu/H-x86_64-pc-linux-gnu/bin/../lib/gcc/nios2-elf/9.2.1/../../../../../H-x86_64-pc-linux-gnu/nios2-elf/lib/libc.a(lib_a-reallocr.o)
                0x000000000800d0e8                _realloc_r
 .text          0x000000000800d64c        0x0 /home/tom/intelFPGA_lite/20.1/nios2eds/bin/gnu/H-x86_64-pc-linux-gnu/bin/../lib/gcc/nios2-elf/9.2.1/../../../../../H-x86_64-pc-linux-gnu/nios2-elf/lib/libc.a(lib_a-rget.o)
 .text.__srget_r
                0x000000000800d64c       0x74 /home/tom/intelFPGA_lite/20.1/nios2eds/bin/gnu/H-x86_64-pc-linux-gnu/bin/../lib/gcc/nios2-elf/9.2.1/../../../../../H-x86_64-pc-linux-gnu/nios2-elf/lib/libc.a(lib_a-rget.o)
                0x000000000800d64c                __srget_r
 .text.__srget  0x000000000800d6c0       0x10 /home/tom/intelFPGA_lite/20.1/nios2eds/bin/gnu/H-x86_64-pc-linux-gnu/bin/../lib/gcc/nios2-elf/9.2.1/../../../../../H-x86_64-pc-linux-gnu/nios2-elf/lib/libc.a(lib_a-rget.o)
                0x000000000800d6c0                __srget
 .text          0x000000000800d6d0        0x0 /home/tom/intelFPGA_lite/20.1/nios2eds/bin/gnu/H-x86_64-pc-linux-gnu/bin/../lib/gcc/nios2-elf/9.2.1/../../../../../H-x86_64-pc-linux-gnu/nios2-elf/lib/libc.a(lib_a-sbrkr.o)
 .text._sbrk_r  0x000000000800d6d0       0x58 /home/tom/intelFPGA_lite/20.1/nios2eds/bin/gnu/H-x86_64-pc-linux-gnu/bin/../lib/gcc/nios2-elf/9.2.1/../../../../../H-x86_64-pc-linux-gnu/nios2-elf/lib/libc.a(lib_a-sbrkr.o)
                0x000000000800d6d0                _sbrk_r
 .text          0x000000000800d728        0x0 /home/tom/intelFPGA_lite/20.1/nios2eds/bin/gnu/H-x86_64-pc-linux-gnu/bin/../lib/gcc/nios2-elf/9.2.1/../../../../../H-x86_64-pc-linux-gnu/nios2-elf/lib/libc.a(lib_a-stdio.o)
 .text.__sread  0x000000000800d728       0x54 /home/tom/intelFPGA_lite/20.1/nios2eds/bin/gnu/H-x86_64-pc-linux-gnu/bin/../lib/gcc/nios2-elf/9.2.1/../../../../../H-x86_64-pc-linux-gnu/nios2-elf/lib/libc.a(lib_a-stdio.o)
                0x000000000800d728                __sread
 .text.__seofread
                0x000000000800d77c        0x8 /home/tom/intelFPGA_lite/20.1/nios2eds/bin/gnu/H-x86_64-pc-linux-gnu/bin/../lib/gcc/nios2-elf/9.2.1/../../../../../H-x86_64-pc-linux-gnu/nios2-elf/lib/libc.a(lib_a-stdio.o)
                0x000000000800d77c                __seofread
 .text.__swrite
                0x000000000800d784       0x80 /home/tom/intelFPGA_lite/20.1/nios2eds/bin/gnu/H-x86_64-pc-linux-gnu/bin/../lib/gcc/nios2-elf/9.2.1/../../../../../H-x86_64-pc-linux-gnu/nios2-elf/lib/libc.a(lib_a-stdio.o)
                0x000000000800d784                __swrite
 .text.__sseek  0x000000000800d804       0x5c /home/tom/intelFPGA_lite/20.1/nios2eds/bin/gnu/H-x86_64-pc-linux-gnu/bin/../lib/gcc/nios2-elf/9.2.1/../../../../../H-x86_64-pc-linux-gnu/nios2-elf/lib/libc.a(lib_a-stdio.o)
                0x000000000800d804                __sseek
 .text.__sclose
                0x000000000800d860        0x8 /home/tom/intelFPGA_lite/20.1/nios2eds/bin/gnu/H-x86_64-pc-linux-gnu/bin/../lib/gcc/nios2-elf/9.2.1/../../../../../H-x86_64-pc-linux-gnu/nios2-elf/lib/libc.a(lib_a-stdio.o)
                0x000000000800d860                __sclose
 .text          0x000000000800d868        0x0 /home/tom/intelFPGA_lite/20.1/nios2eds/bin/gnu/H-x86_64-pc-linux-gnu/bin/../lib/gcc/nios2-elf/9.2.1/../../../../../H-x86_64-pc-linux-gnu/nios2-elf/lib/libc.a(lib_a-svfiprintf.o)
 .text.__ssprint_r
                0x000000000800d868      0x1c0 /home/tom/intelFPGA_lite/20.1/nios2eds/bin/gnu/H-x86_64-pc-linux-gnu/bin/../lib/gcc/nios2-elf/9.2.1/../../../../../H-x86_64-pc-linux-gnu/nios2-elf/lib/libc.a(lib_a-svfiprintf.o)
                0x000000000800d868                __ssprint_r
 .text.___svfiprintf_internal_r
                0x000000000800da28     0x10e4 /home/tom/intelFPGA_lite/20.1/nios2eds/bin/gnu/H-x86_64-pc-linux-gnu/bin/../lib/gcc/nios2-elf/9.2.1/../../../../../H-x86_64-pc-linux-gnu/nios2-elf/lib/libc.a(lib_a-svfiprintf.o)
                0x000000000800da28                ___svfiprintf_internal_r
 .text          0x000000000800eb0c        0x0 /home/tom/intelFPGA_lite/20.1/nios2eds/bin/gnu/H-x86_64-pc-linux-gnu/bin/../lib/gcc/nios2-elf/9.2.1/../../../../../H-x86_64-pc-linux-gnu/nios2-elf/lib/libc.a(lib_a-vfiprintf.o)
 .text.__sprint_r.part.0
                0x000000000800eb0c       0xf4 /home/tom/intelFPGA_lite/20.1/nios2eds/bin/gnu/H-x86_64-pc-linux-gnu/bin/../lib/gcc/nios2-elf/9.2.1/../../../../../H-x86_64-pc-linux-gnu/nios2-elf/lib/libc.a(lib_a-vfiprintf.o)
 .text.__sprint_r
                0x000000000800ec00       0x18 /home/tom/intelFPGA_lite/20.1/nios2eds/bin/gnu/H-x86_64-pc-linux-gnu/bin/../lib/gcc/nios2-elf/9.2.1/../../../../../H-x86_64-pc-linux-gnu/nios2-elf/lib/libc.a(lib_a-vfiprintf.o)
                0x000000000800ec00                __sprint_r
 .text.___vfiprintf_internal_r
                0x000000000800ec18     0x1304 /home/tom/intelFPGA_lite/20.1/nios2eds/bin/gnu/H-x86_64-pc-linux-gnu/bin/../lib/gcc/nios2-elf/9.2.1/../../../../../H-x86_64-pc-linux-gnu/nios2-elf/lib/libc.a(lib_a-vfiprintf.o)
                0x000000000800ec18                ___vfiprintf_internal_r
 .text.__vfiprintf_internal
                0x000000000800ff1c       0x1c /home/tom/intelFPGA_lite/20.1/nios2eds/bin/gnu/H-x86_64-pc-linux-gnu/bin/../lib/gcc/nios2-elf/9.2.1/../../../../../H-x86_64-pc-linux-gnu/nios2-elf/lib/libc.a(lib_a-vfiprintf.o)
                0x000000000800ff1c                __vfiprintf_internal
 .text.__sbprintf
                0x000000000800ff38       0xc0 /home/tom/intelFPGA_lite/20.1/nios2eds/bin/gnu/H-x86_64-pc-linux-gnu/bin/../lib/gcc/nios2-elf/9.2.1/../../../../../H-x86_64-pc-linux-gnu/nios2-elf/lib/libc.a(lib_a-vfiprintf.o)
 .text          0x000000000800fff8        0x0 /home/tom/intelFPGA_lite/20.1/nios2eds/bin/gnu/H-x86_64-pc-linux-gnu/bin/../lib/gcc/nios2-elf/9.2.1/../../../../../H-x86_64-pc-linux-gnu/nios2-elf/lib/libc.a(lib_a-wbuf.o)
 .text.__swbuf_r
                0x000000000800fff8      0x148 /home/tom/intelFPGA_lite/20.1/nios2eds/bin/gnu/H-x86_64-pc-linux-gnu/bin/../lib/gcc/nios2-elf/9.2.1/../../../../../H-x86_64-pc-linux-gnu/nios2-elf/lib/libc.a(lib_a-wbuf.o)
                0x000000000800fff8                __swbuf_r
 .text.__swbuf  0x0000000008010140       0x18 /home/tom/intelFPGA_lite/20.1/nios2eds/bin/gnu/H-x86_64-pc-linux-gnu/bin/../lib/gcc/nios2-elf/9.2.1/../../../../../H-x86_64-pc-linux-gnu/nios2-elf/lib/libc.a(lib_a-wbuf.o)
                0x0000000008010140                __swbuf
 .text          0x0000000008010158        0x0 /home/tom/intelFPGA_lite/20.1/nios2eds/bin/gnu/H-x86_64-pc-linux-gnu/bin/../lib/gcc/nios2-elf/9.2.1/../../../../../H-x86_64-pc-linux-gnu/nios2-elf/lib/libc.a(closer.o)
 .text._close_r
                0x0000000008010158       0x58 /home/tom/intelFPGA_lite/20.1/nios2eds/bin/gnu/H-x86_64-pc-linux-gnu/bin/../lib/gcc/nios2-elf/9.2.1/../../../../../H-x86_64-pc-linux-gnu/nios2-elf/lib/libc.a(closer.o)
                0x0000000008010158                _close_r
 .text          0x00000000080101b0        0x0 /home/tom/intelFPGA_lite/20.1/nios2eds/bin/gnu/H-x86_64-pc-linux-gnu/bin/../lib/gcc/nios2-elf/9.2.1/../../../../../H-x86_64-pc-linux-gnu/nios2-elf/lib/libc.a(lib_a-assert.o)
 .text.__assert_func
                0x00000000080101b0       0x64 /home/tom/intelFPGA_lite/20.1/nios2eds/bin/gnu/H-x86_64-pc-linux-gnu/bin/../lib/gcc/nios2-elf/9.2.1/../../../../../H-x86_64-pc-linux-gnu/nios2-elf/lib/libc.a(lib_a-assert.o)
                0x00000000080101b0                __assert_func
 .text.__assert
                0x0000000008010214       0x14 /home/tom/intelFPGA_lite/20.1/nios2eds/bin/gnu/H-x86_64-pc-linux-gnu/bin/../lib/gcc/nios2-elf/9.2.1/../../../../../H-x86_64-pc-linux-gnu/nios2-elf/lib/libc.a(lib_a-assert.o)
                0x0000000008010214                __assert
 .text          0x0000000008010228        0x0 /home/tom/intelFPGA_lite/20.1/nios2eds/bin/gnu/H-x86_64-pc-linux-gnu/bin/../lib/gcc/nios2-elf/9.2.1/../../../../../H-x86_64-pc-linux-gnu/nios2-elf/lib/libc.a(lib_a-callocr.o)
 .text._calloc_r
                0x0000000008010228       0xb4 /home/tom/intelFPGA_lite/20.1/nios2eds/bin/gnu/H-x86_64-pc-linux-gnu/bin/../lib/gcc/nios2-elf/9.2.1/../../../../../H-x86_64-pc-linux-gnu/nios2-elf/lib/libc.a(lib_a-callocr.o)
                0x0000000008010228                _calloc_r
 .text          0x00000000080102dc        0x0 /home/tom/intelFPGA_lite/20.1/nios2eds/bin/gnu/H-x86_64-pc-linux-gnu/bin/../lib/gcc/nios2-elf/9.2.1/../../../../../H-x86_64-pc-linux-gnu/nios2-elf/lib/libc.a(lib_a-fclose.o)
 .text._fclose_r
                0x00000000080102dc       0xf8 /home/tom/intelFPGA_lite/20.1/nios2eds/bin/gnu/H-x86_64-pc-linux-gnu/bin/../lib/gcc/nios2-elf/9.2.1/../../../../../H-x86_64-pc-linux-gnu/nios2-elf/lib/libc.a(lib_a-fclose.o)
                0x00000000080102dc                _fclose_r
 .text.fclose   0x00000000080103d4       0x10 /home/tom/intelFPGA_lite/20.1/nios2eds/bin/gnu/H-x86_64-pc-linux-gnu/bin/../lib/gcc/nios2-elf/9.2.1/../../../../../H-x86_64-pc-linux-gnu/nios2-elf/lib/libc.a(lib_a-fclose.o)
                0x00000000080103d4                fclose
 .text          0x00000000080103e4        0x0 /home/tom/intelFPGA_lite/20.1/nios2eds/bin/gnu/H-x86_64-pc-linux-gnu/bin/../lib/gcc/nios2-elf/9.2.1/../../../../../H-x86_64-pc-linux-gnu/nios2-elf/lib/libc.a(lib_a-fiprintf.o)
 .text._fiprintf_r
                0x00000000080103e4       0x20 /home/tom/intelFPGA_lite/20.1/nios2eds/bin/gnu/H-x86_64-pc-linux-gnu/bin/../lib/gcc/nios2-elf/9.2.1/../../../../../H-x86_64-pc-linux-gnu/nios2-elf/lib/libc.a(lib_a-fiprintf.o)
                0x00000000080103e4                _fiprintf_r
 .text.fiprintf
                0x0000000008010404       0x38 /home/tom/intelFPGA_lite/20.1/nios2eds/bin/gnu/H-x86_64-pc-linux-gnu/bin/../lib/gcc/nios2-elf/9.2.1/../../../../../H-x86_64-pc-linux-gnu/nios2-elf/lib/libc.a(lib_a-fiprintf.o)
                0x0000000008010404                fiprintf
 .text          0x000000000801043c        0x0 /home/tom/intelFPGA_lite/20.1/nios2eds/bin/gnu/H-x86_64-pc-linux-gnu/bin/../lib/gcc/nios2-elf/9.2.1/../../../../../H-x86_64-pc-linux-gnu/nios2-elf/lib/libc.a(lib_a-fputwc.o)
 .text.__fputwc
                0x000000000801043c      0x164 /home/tom/intelFPGA_lite/20.1/nios2eds/bin/gnu/H-x86_64-pc-linux-gnu/bin/../lib/gcc/nios2-elf/9.2.1/../../../../../H-x86_64-pc-linux-gnu/nios2-elf/lib/libc.a(lib_a-fputwc.o)
                0x000000000801043c                __fputwc
 .text._fputwc_r
                0x00000000080105a0       0x24 /home/tom/intelFPGA_lite/20.1/nios2eds/bin/gnu/H-x86_64-pc-linux-gnu/bin/../lib/gcc/nios2-elf/9.2.1/../../../../../H-x86_64-pc-linux-gnu/nios2-elf/lib/libc.a(lib_a-fputwc.o)
                0x00000000080105a0                _fputwc_r
 .text.fputwc   0x00000000080105c4       0x78 /home/tom/intelFPGA_lite/20.1/nios2eds/bin/gnu/H-x86_64-pc-linux-gnu/bin/../lib/gcc/nios2-elf/9.2.1/../../../../../H-x86_64-pc-linux-gnu/nios2-elf/lib/libc.a(lib_a-fputwc.o)
                0x00000000080105c4                fputwc
 .text          0x000000000801063c        0x0 /home/tom/intelFPGA_lite/20.1/nios2eds/bin/gnu/H-x86_64-pc-linux-gnu/bin/../lib/gcc/nios2-elf/9.2.1/../../../../../H-x86_64-pc-linux-gnu/nios2-elf/lib/libc.a(lib_a-fstatr.o)
 .text._fstat_r
                0x000000000801063c       0x60 /home/tom/intelFPGA_lite/20.1/nios2eds/bin/gnu/H-x86_64-pc-linux-gnu/bin/../lib/gcc/nios2-elf/9.2.1/../../../../../H-x86_64-pc-linux-gnu/nios2-elf/lib/libc.a(lib_a-fstatr.o)
                0x000000000801063c                _fstat_r
 .text          0x000000000801069c        0x0 /home/tom/intelFPGA_lite/20.1/nios2eds/bin/gnu/H-x86_64-pc-linux-gnu/bin/../lib/gcc/nios2-elf/9.2.1/../../../../../H-x86_64-pc-linux-gnu/nios2-elf/lib/libc.a(lib_a-isattyr.o)
 .text._isatty_r
                0x000000000801069c       0x58 /home/tom/intelFPGA_lite/20.1/nios2eds/bin/gnu/H-x86_64-pc-linux-gnu/bin/../lib/gcc/nios2-elf/9.2.1/../../../../../H-x86_64-pc-linux-gnu/nios2-elf/lib/libc.a(lib_a-isattyr.o)
                0x000000000801069c                _isatty_r
 .text          0x00000000080106f4        0x0 /home/tom/intelFPGA_lite/20.1/nios2eds/bin/gnu/H-x86_64-pc-linux-gnu/bin/../lib/gcc/nios2-elf/9.2.1/../../../../../H-x86_64-pc-linux-gnu/nios2-elf/lib/libc.a(lib_a-locale.o)
 .text._setlocale_r
                0x00000000080106f4       0x74 /home/tom/intelFPGA_lite/20.1/nios2eds/bin/gnu/H-x86_64-pc-linux-gnu/bin/../lib/gcc/nios2-elf/9.2.1/../../../../../H-x86_64-pc-linux-gnu/nios2-elf/lib/libc.a(lib_a-locale.o)
                0x00000000080106f4                _setlocale_r
 .text.__locale_mb_cur_max
                0x0000000008010768        0xc /home/tom/intelFPGA_lite/20.1/nios2eds/bin/gnu/H-x86_64-pc-linux-gnu/bin/../lib/gcc/nios2-elf/9.2.1/../../../../../H-x86_64-pc-linux-gnu/nios2-elf/lib/libc.a(lib_a-locale.o)
                0x0000000008010768                __locale_mb_cur_max
 .text.setlocale
                0x0000000008010774       0x18 /home/tom/intelFPGA_lite/20.1/nios2eds/bin/gnu/H-x86_64-pc-linux-gnu/bin/../lib/gcc/nios2-elf/9.2.1/../../../../../H-x86_64-pc-linux-gnu/nios2-elf/lib/libc.a(lib_a-locale.o)
                0x0000000008010774                setlocale
 .text          0x000000000801078c        0x0 /home/tom/intelFPGA_lite/20.1/nios2eds/bin/gnu/H-x86_64-pc-linux-gnu/bin/../lib/gcc/nios2-elf/9.2.1/../../../../../H-x86_64-pc-linux-gnu/nios2-elf/lib/libc.a(lib_a-lseekr.o)
 .text._lseek_r
                0x000000000801078c       0x64 /home/tom/intelFPGA_lite/20.1/nios2eds/bin/gnu/H-x86_64-pc-linux-gnu/bin/../lib/gcc/nios2-elf/9.2.1/../../../../../H-x86_64-pc-linux-gnu/nios2-elf/lib/libc.a(lib_a-lseekr.o)
                0x000000000801078c                _lseek_r
 .text          0x00000000080107f0        0x0 /home/tom/intelFPGA_lite/20.1/nios2eds/bin/gnu/H-x86_64-pc-linux-gnu/bin/../lib/gcc/nios2-elf/9.2.1/../../../../../H-x86_64-pc-linux-gnu/nios2-elf/lib/libc.a(lib_a-mbtowc_r.o)
 .text._mbtowc_r
                0x00000000080107f0        0xc /home/tom/intelFPGA_lite/20.1/nios2eds/bin/gnu/H-x86_64-pc-linux-gnu/bin/../lib/gcc/nios2-elf/9.2.1/../../../../../H-x86_64-pc-linux-gnu/nios2-elf/lib/libc.a(lib_a-mbtowc_r.o)
                0x00000000080107f0                _mbtowc_r
 .text.__ascii_mbtowc
                0x00000000080107fc       0x44 /home/tom/intelFPGA_lite/20.1/nios2eds/bin/gnu/H-x86_64-pc-linux-gnu/bin/../lib/gcc/nios2-elf/9.2.1/../../../../../H-x86_64-pc-linux-gnu/nios2-elf/lib/libc.a(lib_a-mbtowc_r.o)
                0x00000000080107fc                __ascii_mbtowc
 .text          0x0000000008010840        0x0 /home/tom/intelFPGA_lite/20.1/nios2eds/bin/gnu/H-x86_64-pc-linux-gnu/bin/../lib/gcc/nios2-elf/9.2.1/../../../../../H-x86_64-pc-linux-gnu/nios2-elf/lib/libc.a(lib_a-readr.o)
 .text._read_r  0x0000000008010840       0x64 /home/tom/intelFPGA_lite/20.1/nios2eds/bin/gnu/H-x86_64-pc-linux-gnu/bin/../lib/gcc/nios2-elf/9.2.1/../../../../../H-x86_64-pc-linux-gnu/nios2-elf/lib/libc.a(lib_a-readr.o)
                0x0000000008010840                _read_r
 .text          0x00000000080108a4        0x0 /home/tom/intelFPGA_lite/20.1/nios2eds/bin/gnu/H-x86_64-pc-linux-gnu/bin/../lib/gcc/nios2-elf/9.2.1/../../../../../H-x86_64-pc-linux-gnu/nios2-elf/lib/libc.a(lib_a-refill.o)
 .text.lflush   0x00000000080108a4       0x1c /home/tom/intelFPGA_lite/20.1/nios2eds/bin/gnu/H-x86_64-pc-linux-gnu/bin/../lib/gcc/nios2-elf/9.2.1/../../../../../H-x86_64-pc-linux-gnu/nios2-elf/lib/libc.a(lib_a-refill.o)
 .text.__srefill_r
                0x00000000080108c0      0x1cc /home/tom/intelFPGA_lite/20.1/nios2eds/bin/gnu/H-x86_64-pc-linux-gnu/bin/../lib/gcc/nios2-elf/9.2.1/../../../../../H-x86_64-pc-linux-gnu/nios2-elf/lib/libc.a(lib_a-refill.o)
                0x00000000080108c0                __srefill_r
 .text          0x0000000008010a8c        0x0 /home/tom/intelFPGA_lite/20.1/nios2eds/bin/gnu/H-x86_64-pc-linux-gnu/bin/../lib/gcc/nios2-elf/9.2.1/../../../../../H-x86_64-pc-linux-gnu/nios2-elf/lib/libc.a(lib_a-strcmp.o)
 .text.strcmp   0x0000000008010a8c       0xb8 /home/tom/intelFPGA_lite/20.1/nios2eds/bin/gnu/H-x86_64-pc-linux-gnu/bin/../lib/gcc/nios2-elf/9.2.1/../../../../../H-x86_64-pc-linux-gnu/nios2-elf/lib/libc.a(lib_a-strcmp.o)
                0x0000000008010a8c                strcmp
 .text          0x0000000008010b44        0x0 /home/tom/intelFPGA_lite/20.1/nios2eds/bin/gnu/H-x86_64-pc-linux-gnu/bin/../lib/gcc/nios2-elf/9.2.1/../../../../../H-x86_64-pc-linux-gnu/nios2-elf/lib/libc.a(lib_a-vfiprintfr_1.o)
 .text._vfiprintf_r
                0x0000000008010b44        0x4 /home/tom/intelFPGA_lite/20.1/nios2eds/bin/gnu/H-x86_64-pc-linux-gnu/bin/../lib/gcc/nios2-elf/9.2.1/../../../../../H-x86_64-pc-linux-gnu/nios2-elf/lib/libc.a(lib_a-vfiprintfr_1.o)
                0x0000000008010b44                _vfiprintf_r
 .text          0x0000000008010b48        0x0 /home/tom/intelFPGA_lite/20.1/nios2eds/bin/gnu/H-x86_64-pc-linux-gnu/bin/../lib/gcc/nios2-elf/9.2.1/../../../../../H-x86_64-pc-linux-gnu/nios2-elf/lib/libc.a(lib_a-wcrtomb.o)
 .text._wcrtomb_r
                0x0000000008010b48       0x6c /home/tom/intelFPGA_lite/20.1/nios2eds/bin/gnu/H-x86_64-pc-linux-gnu/bin/../lib/gcc/nios2-elf/9.2.1/../../../../../H-x86_64-pc-linux-gnu/nios2-elf/lib/libc.a(lib_a-wcrtomb.o)
                0x0000000008010b48                _wcrtomb_r
 .text.wcrtomb  0x0000000008010bb4       0x88 /home/tom/intelFPGA_lite/20.1/nios2eds/bin/gnu/H-x86_64-pc-linux-gnu/bin/../lib/gcc/nios2-elf/9.2.1/../../../../../H-x86_64-pc-linux-gnu/nios2-elf/lib/libc.a(lib_a-wcrtomb.o)
                0x0000000008010bb4                wcrtomb
 .text          0x0000000008010c3c        0x0 /home/tom/intelFPGA_lite/20.1/nios2eds/bin/gnu/H-x86_64-pc-linux-gnu/bin/../lib/gcc/nios2-elf/9.2.1/../../../../../H-x86_64-pc-linux-gnu/nios2-elf/lib/libc.a(lib_a-wctomb_r.o)
 .text._wctomb_r
                0x0000000008010c3c        0xc /home/tom/intelFPGA_lite/20.1/nios2eds/bin/gnu/H-x86_64-pc-linux-gnu/bin/../lib/gcc/nios2-elf/9.2.1/../../../../../H-x86_64-pc-linux-gnu/nios2-elf/lib/libc.a(lib_a-wctomb_r.o)
                0x0000000008010c3c                _wctomb_r
 .text.__ascii_wctomb
                0x0000000008010c48       0x30 /home/tom/intelFPGA_lite/20.1/nios2eds/bin/gnu/H-x86_64-pc-linux-gnu/bin/../lib/gcc/nios2-elf/9.2.1/../../../../../H-x86_64-pc-linux-gnu/nios2-elf/lib/libc.a(lib_a-wctomb_r.o)
                0x0000000008010c48                __ascii_wctomb
 .text          0x0000000008010c78        0x0 /home/tom/intelFPGA_lite/20.1/nios2eds/bin/gnu/H-x86_64-pc-linux-gnu/bin/../lib/gcc/nios2-elf/9.2.1/../../../../../H-x86_64-pc-linux-gnu/nios2-elf/lib/libc.a(lib_a-abort.o)
 .text.unlikely.abort
                0x0000000008010c78       0x18 /home/tom/intelFPGA_lite/20.1/nios2eds/bin/gnu/H-x86_64-pc-linux-gnu/bin/../lib/gcc/nios2-elf/9.2.1/../../../../../H-x86_64-pc-linux-gnu/nios2-elf/lib/libc.a(lib_a-abort.o)
                0x0000000008010c78                abort
 .text          0x0000000008010c90        0x0 /home/tom/intelFPGA_lite/20.1/nios2eds/bin/gnu/H-x86_64-pc-linux-gnu/bin/../lib/gcc/nios2-elf/9.2.1/../../../../../H-x86_64-pc-linux-gnu/nios2-elf/lib/libc.a(lib_a-signal.o)
 .text._init_signal_r.part.0
                0x0000000008010c90       0x4c /home/tom/intelFPGA_lite/20.1/nios2eds/bin/gnu/H-x86_64-pc-linux-gnu/bin/../lib/gcc/nios2-elf/9.2.1/../../../../../H-x86_64-pc-linux-gnu/nios2-elf/lib/libc.a(lib_a-signal.o)
 .text._init_signal_r
                0x0000000008010cdc       0x14 /home/tom/intelFPGA_lite/20.1/nios2eds/bin/gnu/H-x86_64-pc-linux-gnu/bin/../lib/gcc/nios2-elf/9.2.1/../../../../../H-x86_64-pc-linux-gnu/nios2-elf/lib/libc.a(lib_a-signal.o)
                0x0000000008010cdc                _init_signal_r
 .text._signal_r
                0x0000000008010cf0       0x84 /home/tom/intelFPGA_lite/20.1/nios2eds/bin/gnu/H-x86_64-pc-linux-gnu/bin/../lib/gcc/nios2-elf/9.2.1/../../../../../H-x86_64-pc-linux-gnu/nios2-elf/lib/libc.a(lib_a-signal.o)
                0x0000000008010cf0                _signal_r
 .text._raise_r
                0x0000000008010d74       0xc4 /home/tom/intelFPGA_lite/20.1/nios2eds/bin/gnu/H-x86_64-pc-linux-gnu/bin/../lib/gcc/nios2-elf/9.2.1/../../../../../H-x86_64-pc-linux-gnu/nios2-elf/lib/libc.a(lib_a-signal.o)
                0x0000000008010d74                _raise_r
 .text.__sigtramp_r
                0x0000000008010e38       0xb8 /home/tom/intelFPGA_lite/20.1/nios2eds/bin/gnu/H-x86_64-pc-linux-gnu/bin/../lib/gcc/nios2-elf/9.2.1/../../../../../H-x86_64-pc-linux-gnu/nios2-elf/lib/libc.a(lib_a-signal.o)
                0x0000000008010e38                __sigtramp_r
 .text.raise    0x0000000008010ef0       0x10 /home/tom/intelFPGA_lite/20.1/nios2eds/bin/gnu/H-x86_64-pc-linux-gnu/bin/../lib/gcc/nios2-elf/9.2.1/../../../../../H-x86_64-pc-linux-gnu/nios2-elf/lib/libc.a(lib_a-signal.o)
                0x0000000008010ef0                raise
 .text.signal   0x0000000008010f00       0x18 /home/tom/intelFPGA_lite/20.1/nios2eds/bin/gnu/H-x86_64-pc-linux-gnu/bin/../lib/gcc/nios2-elf/9.2.1/../../../../../H-x86_64-pc-linux-gnu/nios2-elf/lib/libc.a(lib_a-signal.o)
                0x0000000008010f00                signal
 .text._init_signal
                0x0000000008010f18       0x1c /home/tom/intelFPGA_lite/20.1/nios2eds/bin/gnu/H-x86_64-pc-linux-gnu/bin/../lib/gcc/nios2-elf/9.2.1/../../../../../H-x86_64-pc-linux-gnu/nios2-elf/lib/libc.a(lib_a-signal.o)
                0x0000000008010f18                _init_signal
 .text.__sigtramp
                0x0000000008010f34       0x10 /home/tom/intelFPGA_lite/20.1/nios2eds/bin/gnu/H-x86_64-pc-linux-gnu/bin/../lib/gcc/nios2-elf/9.2.1/../../../../../H-x86_64-pc-linux-gnu/nios2-elf/lib/libc.a(lib_a-signal.o)
                0x0000000008010f34                __sigtramp
 .text          0x0000000008010f44        0x0 /home/tom/intelFPGA_lite/20.1/nios2eds/bin/gnu/H-x86_64-pc-linux-gnu/bin/../lib/gcc/nios2-elf/9.2.1/../../../../../H-x86_64-pc-linux-gnu/nios2-elf/lib/libc.a(lib_a-signalr.o)
 .text._kill_r  0x0000000008010f44       0x60 /home/tom/intelFPGA_lite/20.1/nios2eds/bin/gnu/H-x86_64-pc-linux-gnu/bin/../lib/gcc/nios2-elf/9.2.1/../../../../../H-x86_64-pc-linux-gnu/nios2-elf/lib/libc.a(lib_a-signalr.o)
                0x0000000008010f44                _kill_r
 .text._getpid_r
                0x0000000008010fa4        0x4 /home/tom/intelFPGA_lite/20.1/nios2eds/bin/gnu/H-x86_64-pc-linux-gnu/bin/../lib/gcc/nios2-elf/9.2.1/../../../../../H-x86_64-pc-linux-gnu/nios2-elf/lib/libc.a(lib_a-signalr.o)
                0x0000000008010fa4                _getpid_r
 .text          0x0000000008010fa8      0x590 /home/tom/intelFPGA_lite/20.1/nios2eds/bin/gnu/H-x86_64-pc-linux-gnu/bin/../lib/gcc/nios2-elf/9.2.1/libgcc.a(_udivdi3.o)
                0x0000000008010fa8                __udivdi3
 .text          0x0000000008011538      0x534 /home/tom/intelFPGA_lite/20.1/nios2eds/bin/gnu/H-x86_64-pc-linux-gnu/bin/../lib/gcc/nios2-elf/9.2.1/libgcc.a(_umoddi3.o)
                0x0000000008011538                __umoddi3
 .text          0x0000000008011a6c      0x1b4 /home/tom/intelFPGA_lite/20.1/nios2eds/bin/gnu/H-x86_64-pc-linux-gnu/bin/../lib/gcc/nios2-elf/9.2.1/libgcc.a(lib2-divmod.o)
                0x0000000008011a6c                __divsi3
                0x0000000008011aec                __modsi3
                0x0000000008011b60                __udivsi3
                0x0000000008011bc4                __umodsi3
 .text          0x0000000008011c20      0x978 /home/tom/intelFPGA_lite/20.1/nios2eds/bin/gnu/H-x86_64-pc-linux-gnu/bin/../lib/gcc/nios2-elf/9.2.1/libgcc.a(adddf3.o)
                0x0000000008011c20                __adddf3
 .text          0x0000000008012598      0x860 /home/tom/intelFPGA_lite/20.1/nios2eds/bin/gnu/H-x86_64-pc-linux-gnu/bin/../lib/gcc/nios2-elf/9.2.1/libgcc.a(divdf3.o)
                0x0000000008012598                __divdf3
 .text          0x0000000008012df8       0x80 /home/tom/intelFPGA_lite/20.1/nios2eds/bin/gnu/H-x86_64-pc-linux-gnu/bin/../lib/gcc/nios2-elf/9.2.1/libgcc.a(eqdf2.o)
                0x0000000008012df8                __eqdf2
                0x0000000008012df8                __nedf2
 .text          0x0000000008012e78       0xf0 /home/tom/intelFPGA_lite/20.1/nios2eds/bin/gnu/H-x86_64-pc-linux-gnu/bin/../lib/gcc/nios2-elf/9.2.1/libgcc.a(gedf2.o)
                0x0000000008012e78                __gtdf2
                0x0000000008012e78                __gedf2
 .text          0x0000000008012f68       0xf0 /home/tom/intelFPGA_lite/20.1/nios2eds/bin/gnu/H-x86_64-pc-linux-gnu/bin/../lib/gcc/nios2-elf/9.2.1/libgcc.a(ledf2.o)
                0x0000000008012f68                __ltdf2
                0x0000000008012f68                __ledf2
 .text          0x0000000008013058      0x670 /home/tom/intelFPGA_lite/20.1/nios2eds/bin/gnu/H-x86_64-pc-linux-gnu/bin/../lib/gcc/nios2-elf/9.2.1/libgcc.a(muldf3.o)
                0x0000000008013058                __muldf3
 .text          0x00000000080136c8      0x934 /home/tom/intelFPGA_lite/20.1/nios2eds/bin/gnu/H-x86_64-pc-linux-gnu/bin/../lib/gcc/nios2-elf/9.2.1/libgcc.a(subdf3.o)
                0x00000000080136c8                __subdf3
 .text          0x0000000008013ffc       0x54 /home/tom/intelFPGA_lite/20.1/nios2eds/bin/gnu/H-x86_64-pc-linux-gnu/bin/../lib/gcc/nios2-elf/9.2.1/libgcc.a(unorddf2.o)
                0x0000000008013ffc                __unorddf2
 .text          0x0000000008014050       0x80 /home/tom/intelFPGA_lite/20.1/nios2eds/bin/gnu/H-x86_64-pc-linux-gnu/bin/../lib/gcc/nios2-elf/9.2.1/libgcc.a(fixdfsi.o)
                0x0000000008014050                __fixdfsi
 .text          0x00000000080140d0       0xbc /home/tom/intelFPGA_lite/20.1/nios2eds/bin/gnu/H-x86_64-pc-linux-gnu/bin/../lib/gcc/nios2-elf/9.2.1/libgcc.a(floatsidf.o)
                0x00000000080140d0                __floatsidf
 .text          0x000000000801418c       0x90 /home/tom/intelFPGA_lite/20.1/nios2eds/bin/gnu/H-x86_64-pc-linux-gnu/bin/../lib/gcc/nios2-elf/9.2.1/libgcc.a(floatunsidf.o)
                0x000000000801418c                __floatunsidf
 .text          0x000000000801421c        0x0 /home/tom/intelFPGA_lite/20.1/nios2eds/bin/gnu/H-x86_64-pc-linux-gnu/bin/../lib/gcc/nios2-elf/9.2.1/libgcc.a(_clz.o)
 .text          0x000000000801421c       0x54 /home/tom/intelFPGA_lite/20.1/nios2eds/bin/gnu/H-x86_64-pc-linux-gnu/bin/../lib/gcc/nios2-elf/9.2.1/libgcc.a(_clzsi2.o)
                0x000000000801421c                __clzsi2
 .text          0x0000000008014270       0x38 ../MOD_socket_server_bsp//libucosii_bsp.a(alt_exit.o)
                0x0000000008014270                _exit
 .text          0x00000000080142a8       0xec ../MOD_socket_server_bsp//libucosii_bsp.a(alt_fstat.o)
                0x00000000080142e4                fstat
 .text          0x0000000008014394       0x20 ../MOD_socket_server_bsp//libucosii_bsp.a(alt_getpid.o)
                0x0000000008014394                getpid
 .text          0x00000000080143b4       0xe0 ../MOD_socket_server_bsp//libucosii_bsp.a(alt_isatty.o)
                0x00000000080143f0                isatty
 .text          0x0000000008014494      0x168 ../MOD_socket_server_bsp//libucosii_bsp.a(alt_kill.o)
                0x00000000080144d0                kill
 .text          0x00000000080145fc      0x110 ../MOD_socket_server_bsp//libucosii_bsp.a(alt_lseek.o)
                0x0000000008014638                lseek
 .text          0x000000000801470c       0xc0 ../MOD_socket_server_bsp//libucosii_bsp.a(alt_main.o)
                0x000000000801470c                alt_main
 .text          0x00000000080147cc       0xb8 ../MOD_socket_server_bsp//libucosii_bsp.a(alt_sbrk.o)
                0x00000000080147cc                sbrk
 .text          0x0000000008014884      0x120 ../MOD_socket_server_bsp//libucosii_bsp.a(alt_env_lock.o)
                0x0000000008014884                __env_lock
                0x0000000008014944                __env_unlock
 .text          0x00000000080149a4      0x1fc ../MOD_socket_server_bsp//libucosii_bsp.a(alt_malloc_lock.o)
                0x00000000080149a4                __malloc_lock
                0x0000000008014acc                __malloc_unlock
 .text          0x0000000008014ba0     0x204c ../MOD_socket_server_bsp//libucosii_bsp.a(os_core.o)
                0x0000000008014ba0                OSEventNameGet
                0x0000000008014cc4                OSEventNameSet
                0x0000000008014e0c                OSEventPendMulti
                0x0000000008015444                OSInit
                0x000000000801549c                OSIntEnter
                0x00000000080154e8                OSIntExit
                0x00000000080155dc                OSSchedLock
                0x000000000801566c                OSSchedUnlock
                0x0000000008015750                OSStart
                0x00000000080157b8                OSStatInit
                0x0000000008015870                OSTimeTick
                0x0000000008015aa4                OSVersion
                0x0000000008015ac4                OS_Dummy
                0x0000000008015ae4                OS_EventTaskRdy
                0x0000000008015c6c                OS_EventTaskWait
                0x0000000008015d74                OS_EventTaskWaitMulti
                0x0000000008015ebc                OS_EventTaskRemove
                0x0000000008015f6c                OS_EventTaskRemoveMulti
                0x0000000008016068                OS_EventWaitListInit
                0x0000000008016454                OS_MemClr
                0x00000000080164ac                OS_MemCopy
                0x0000000008016518                OS_Sched
                0x0000000008016650                OS_StrCopy
                0x00000000080166c4                OS_StrLen
                0x0000000008016718                OS_TaskIdle
                0x0000000008016778                OS_TaskStat
                0x0000000008016848                OS_TaskStatStkChk
                0x000000000801690c                OS_TCBInit
 .text          0x0000000008016bec      0x190 ../MOD_socket_server_bsp//libucosii_bsp.a(os_dbg.o)
                0x0000000008016bec                OSDebugInit
 .text          0x0000000008016d7c     0x17c4 ../MOD_socket_server_bsp//libucosii_bsp.a(os_flag.o)
                0x0000000008016d7c                OSFlagAccept
                0x00000000080170a0                OSFlagCreate
                0x00000000080171b0                OSFlagDel
                0x0000000008017408                OSFlagNameGet
                0x0000000008017538                OSFlagNameSet
                0x000000000801768c                OSFlagPend
                0x0000000008017c8c                OSFlagPendGetFlagsRdy
                0x0000000008017cf0                OSFlagPost
                0x000000000801809c                OSFlagQuery
                0x00000000080182c8                OS_FlagInit
                0x000000000801849c                OS_FlagUnlink
 .text          0x0000000008018540      0x778 ../MOD_socket_server_bsp//libucosii_bsp.a(os_mem.o)
                0x0000000008018540                OSMemCreate
                0x0000000008018718                OSMemGet
                0x0000000008018810                OSMemNameGet
                0x0000000008018904                OSMemNameSet
                0x0000000008018a20                OSMemPut
                0x0000000008018b00                OSMemQuery
                0x0000000008018bec                OS_MemInit
 .text          0x0000000008018cb8     0x115c ../MOD_socket_server_bsp//libucosii_bsp.a(os_q.o)
                0x0000000008018cb8                OSQAccept
                0x0000000008018dfc                OSQCreate
                0x0000000008018fac                OSQDel
                0x000000000801923c                OSQFlush
                0x00000000080192f8                OSQPend
                0x0000000008019590                OSQPendAbort
                0x0000000008019704                OSQPost
                0x0000000008019878                OSQPostFront
                0x00000000080199f4                OSQPostOpt
                0x0000000008019c0c                OSQQuery
                0x0000000008019d6c                OS_QInit
 .text          0x0000000008019e14      0xa98 ../MOD_socket_server_bsp//libucosii_bsp.a(os_sem.o)
                0x0000000008019e14                OSSemAccept
                0x0000000008019ec8                OSSemCreate
                0x0000000008019fa4                OSSemDel
                0x000000000801a1f4                OSSemPend
                0x000000000801a408                OSSemPendAbort
                0x000000000801a57c                OSSemPost
                0x000000000801a698                OSSemQuery
                0x000000000801a7ac                OSSemSet
 .text          0x000000000801a8ac     0x1750 ../MOD_socket_server_bsp//libucosii_bsp.a(os_task.o)
                0x000000000801a8ac                OSTaskChangePrio
                0x000000000801ad70                OSTaskCreate
                0x000000000801af14                OSTaskCreateExt
                0x000000000801b0f0                OSTaskDel
                0x000000000801b434                OSTaskDelReq
                0x000000000801b58c                OSTaskNameGet
                0x000000000801b728                OSTaskNameSet
                0x000000000801b8e4                OSTaskResume
                0x000000000801bac4                OSTaskStkChk
                0x000000000801bc7c                OSTaskSuspend
                0x000000000801be64                OSTaskQuery
                0x000000000801bf8c                OS_TaskStkClr
 .text          0x000000000801bffc      0x50c ../MOD_socket_server_bsp//libucosii_bsp.a(os_time.o)
                0x000000000801bffc                OSTimeDly
                0x000000000801c104                OSTimeDlyHMSM
                0x000000000801c264                OSTimeDlyResume
                0x000000000801c444                OSTimeGet
                0x000000000801c4a4                OSTimeSet
 .text          0x000000000801c508      0x2d4 ../MOD_socket_server_bsp//libucosii_bsp.a(alt_sys_init.o)
                0x000000000801c53c                alt_irq_init
                0x000000000801c578                alt_sys_init
 .text          0x000000000801c7dc     0x1c54 ../MOD_socket_server_bsp//libucosii_bsp.a(altera_avalon_i2c.o)
                0x000000000801c8ec                alt_avalon_i2c_register_optional_irq_handler
                0x000000000801c9dc                alt_avalon_i2c_register_callback
                0x000000000801ca30                alt_avalon_i2c_init
                0x000000000801cb5c                alt_avalon_i2c_open
                0x000000000801cb9c                alt_avalon_i2c_enable
                0x000000000801cc34                alt_avalon_i2c_disable
                0x000000000801cc80                alt_avalon_i2c_master_config_get
                0x000000000801cd30                alt_avalon_i2c_master_config_set
                0x000000000801cdfc                alt_avalon_i2c_master_config_speed_get
                0x000000000801ce90                alt_avalon_i2c_master_config_speed_set
                0x000000000801cf8c                alt_avalon_i2c_is_busy
                0x000000000801cfd0                alt_avalon_i2c_rx_read_available
                0x000000000801d07c                alt_avalon_i2c_rx_read
                0x000000000801d124                alt_avalon_i2c_cmd_write
                0x000000000801d210                alt_avalon_i2c_send_address
                0x000000000801d300                alt_avalon_i2c_master_target_get
                0x000000000801d338                alt_avalon_i2c_master_target_set
                0x000000000801d36c                alt_avalon_i2c_check_nack
                0x000000000801d3b8                alt_avalon_i2c_check_arblost
                0x000000000801d404                alt_avalon_i2c_interrupt_transaction_status
                0x000000000801d538                alt_avalon_i2c_master_tx
                0x000000000801d620                alt_avalon_i2c_master_rx
                0x000000000801d75c                alt_avalon_i2c_master_tx_rx
                0x000000000801d924                alt_avalon_i2c_master_transmit
                0x000000000801dae0                alt_avalon_i2c_master_transmit_using_interrupts
                0x000000000801dce8                alt_avalon_i2c_master_receive
                0x000000000801def4                alt_avalon_i2c_master_receive_using_interrupts
                0x000000000801e0e0                alt_avalon_i2c_int_status_get
                0x000000000801e138                alt_avalon_i2c_int_raw_status_get
                0x000000000801e17c                alt_avalon_i2c_int_clear
                0x000000000801e1b8                alt_avalon_i2c_int_disable
                0x000000000801e224                alt_avalon_i2c_int_enable
                0x000000000801e28c                alt_avalon_i2c_enabled_ints_get
                0x000000000801e2d0                alt_avalon_i2c_rx_fifo_threshold_get
                0x000000000801e31c                alt_avalon_i2c_rx_fifo_threshold_set
                0x000000000801e380                alt_avalon_i2c_tfr_cmd_fifo_threshold_get
                0x000000000801e3cc                alt_avalon_i2c_tfr_cmd_fifo_threshold_set
 .text          0x000000000801e430      0x164 ../MOD_socket_server_bsp//libucosii_bsp.a(altera_avalon_jtag_uart_fd.o)
                0x000000000801e430                altera_avalon_jtag_uart_read_fd
                0x000000000801e490                altera_avalon_jtag_uart_write_fd
                0x000000000801e4f0                altera_avalon_jtag_uart_close_fd
                0x000000000801e540                altera_avalon_jtag_uart_ioctl_fd
 .text          0x000000000801e594      0x570 ../MOD_socket_server_bsp//libucosii_bsp.a(altera_avalon_jtag_uart_init.o)
                0x000000000801e594                altera_avalon_jtag_uart_init
                0x000000000801ea9c                altera_avalon_jtag_uart_close
 .text          0x000000000801eb04       0xf4 ../MOD_socket_server_bsp//libucosii_bsp.a(altera_avalon_jtag_uart_ioctl.o)
                0x000000000801eb04                altera_avalon_jtag_uart_ioctl
 .text          0x000000000801ebf8      0x2c8 ../MOD_socket_server_bsp//libucosii_bsp.a(altera_avalon_jtag_uart_read.o)
                0x000000000801ebf8                altera_avalon_jtag_uart_read
 .text          0x000000000801eec0      0x2d0 ../MOD_socket_server_bsp//libucosii_bsp.a(altera_avalon_jtag_uart_write.o)
                0x000000000801eec0                altera_avalon_jtag_uart_write
 .text          0x000000000801f190      0x100 ../MOD_socket_server_bsp//libucosii_bsp.a(altera_avalon_timer_sc.o)
                0x000000000801f20c                alt_avalon_timer_sc_init
 .text          0x000000000801f290     0x4f20 ../MOD_socket_server_bsp//libucosii_bsp.a(altera_avalon_tse.o)
                0x000000000801f290                no_printf
                0x000000000801f2c0                tse_mac_initTransInfo2
                0x000000000801f320                tse_mac_sTxWrite
                0x000000000801f3e8                tse_mac_aRxRead
                0x000000000801f458                tse_mac_aTxWrite
                0x000000000801f4c8                tse_mac_SwReset
                0x000000000801f550                tse_mac_setMIImode
                0x000000000801f5a4                tse_mac_setGMIImode
                0x000000000801f5f4                alt_tse_phy_add_profile
                0x000000000801f7a8                alt_tse_system_add_sys
                0x000000000802006c                alt_tse_sys_enable_mdio_sharing
                0x00000000080201b0                alt_tse_mac_get_common_speed
                0x00000000080201f0                alt_tse_mac_set_common_speed
                0x0000000008020238                alt_tse_get_system_index
                0x00000000080202a4                alt_tse_get_mac_group_index
                0x0000000008020310                alt_tse_get_mac_info_index
                0x000000000802038c                alt_tse_get_mac_info
                0x0000000008020458                alt_tse_mac_set_speed
                0x0000000008020538                alt_tse_mac_set_duplex
                0x00000000080205c4                getPHYSpeed
                0x000000000802103c                alt_tse_phy_rd_mdio_addr
                0x0000000008021084                alt_tse_phy_wr_mdio_addr
                0x00000000080210dc                alt_tse_phy_wr_mdio_reg
                0x0000000008021208                alt_tse_phy_rd_mdio_reg
                0x00000000080212d8                alt_tse_phy_add_profile_default
                0x00000000080215a0                alt_tse_phy_print_profile
                0x0000000008021770                alt_tse_mac_group_init
                0x0000000008021e18                alt_tse_mac_get_phy
                0x0000000008022214                alt_tse_mac_associate_phy
                0x0000000008022454                alt_tse_phy_cfg_pcs
                0x000000000802257c                alt_tse_phy_init
                0x0000000008022688                alt_tse_phy_restart_an
                0x000000000802284c                alt_tse_phy_check_link
                0x00000000080229d4                alt_tse_phy_get_cap
                0x0000000008022f60                alt_tse_phy_set_adv_1000
                0x0000000008023124                alt_tse_phy_set_adv_100
                0x0000000008023378                alt_tse_phy_set_adv_10
                0x0000000008023520                alt_tse_phy_get_common_speed
                0x000000000802383c                alt_tse_phy_set_common_speed
                0x0000000008023cec                marvell_phy_cfg
                0x0000000008023d84                marvell_cfg_gmii
                0x0000000008023e68                marvell_cfg_sgmii
                0x0000000008023f4c                marvell_cfg_rgmii
                0x000000000802403c                DP83848C_link_status_read
                0x00000000080240b4                PEF7071_config
                0x0000000008024110                PEF7071_link_status_read
 .text          0x00000000080241b0      0xb24 ../MOD_socket_server_bsp//libucosii_bsp.a(altera_generic_quad_spi_controller.o)
                0x00000000080241e4                alt_qspi_controller_lock
                0x00000000080242f4                alt_qspi_controller_get_info
                0x0000000008024380                alt_qspi_controller_erase_block
                0x00000000080244a4                alt_qspi_controller_write_block
                0x00000000080246b4                alt_qspi_controller_write
                0x000000000802489c                alt_qspi_controller_read
                0x0000000008024948                altera_qspi_controller_init
 .text          0x0000000008024cd4     0x2158 ../MOD_socket_server_bsp//libucosii_bsp.a(altera_msgdma.o)
                0x000000000802598c                alt_msgdma_construct_standard_st_to_mm_descriptor
                0x00000000080259e4                alt_msgdma_construct_standard_mm_to_st_descriptor
                0x0000000008025a3c                alt_msgdma_construct_standard_mm_to_mm_descriptor
                0x0000000008025a94                alt_msgdma_construct_extended_st_to_mm_descriptor
                0x0000000008025b24                alt_msgdma_construct_extended_mm_to_st_descriptor
                0x0000000008025bb4                alt_msgdma_construct_extended_mm_to_mm_descriptor
                0x0000000008025e94                alt_msgdma_construct_prefetcher_standard_mm_to_mm_descriptor
                0x0000000008025eec                alt_msgdma_construct_prefetcher_standard_st_to_mm_descriptor
                0x0000000008025f44                alt_msgdma_construct_prefetcher_standard_mm_to_st_descriptor
                0x0000000008025f9c                alt_msgdma_construct_prefetcher_extended_st_to_mm_descriptor
                0x000000000802603c                alt_msgdma_construct_prefetcher_extended_mm_to_st_descriptor
                0x00000000080260d4                alt_msgdma_construct_prefetcher_extended_mm_to_mm_descriptor
                0x000000000802618c                alt_msgdma_prefetcher_add_standard_desc_to_list
                0x000000000802627c                alt_msgdma_prefetcher_add_extended_desc_to_list
                0x0000000008026414                alt_msgdma_prefetcher_set_std_list_own_by_hw_bits
                0x0000000008026524                alt_msgdma_prefetcher_set_extd_list_own_by_hw_bits
                0x0000000008026670                alt_msgdma_start_prefetcher_with_list_addr
                0x0000000008026988                alt_msgdma_start_prefetcher_with_std_desc_list
                0x0000000008026a38                alt_msgdma_start_prefetcher_with_extd_desc_list
                0x0000000008026ae8                alt_msgdma_open
                0x0000000008026b40                alt_msgdma_init
                0x0000000008026ce8                alt_msgdma_register_callback
                0x0000000008026d3c                alt_msgdma_standard_descriptor_async_transfer
                0x0000000008026d78                alt_msgdma_extended_descriptor_async_transfer
                0x0000000008026db4                alt_msgdma_standard_descriptor_sync_transfer
                0x0000000008026df0                alt_msgdma_extended_descriptor_sync_transfer
 .text          0x0000000008026e2c     0x1998 ../MOD_socket_server_bsp//libucosii_bsp.a(ins_tse_mac.o)
                0x0000000008026e2c                altera_eth_tse_init
                0x0000000008026f74                prep_tse_mac
                0x00000000080271a0                msgdma_reset
                0x000000000802721c                tse_mac_init
                0x0000000008027c80                tse_msgdma_write_init
                0x0000000008027da0                tse_mac_raw_send
                0x0000000008027f74                tse_msgdmaRx_isr
                0x000000000802810c                tse_msgdmaTx_isr
                0x000000000802816c                tse_msgdma_read_init
                0x0000000008028424                allocate_rx_descriptor_chain
                0x000000000802855c                tse_mac_rcv
                0x00000000080286a8                tse_mac_stats
                0x00000000080286e8                tse_mac_close
 .text          0x00000000080287c4       0x48 ../MOD_socket_server_bsp//libucosii_bsp.a(alt_iniche_close.o)
                0x00000000080287c4                close
 .text          0x000000000802880c      0x140 ../MOD_socket_server_bsp//libucosii_bsp.a(alt_iniche_dev.o)
                0x000000000802880c                iniche_devices_init
 .text          0x000000000802894c       0x70 ../MOD_socket_server_bsp//libucosii_bsp.a(alt_iniche_read.o)
                0x000000000802894c                read
 .text          0x00000000080289bc       0x68 ../MOD_socket_server_bsp//libucosii_bsp.a(alt_iniche_write.o)
                0x00000000080289bc                write
 .text          0x0000000008028a24      0xca4 ../MOD_socket_server_bsp//libucosii_bsp.a(ipnet.o)
                0x0000000008028a24                Netinit
                0x0000000008028ef4                fixup_subnet_mask
                0x0000000008029024                netclose
                0x0000000008029108                pktdemux
                0x00000000080294ac                c_older
                0x000000000802953c                ip2mac
 .text          0x00000000080296c8      0x400 ../MOD_socket_server_bsp//libucosii_bsp.a(ipstart.o)
                0x00000000080296c8                ip_startup
                0x000000000802992c                exit_hook
                0x0000000008029994                ip_exit
                0x0000000008029a48                if_netnumber
 .text          0x0000000008029ac8      0xe94 ../MOD_socket_server_bsp//libucosii_bsp.a(igmp_cmn.o)
                0x0000000008029ac8                igmp_init
                0x0000000008029b68                igmp_input
                0x0000000008029c38                igmp_fasttimo
                0x0000000008029da8                igmp_send